Component: ARM Compiler 5.06 update 4 (build 422) Tool: armlink [4d35d2]

==============================================================================

Section Cross References

    main.o(i.ADC_Config) refers to stm32l4xx_hal_adc.o(i.HAL_ADC_DeInit) for HAL_ADC_DeInit
    main.o(i.ADC_Config) refers to main.o(i.Error_Handler) for Error_Handler
    main.o(i.ADC_Config) refers to stm32l4xx_hal_adc.o(i.HAL_ADC_Init) for HAL_ADC_Init
    main.o(i.ADC_Config) refers to stm32l4xx_hal_adc_ex.o(i.HAL_ADCEx_Calibration_Start) for HAL_ADCEx_Calibration_Start
    main.o(i.ADC_Config) refers to stm32l4xx_hal_adc.o(i.HAL_ADC_ConfigChannel) for HAL_ADC_ConfigChannel
    main.o(i.ADC_Config) refers to stm32l4xx_hal_adc.o(i.HAL_ADC_Start_DMA) for HAL_ADC_Start_DMA
    main.o(i.ADC_Config) refers to stm32l476g_discovery_glass_lcd.o(i.BSP_LCD_GLASS_DisplayString) for BSP_LCD_GLASS_DisplayString
    main.o(i.ADC_Config) refers to main.o(.bss) for .bss
    main.o(i.ADC_Config) refers to main.o(.data) for .data
    main.o(i.ADCtoDegC) refers to dfltui.o(.text) for __aeabi_ui2d
    main.o(i.ADCtoDegC) refers to dmul.o(.text) for __aeabi_dmul
    main.o(i.Error_Handler) refers to stm32l476g_discovery.o(i.BSP_LED_On) for BSP_LED_On
    main.o(i.HAL_GPIO_EXTI_Callback) refers to main.o(.data) for .data
    main.o(i.HAL_TIM_OC_DelayElapsedCallback) refers to stm32l476g_discovery.o(i.BSP_LED_Toggle) for BSP_LED_Toggle
    main.o(i.HAL_TIM_OC_DelayElapsedCallback) refers to stm32l4xx_hal_adc.o(i.HAL_ADC_Start_DMA) for HAL_ADC_Start_DMA
    main.o(i.HAL_TIM_OC_DelayElapsedCallback) refers to main.o(.data) for .data
    main.o(i.HAL_TIM_OC_DelayElapsedCallback) refers to main.o(.bss) for .bss
    main.o(i.SystemClock_Config) refers to memseta.o(.text) for __aeabi_memclr4
    main.o(i.SystemClock_Config) refers to stm32l4xx_hal_rcc.o(i.HAL_RCC_OscConfig) for HAL_RCC_OscConfig
    main.o(i.SystemClock_Config) refers to stm32l4xx_hal_rcc.o(i.HAL_RCC_ClockConfig) for HAL_RCC_ClockConfig
    main.o(i.SystemClock_Config) refers to stm32l4xx_hal_pwr_ex.o(i.HAL_PWREx_ControlVoltageScaling) for HAL_PWREx_ControlVoltageScaling
    main.o(i.TIM3_Config) refers to system_stm32l4xx.o(.data) for SystemCoreClock
    main.o(i.TIM3_Config) refers to main.o(.data) for .data
    main.o(i.TIM3_Config) refers to main.o(.bss) for .bss
    main.o(i.TIM3_OC_Config) refers to stm32l4xx_hal_tim.o(i.HAL_TIM_OC_Init) for HAL_TIM_OC_Init
    main.o(i.TIM3_OC_Config) refers to stm32l4xx_hal_tim.o(i.HAL_TIM_OC_ConfigChannel) for HAL_TIM_OC_ConfigChannel
    main.o(i.TIM3_OC_Config) refers to stm32l4xx_hal_tim.o(i.HAL_TIM_OC_Start_IT) for HAL_TIM_OC_Start_IT
    main.o(i.TIM3_OC_Config) refers to main.o(.bss) for .bss
    main.o(i.TIM3_OC_Config) refers to main.o(.data) for .data
    main.o(i.displaySetPoint) refers to printfa.o(i.__0sprintf) for __2sprintf
    main.o(i.displaySetPoint) refers to stm32l476g_discovery_glass_lcd.o(i.BSP_LCD_GLASS_Clear) for BSP_LCD_GLASS_Clear
    main.o(i.displaySetPoint) refers to stm32l476g_discovery_glass_lcd.o(i.BSP_LCD_GLASS_DisplayString) for BSP_LCD_GLASS_DisplayString
    main.o(i.displaySetPoint) refers to main.o(.data) for .data
    main.o(i.displayTempString) refers to main.o(i.ADCtoDegC) for ADCtoDegC
    main.o(i.displayTempString) refers to printfa.o(i.__0sprintf) for __2sprintf
    main.o(i.displayTempString) refers to stm32l476g_discovery_glass_lcd.o(i.BSP_LCD_GLASS_DisplayString) for BSP_LCD_GLASS_DisplayString
    main.o(i.displayTempString) refers to main.o(.data) for .data
    main.o(i.main) refers to stm32l4xx_hal.o(i.HAL_Init) for HAL_Init
    main.o(i.main) refers to main.o(i.SystemClock_Config) for SystemClock_Config
    main.o(i.main) refers to stm32l4xx_hal.o(i.HAL_InitTick) for HAL_InitTick
    main.o(i.main) refers to stm32l476g_discovery.o(i.BSP_LED_Init) for BSP_LED_Init
    main.o(i.main) refers to stm32l476g_discovery_glass_lcd.o(i.BSP_LCD_GLASS_Init) for BSP_LCD_GLASS_Init
    main.o(i.main) refers to stm32l476g_discovery.o(i.BSP_JOY_Init) for BSP_JOY_Init
    main.o(i.main) refers to main.o(i.ADC_Config) for ADC_Config
    main.o(i.main) refers to main.o(i.TIM3_Config) for TIM3_Config
    main.o(i.main) refers to main.o(i.TIM3_OC_Config) for TIM3_OC_Config
    main.o(i.main) refers to dadd.o(.text) for __aeabi_dadd
    main.o(i.main) refers to main.o(i.displaySetPoint) for displaySetPoint
    main.o(i.main) refers to main.o(i.displayTempString) for displayTempString
    main.o(i.main) refers to main.o(.data) for .data
    stm32l4xx_hal_msp.o(i.HAL_ADC_MspInit) refers to stm32l4xx_hal_gpio.o(i.HAL_GPIO_Init) for HAL_GPIO_Init
    stm32l4xx_hal_msp.o(i.HAL_ADC_MspInit) refers to stm32l4xx_hal_dma.o(i.HAL_DMA_DeInit) for HAL_DMA_DeInit
    stm32l4xx_hal_msp.o(i.HAL_ADC_MspInit) refers to stm32l4xx_hal_dma.o(i.HAL_DMA_Init) for HAL_DMA_Init
[...]
    Removing stm32l4xx_hal_tim_ex.o(i.HAL_TIMEx_PWMN_Stop), (68 bytes).
    Removing stm32l4xx_hal_tim_ex.o(i.HAL_TIMEx_PWMN_Stop_DMA), (124 bytes).
    Removing stm32l4xx_hal_tim_ex.o(i.HAL_TIMEx_PWMN_Stop_IT), (134 bytes).
    Removing stm32l4xx_hal_tim_ex.o(i.HAL_TIMEx_RemapConfig), (100 bytes).
    Removing stm32l4xx_hal_tim_ex.o(i.TIMEx_DMACommutationCplt), (16 bytes).
    Removing stm32l4xx_hal_tim_ex.o(i.TIM_CCxNChannelCmd), (22 bytes).
    Removing stm32l4xx_hal_dma.o(.rev16_text), (4 bytes).
    Removing stm32l4xx_hal_dma.o(.revsh_text), (4 bytes).
    Removing stm32l4xx_hal_dma.o(.rrx_text), (6 bytes).
    Removing stm32l4xx_hal_dma.o(i.HAL_DMA_Abort), (68 bytes).
    Removing stm32l4xx_hal_dma.o(i.HAL_DMA_Abort_IT), (74 bytes).
    Removing stm32l4xx_hal_dma.o(i.HAL_DMA_GetError), (4 bytes).
    Removing stm32l4xx_hal_dma.o(i.HAL_DMA_GetState), (6 bytes).
    Removing stm32l4xx_hal_dma.o(i.HAL_DMA_PollForTransfer), (212 bytes).
    Removing stm32l4xx_hal_dma.o(i.HAL_DMA_RegisterCallback), (74 bytes).
    Removing stm32l4xx_hal_dma.o(i.HAL_DMA_Start), (80 bytes).
    Removing stm32l4xx_hal_dma.o(i.HAL_DMA_UnRegisterCallback), (82 bytes).
    Removing stm32l4xx_hal_i2c.o(.rev16_text), (4 bytes).
    Removing stm32l4xx_hal_i2c.o(.revsh_text), (4 bytes).
    Removing stm32l4xx_hal_i2c.o(.rrx_text), (6 bytes).
    Removing stm32l4xx_hal_i2c_ex.o(.rev16_text), (4 bytes).
    Removing stm32l4xx_hal_i2c_ex.o(.revsh_text), (4 bytes).
    Removing stm32l4xx_hal_i2c_ex.o(.rrx_text), (6 bytes).
    Removing stm32l4xx_hal_adc.o(.rev16_text), (4 bytes).
    Removing stm32l4xx_hal_adc.o(.revsh_text), (4 bytes).
    Removing stm32l4xx_hal_adc.o(.rrx_text), (6 bytes).
    Removing stm32l4xx_hal_adc.o(i.HAL_ADC_AnalogWDGConfig), (384 bytes).
    Removing stm32l4xx_hal_adc.o(i.HAL_ADC_ConvCpltCallback), (2 bytes).
    Removing stm32l4xx_hal_adc.o(i.HAL_ADC_GetError), (4 bytes).
    Removing stm32l4xx_hal_adc.o(i.HAL_ADC_GetState), (4 bytes).
    Removing stm32l4xx_hal_adc.o(i.HAL_ADC_GetValue), (6 bytes).
    Removing stm32l4xx_hal_adc.o(i.HAL_ADC_MspDeInit), (2 bytes).
    Removing stm32l4xx_hal_adc.o(i.HAL_ADC_MspInit), (2 bytes).
    Removing stm32l4xx_hal_adc.o(i.HAL_ADC_PollForConversion), (312 bytes).
    Removing stm32l4xx_hal_adc.o(i.HAL_ADC_PollForEvent), (190 bytes).
    Removing stm32l4xx_hal_adc.o(i.HAL_ADC_Start), (232 bytes).
    Removing stm32l4xx_hal_adc.o(i.HAL_ADC_Start_IT), (364 bytes).
    Removing stm32l4xx_hal_adc.o(i.HAL_ADC_Stop), (62 bytes).
    Removing stm32l4xx_hal_adc.o(i.HAL_ADC_Stop_DMA), (116 bytes).
    Removing stm32l4xx_hal_adc.o(i.HAL_ADC_Stop_IT), (72 bytes).
    Removing stm32l4xx_hal_adc_ex.o(.rev16_text), (4 bytes).
    Removing stm32l4xx_hal_adc_ex.o(.revsh_text), (4 bytes).
    Removing stm32l4xx_hal_adc_ex.o(.rrx_text), (6 bytes).
    Removing stm32l4xx_hal_adc_ex.o(i.HAL_ADCEx_Calibration_GetValue), (34 bytes).
    Removing stm32l4xx_hal_adc_ex.o(i.HAL_ADCEx_Calibration_SetValue), (128 bytes).
    Removing stm32l4xx_hal_adc_ex.o(i.HAL_ADCEx_DisableInjectedQueue), (26 bytes).
    Removing stm32l4xx_hal_adc_ex.o(i.HAL_ADCEx_DisableVoltageRegulator), (34 bytes).
    Removing stm32l4xx_hal_adc_ex.o(i.HAL_ADCEx_EnableInjectedQueue), (34 bytes).
    Removing stm32l4xx_hal_adc_ex.o(i.HAL_ADCEx_EnterADCDeepPowerDownMode), (34 bytes).
    Removing stm32l4xx_hal_adc_ex.o(i.HAL_ADCEx_InjectedConfigChannel), (1316 bytes).
    Removing stm32l4xx_hal_adc_ex.o(i.HAL_ADCEx_InjectedGetValue), (38 bytes).
    Removing stm32l4xx_hal_adc_ex.o(i.HAL_ADCEx_InjectedPollForConversion), (292 bytes).
    Removing stm32l4xx_hal_adc_ex.o(i.HAL_ADCEx_InjectedStart), (224 bytes).
    Removing stm32l4xx_hal_adc_ex.o(i.HAL_ADCEx_InjectedStart_IT), (284 bytes).
    Removing stm32l4xx_hal_adc_ex.o(i.HAL_ADCEx_InjectedStop), (78 bytes).
    Removing stm32l4xx_hal_adc_ex.o(i.HAL_ADCEx_InjectedStop_IT), (88 bytes).
    Removing stm32l4xx_hal_adc_ex.o(i.HAL_ADCEx_MultiModeConfigChannel), (252 bytes).
    Removing stm32l4xx_hal_adc_ex.o(i.HAL_ADCEx_MultiModeGetValue), (12 bytes).
    Removing stm32l4xx_hal_adc_ex.o(i.HAL_ADCEx_MultiModeStart_DMA), (204 bytes).
    Removing stm32l4xx_hal_adc_ex.o(i.HAL_ADCEx_MultiModeStop_DMA), (200 bytes).
    Removing stm32l4xx_hal_adc_ex.o(i.HAL_ADCEx_RegularMultiModeStop_DMA), (212 bytes).
    Removing stm32l4xx_hal_adc_ex.o(i.HAL_ADCEx_RegularStop), (86 bytes).
    Removing stm32l4xx_hal_adc_ex.o(i.HAL_ADCEx_RegularStop_DMA), (138 bytes).
    Removing stm32l4xx_hal_adc_ex.o(i.HAL_ADCEx_RegularStop_IT), (96 bytes).
    Removing buttons_stm32l476g-eval.o(.rev16_text), (4 bytes).
    Removing buttons_stm32l476g-eval.o(.revsh_text), (4 bytes).
    Removing buttons_stm32l476g-eval.o(.rrx_text), (6 bytes).
    Removing buttons_stm32l476g-eval.o(i.Buttons_GetCount), (4 bytes).
    Removing buttons_stm32l476g-eval.o(i.Buttons_GetState), (20 bytes).
    Removing buttons_stm32l476g-eval.o(i.Buttons_Initialize), (64 bytes).
    Removing buttons_stm32l476g-eval.o(i.Buttons_Uninitialize), (20 bytes).
    Removing led_stm32l476g-eval.o(.rev16_text), (4 bytes).
    Removing led_stm32l476g-eval.o(.revsh_text), (4 bytes).
    Removing led_stm32l476g-eval.o(.rrx_text), (6 bytes).
    Removing led_stm32l476g-eval.o(i.LED_GetCount), (4 bytes).
    Removing led_stm32l476g-eval.o(i.LED_Initialize), (80 bytes).
    Removing led_stm32l476g-eval.o(i.LED_Off), (28 bytes).
    Removing led_stm32l476g-eval.o(i.LED_On), (28 bytes).
    Removing led_stm32l476g-eval.o(i.LED_SetOut), (26 bytes).
    Removing led_stm32l476g-eval.o(i.LED_Uninitialize), (4 bytes).
    Removing led_stm32l476g-eval.o(.constdata), (4 bytes).
    Removing startup_stm32l476xx.o(HEAP), (512 bytes).
    Removing system_stm32l4xx.o(.rev16_text), (4 bytes).
    Removing system_stm32l4xx.o(.revsh_text), (4 bytes).
    Removing system_stm32l4xx.o(.rrx_text), (6 bytes).
    Removing system_stm32l4xx.o(i.SystemCoreClockUpdate), (168 bytes).
    Removing system_stm32l4xx.o(.constdata), (8 bytes).

405 unused section(s) (total 25891 bytes) removed from the image.

==============================================================================

Image Symbol Table

    Local Symbols

    Symbol Name                              Value     Ov Type        Size  Object(Section)

    ../clib/microlib/division.c              0x00000000   Number         0  uldiv.o ABSOLUTE
    ../clib/microlib/division.c              0x00000000   Number         0  uidiv.o ABSOLUTE
    ../clib/microlib/init/entry.s            0x00000000   Number         0  entry8b.o ABSOLUTE
    ../clib/microlib/init/entry.s            0x00000000   Number         0  entry7b.o ABSOLUTE
    ../clib/microlib/init/entry.s            0x00000000   Number         0  entry7a.o ABSOLUTE
    ../clib/microlib/init/entry.s            0x00000000   Number         0  entry5.o ABSOLUTE
    ../clib/microlib/init/entry.s            0x00000000   Number         0  entry2.o ABSOLUTE
    ../clib/microlib/init/entry.s            0x00000000   Number         0  entry9a.o ABSOLUTE
    ../clib/microlib/init/entry.s            0x00000000   Number         0  entry10a.o ABSOLUTE
    ../clib/microlib/init/entry.s            0x00000000   Number         0  entry9b.o ABSOLUTE
    ../clib/microlib/init/entry.s            0x00000000   Number         0  entry10b.o ABSOLUTE
    ../clib/microlib/init/entry.s            0x00000000   Number         0  entry11a.o ABSOLUTE
    ../clib/microlib/init/entry.s            0x00000000   Number         0  entry.o ABSOLUTE
    ../clib/microlib/init/entry.s            0x00000000   Number         0  entry8a.o ABSOLUTE
    ../clib/microlib/init/entry.s            0x00000000   Number         0  entry11b.o ABSOLUTE
    ../clib/microlib/longlong.c              0x00000000   Number         0  llshl.o ABSOLUTE
    ../clib/microlib/longlong.c              0x00000000   Number         0  llsshr.o ABSOLUTE
    ../clib/microlib/longlong.c              0x00000000   Number         0  llushr.o ABSOLUTE
    ../clib/microlib/printf/printf.c         0x00000000   Number         0  printf7.o ABSOLUTE
    ../clib/microlib/printf/printf.c         0x00000000   Number         0  printf0.o ABSOLUTE
    ../clib/microlib/printf/printf.c         0x00000000   Number         0  printf4.o ABSOLUTE
    ../clib/microlib/printf/printf.c         0x00000000   Number         0  printf1.o ABSOLUTE
    ../clib/microlib/printf/printf.c         0x00000000   Number         0  printfa.o ABSOLUTE
    ../clib/microlib/printf/printf.c         0x00000000   Number         0  printf2.o ABSOLUTE
    ../clib/microlib/printf/printf.c         0x00000000   Number         0  printf6.o ABSOLUTE
    ../clib/microlib/printf/printf.c         0x00000000   Number         0  printf3.o ABSOLUTE
    ../clib/microlib/printf/printf.c         0x00000000   Number         0  printf5.o ABSOLUTE
    ../clib/microlib/printf/printf.c         0x00000000   Number         0  printfb.o ABSOLUTE
    ../clib/microlib/printf/printf.c         0x00000000   Number         0  printf8.o ABSOLUTE
    ../clib/microlib/printf/stubs.s          0x00000000   Number         0  stubs.o ABSOLUTE
    ../clib/microlib/stdio/fputc.c           0x00000000   Number         0  fputc.o ABSOLUTE
    ../clib/microlib/stdio/semi.s            0x00000000   Number         0  semi.o ABSOLUTE
    ../clib/microlib/stdio/streams.c         0x00000000   Number         0  stdout.o ABSOLUTE
    ../clib/microlib/string/memset.c         0x00000000   Number         0  memseta.o ABSOLUTE
    ../clib/microlib/stubs.s                 0x00000000   Number         0  iusefp.o ABSOLUTE
    ../clib/microlib/stubs.s                 0x00000000   Number         0  iusesemip.o ABSOLUTE
    ../fplib/microlib/fpadd.c                0x00000000   Number         0  dadd.o ABSOLUTE
    ../fplib/microlib/fpdiv.c                0x00000000   Number         0  ddiv.o ABSOLUTE
    ../fplib/microlib/fpepilogue.c           0x00000000   Number         0  depilogue.o ABSOLUTE
    ../fplib/microlib/fpfix.c                0x00000000   Number         0  dfixul.o ABSOLUTE
    ../fplib/microlib/fpflt.c                0x00000000   Number         0  dfltui.o ABSOLUTE
    ../fplib/microlib/fpmul.c                0x00000000   Number         0  dmul.o ABSOLUTE
    ..\STM32Cube_FW_L4_V1.8.0\Drivers\BSP\STM32L476G-Discovery\stm32l476g_discovery.c 0x00000000   Number         0  stm32l476g_discovery.o ABSOLUTE
    ..\STM32Cube_FW_L4_V1.8.0\Drivers\BSP\STM32L476G-Discovery\stm32l476g_discovery_glass_lcd.c 0x00000000   Number         0  stm32l476g_discovery_glass_lcd.o ABSOLUTE
    ..\STM32Cube_FW_L4_V1.8.0\Drivers\STM32L4xx_HAL_Driver\Src\stm32l4xx_hal.c 0x00000000   Number         0  stm32l4xx_hal.o ABSOLUTE
    ..\STM32Cube_FW_L4_V1.8.0\Drivers\STM32L4xx_HAL_Driver\Src\stm32l4xx_hal_adc.c 0x00000000   Number         0  stm32l4xx_hal_adc.o ABSOLUTE
    ..\STM32Cube_FW_L4_V1.8.0\Drivers\STM32L4xx_HAL_Driver\Src\stm32l4xx_hal_adc_ex.c 0x00000000   Number         0  stm32l4xx_hal_adc_ex.o ABSOLUTE
    ..\STM32Cube_FW_L4_V1.8.0\Drivers\STM32L4xx_HAL_Driver\Src\stm32l4xx_hal_cortex.c 0x00000000   Number         0  stm32l4xx_hal_cortex.o ABSOLUTE
    ..\STM32Cube_FW_L4_V1.8.0\Drivers\STM32L4xx_HAL_Driver\Src\stm32l4xx_hal_dma.c 0x00000000   Number         0  stm32l4xx_hal_dma.o ABSOLUTE
    ..\STM32Cube_FW_L4_V1.8.0\Drivers\STM32L4xx_HAL_Driver\Src\stm32l4xx_hal_gpio.c 0x00000000   Number         0  stm32l4xx_hal_gpio.o ABSOLUTE
    ..\STM32Cube_FW_L4_V1.8.0\Drivers\STM32L4xx_HAL_Driver\Src\stm32l4xx_hal_i2c.c 0x00000000   Number         0  stm32l4xx_hal_i2c.o ABSOLUTE
    ..\STM32Cube_FW_L4_V1.8.0\Drivers\STM32L4xx_HAL_Driver\Src\stm32l4xx_hal_i2c_ex.c 0x00000000   Number         0  stm32l4xx_hal_i2c_ex.o ABSOLUTE
    ..\STM32Cube_FW_L4_V1.8.0\Drivers\STM32L4xx_HAL_Driver\Src\stm32l4xx_hal_lcd.c 0x00000000   Number         0  stm32l4xx_hal_lcd.o ABSOLUTE
    ..\STM32Cube_FW_L4_V1.8.0\Drivers\STM32L4xx_HAL_Driver\Src\stm32l4xx_hal_pwr.c 0x00000000   Number         0  stm32l4xx_hal_pwr.o ABSOLUTE
    ..\STM32Cube_FW_L4_V1.8.0\Drivers\STM32L4xx_HAL_Driver\Src\stm32l4xx_hal_pwr_ex.c 0x00000000   Number         0  stm32l4xx_hal_pwr_ex.o ABSOLUTE
    ..\STM32Cube_FW_L4_V1.8.0\Drivers\STM32L4xx_HAL_Driver\Src\stm32l4xx_hal_rcc.c 0x00000000   Number         0  stm32l4xx_hal_rcc.o ABSOLUTE
    ..\STM32Cube_FW_L4_V1.8.0\Drivers\STM32L4xx_HAL_Driver\Src\stm32l4xx_hal_rcc_ex.c 0x00000000   Number         0  stm32l4xx_hal_rcc_ex.o ABSOLUTE
    ..\STM32Cube_FW_L4_V1.8.0\Drivers\STM32L4xx_HAL_Driver\Src\stm32l4xx_hal_tim.c 0x00000000   Number         0  stm32l4xx_hal_tim.o ABSOLUTE
    ..\STM32Cube_FW_L4_V1.8.0\Drivers\STM32L4xx_HAL_Driver\Src\stm32l4xx_hal_tim_ex.c 0x00000000   Number         0  stm32l4xx_hal_tim_ex.o ABSOLUTE
    ..\\STM32Cube_FW_L4_V1.8.0\\Drivers\\BSP\\STM32L476G-Discovery\\stm32l476g_discovery.c 0x00000000   Number         0  stm32l476g_discovery.o ABSOLUTE
    ..\\STM32Cube_FW_L4_V1.8.0\\Drivers\\BSP\\STM32L476G-Discovery\\stm32l476g_discovery_glass_lcd.c 0x00000000   Number         0  stm32l476g_discovery_glass_lcd.o ABSOLUTE
    ..\\STM32Cube_FW_L4_V1.8.0\\Drivers\\STM32L4xx_HAL_Driver\\Src\\stm32l4xx_hal.c 0x00000000   Number         0  stm32l4xx_hal.o ABSOLUTE
    ..\\STM32Cube_FW_L4_V1.8.0\\Drivers\\STM32L4xx_HAL_Driver\\Src\\stm32l4xx_hal_adc.c 0x00000000   Number         0  stm32l4xx_hal_adc.o ABSOLUTE
    ..\\STM32Cube_FW_L4_V1.8.0\\Drivers\\STM32L4xx_HAL_Driver\\Src\\stm32l4xx_hal_adc_ex.c 0x00000000   Number         0  stm32l4xx_hal_adc_ex.o ABSOLUTE
    ..\\STM32Cube_FW_L4_V1.8.0\\Drivers\\STM32L4xx_HAL_Driver\\Src\\stm32l4xx_hal_cortex.c 0x00000000   Number         0  stm32l4xx_hal_cortex.o ABSOLUTE
    ..\\STM32Cube_FW_L4_V1.8.0\\Drivers\\STM32L4xx_HAL_Driver\\Src\\stm32l4xx_hal_dma.c 0x00000000   Number         0  stm32l4xx_hal_dma.o ABSOLUTE
    ..\\STM32Cube_FW_L4_V1.8.0\\Drivers\\STM32L4xx_HAL_Driver\\Src\\stm32l4xx_hal_gpio.c 0x00000000   Number         0  stm32l4xx_hal_gpio.o ABSOLUTE
    ..\\STM32Cube_FW_L4_V1.8.0\\Drivers\\STM32L4xx_HAL_Driver\\Src\\stm32l4xx_hal_i2c.c 0x00000000   Number         0  stm32l4xx_hal_i2c.o ABSOLUTE
    ..\\STM32Cube_FW_L4_V1.8.0\\Drivers\\STM32L4xx_HAL_Driver\\Src\\stm32l4xx_hal_i2c_ex.c 0x00000000   Number         0  stm32l4xx_hal_i2c_ex.o ABSOLUTE
    ..\\STM32Cube_FW_L4_V1.8.0\\Drivers\\STM32L4xx_HAL_Driver\\Src\\stm32l4xx_hal_lcd.c 0x00000000   Number         0  stm32l4xx_hal_lcd.o ABSOLUTE
    ..\\STM32Cube_FW_L4_V1.8.0\\Drivers\\STM32L4xx_HAL_Driver\\Src\\stm32l4xx_hal_pwr.c 0x00000000   Number         0  stm32l4xx_hal_pwr.o ABSOLUTE
    ..\\STM32Cube_FW_L4_V1.8.0\\Drivers\\STM32L4xx_HAL_Driver\\Src\\stm32l4xx_hal_pwr_ex.c 0x00000000   Number         0  stm32l4xx_hal_pwr_ex.o ABSOLUTE
    ..\\STM32Cube_FW_L4_V1.8.0\\Drivers\\STM32L4xx_HAL_Driver\\Src\\stm32l4xx_hal_rcc.c 0x00000000   Number         0  stm32l4xx_hal_rcc.o ABSOLUTE
    ..\\STM32Cube_FW_L4_V1.8.0\\Drivers\\STM32L4xx_HAL_Driver\\Src\\stm32l4xx_hal_rcc_ex.c 0x00000000   Number         0  stm32l4xx_hal_rcc_ex.o ABSOLUTE
    ..\\STM32Cube_FW_L4_V1.8.0\\Drivers\\STM32L4xx_HAL_Driver\\Src\\stm32l4xx_hal_tim.c 0x00000000   Number         0  stm32l4xx_hal_tim.o ABSOLUTE
    ..\\STM32Cube_FW_L4_V1.8.0\\Drivers\\STM32L4xx_HAL_Driver\\Src\\stm32l4xx_hal_tim_ex.c 0x00000000   Number         0  stm32l4xx_hal_tim_ex.o ABSOLUTE
    C:\Keil_v5\ARM\PACK\Keil\STM32L4xx_DFP\1.4.0\Boards\ST\STM32L476G-EVAL\Common\Buttons_STM32L476G-EVAL.c 0x00000000   Number         0  buttons_stm32l476g-eval.o ABSOLUTE
    C:\Keil_v5\ARM\PACK\Keil\STM32L4xx_DFP\1.4.0\Boards\ST\STM32L476G-EVAL\Common\LED_STM32L476G-EVAL.c 0x00000000   Number         0  led_stm32l476g-eval.o ABSOLUTE
    C:\\Keil_v5\\ARM\\PACK\\Keil\\STM32L4xx_DFP\\1.4.0\\Boards\\ST\\STM32L476G-EVAL\\Common\\Buttons_STM32L476G-EVAL.c 0x00000000   Number         0  buttons_stm32l476g-eval.o ABSOLUTE
    C:\\Keil_v5\\ARM\\PACK\\Keil\\STM32L4xx_DFP\\1.4.0\\Boards\\ST\\STM32L476G-EVAL\\Common\\LED_STM32L476G-EVAL.c 0x00000000   Number         0  led_stm32l476g-eval.o ABSOLUTE
    RTE\Device\STM32L476VGTx\startup_stm32l476xx.s 0x00000000   Number         0  startup_stm32l476xx.o ABSOLUTE
    RTE\Device\STM32L476VGTx\system_stm32l4xx.c 0x00000000   Number         0  system_stm32l4xx.o ABSOLUTE
    RTE\\Device\\STM32L476VGTx\\system_stm32l4xx.c 0x00000000   Number         0  system_stm32l4xx.o ABSOLUTE
    cdrcmple.s                               0x00000000   Number         0  cdrcmple.o ABSOLUTE
    dc.s                                     0x00000000   Number         0  dc.o ABSOLUTE
    handlers.s                               0x00000000   Number         0  handlers.o ABSOLUTE
    init.s                                   0x00000000   Number         0  init.o ABSOLUTE
    src\\main.c                              0x00000000   Number         0  main.o ABSOLUTE
    src\\stm32l4xx_hal_msp.c                 0x00000000   Number         0  stm32l4xx_hal_msp.o ABSOLUTE
    src\\stm32l4xx_it.c                      0x00000000   Number         0  stm32l4xx_it.o ABSOLUTE
    src\main.c                               0x00000000   Number         0  main.o ABSOLUTE
    src\stm32l4xx_hal_msp.c                  0x00000000   Number         0  stm32l4xx_hal_msp.o ABSOLUTE
    src\stm32l4xx_it.c                       0x00000000   Number         0  stm32l4xx_it.o ABSOLUTE
    RESET                                    0x08000000   Section      392  startup_stm32l476xx.o(RESET)
    .ARM.Collect$$$$00000000                 0x08000188   Section        0  entry.o(.ARM.Collect$$$$00000000)
    .ARM.Collect$$$$00000001                 0x08000188   Section        4  entry2.o(.ARM.Collect$$$$00000001)
    .ARM.Collect$$$$00000004                 0x0800018c   Section        4  entry5.o(.ARM.Collect$$$$00000004)
    .ARM.Collect$$$$00000008                 0x08000190   Section        0  entry7b.o(.ARM.Collect$$$$00000008)
    .ARM.Collect$$$$0000000A                 0x08000190   Section        0  entry8b.o(.ARM.Collect$$$$0000000A)
    .ARM.Collect$$$$0000000B                 0x08000190   Section        8  entry9a.o(.ARM.Collect$$$$0000000B)
    .ARM.Collect$$$$0000000D                 0x08000198   Section        0  entry10a.o(.ARM.Collect$$$$0000000D)
    .ARM.Collect$$$$0000000F                 0x08000198   Section        0  entry11a.o(.ARM.Collect$$$$0000000F)
    .ARM.Collect$$$$00002712                 0x08000198   Section        4  entry2.o(.ARM.Collect$$$$00002712)
    __lit__00000000                          0x08000198   Data           4  entry2.o(.ARM.Collect$$$$00002712)
    .text                                    0x0800019c   Section       36  startup_stm32l476xx.o(.text)
    $v0                                      0x0800019c   Number         0  startup_stm32l476xx.o(.text)
    .text                                    0x080001c0   Section        0  memseta.o(.text)
    .text                                    0x080001e4   Section        0  dadd.o(.text)
    .text                                    0x08000342   Section        0  dmul.o(.text)
    .text                                    0x0800042c   Section        0  dfltui.o(.text)
    .text                                    0x08000446   Section        0  uidiv.o(.text)
    .text                                    0x08000472   Section        0  uldiv.o(.text)
    .text                                    0x080004da   Section        0  llshl.o(.text)
    .text                                    0x080004f8   Section        0  llsshr.o(.text)
    .text                                    0x0800051c   Section        0  depilogue.o(.text)
    .text                                    0x0800051c   Section        0  iusefp.o(.text)
    .text                                    0x080005d6   Section        0  ddiv.o(.text)
    .text                                    0x080006b4   Section        0  dfixul.o(.text)
    .text                                    0x080006e4   Section       48  cdrcmple.o(.text)
    .text                                    0x08000714   Section       36  init.o(.text)
    .text                                    0x08000738   Section        0  llushr.o(.text)
    i.ADC1_2_IRQHandler                      0x08000758   Section        0  stm32l4xx_it.o(i.ADC1_2_IRQHandler)
    i.ADC_Config                             0x08000764   Section        0  main.o(i.ADC_Config)
    i.ADC_ConversionStop                     0x0800081c   Section        0  stm32l4xx_hal_adc.o(i.ADC_ConversionStop)
    i.ADC_DMAConvCplt                        0x080008d8   Section        0  stm32l4xx_hal_adc.o(i.ADC_DMAConvCplt)
    i.ADC_DMAError                           0x08000930   Section        0  stm32l4xx_hal_adc.o(i.ADC_DMAError)
    i.ADC_DMAHalfConvCplt                    0x0800094a   Section        0  stm32l4xx_hal_adc.o(i.ADC_DMAHalfConvCplt)
    i.ADC_Disable                            0x08000954   Section        0  stm32l4xx_hal_adc.o(i.ADC_Disable)
    i.ADC_Enable                             0x080009b8   Section        0  stm32l4xx_hal_adc.o(i.ADC_Enable)
    i.ADCtoDegC                              0x08000a20   Section        0  main.o(i.ADCtoDegC)
    i.BSP_JOY_Init                           0x08000a40   Section        0  stm32l476g_discovery.o(i.BSP_JOY_Init)
    i.BSP_LCD_GLASS_Clear                    0x08000af8   Section        0  stm32l476g_discovery_glass_lcd.o(i.BSP_LCD_GLASS_Clear)
    i.BSP_LCD_GLASS_DisplayString            0x08000b04   Section        0  stm32l476g_discovery_glass_lcd.o(i.BSP_LCD_GLASS_DisplayString)
    i.BSP_LCD_GLASS_Init                     0x08000b34   Section        0  stm32l476g_discovery_glass_lcd.o(i.BSP_LCD_GLASS_Init)
    i.BSP_LED_Init                           0x08000b80   Section        0  stm32l476g_discovery.o(i.BSP_LED_Init)
    i.BSP_LED_On                             0x08000bf0   Section        0  stm32l476g_discovery.o(i.BSP_LED_On)
    i.BSP_LED_Toggle                         0x08000c0c   Section        0  stm32l476g_discovery.o(i.BSP_LED_Toggle)
    i.BusFault_Handler                       0x08000c24   Section        0  stm32l4xx_it.o(i.BusFault_Handler)
    i.Convert                                0x08000c28   Section        0  stm32l476g_discovery_glass_lcd.o(i.Convert)
    Convert                                  0x08000c29   Thumb Code   254  stm32l476g_discovery_glass_lcd.o(i.Convert)
    i.DMA1_Channel1_IRQHandler               0x08000d30   Section        0  stm32l4xx_it.o(i.DMA1_Channel1_IRQHandler)
    i.DMA_SetConfig                          0x08000d3c   Section        0  stm32l4xx_hal_dma.o(i.DMA_SetConfig)
    DMA_SetConfig                            0x08000d3d   Thumb Code    42  stm32l4xx_hal_dma.o(i.DMA_SetConfig)
    i.DebugMon_Handler                       0x08000d66   Section        0  stm32l4xx_it.o(i.DebugMon_Handler)
    i.EXTI0_IRQHandler                       0x08000d68   Section        0  stm32l4xx_it.o(i.EXTI0_IRQHandler)
    i.EXTI1_IRQHandler                       0x08000d6e   Section        0  stm32l4xx_it.o(i.EXTI1_IRQHandler)
    i.EXTI2_IRQHandler                       0x08000d74   Section        0  stm32l4xx_it.o(i.EXTI2_IRQHandler)
    i.EXTI3_IRQHandler                       0x08000d7a   Section        0  stm32l4xx_it.o(i.EXTI3_IRQHandler)
    i.EXTI9_5_IRQHandler                     0x08000d80   Section        0  stm32l4xx_it.o(i.EXTI9_5_IRQHandler)
    i.Error_Handler                          0x08000d86   Section        0  main.o(i.Error_Handler)
    Error_Handler                            0x08000d87   Thumb Code     8  main.o(i.Error_Handler)
    i.HAL_ADCEx_Calibration_Start            0x08000d8e   Section        0  stm32l4xx_hal_adc_ex.o(i.HAL_ADCEx_Calibration_Start)
    i.HAL_ADCEx_EndOfSamplingCallback        0x08000e14   Section        0  stm32l4xx_hal_adc_ex.o(i.HAL_ADCEx_EndOfSamplingCallback)
    i.HAL_ADCEx_InjectedConvCpltCallback     0x08000e16   Section        0  stm32l4xx_hal_adc_ex.o(i.HAL_ADCEx_InjectedConvCpltCallback)
    i.HAL_ADCEx_InjectedQueueOverflowCallback 0x08000e18   Section        0  stm32l4xx_hal_adc_ex.o(i.HAL_ADCEx_InjectedQueueOverflowCallback)
    i.HAL_ADCEx_LevelOutOfWindow2Callback    0x08000e1a   Section        0  stm32l4xx_hal_adc_ex.o(i.HAL_ADCEx_LevelOutOfWindow2Callback)
    i.HAL_ADCEx_LevelOutOfWindow3Callback    0x08000e1c   Section        0  stm32l4xx_hal_adc_ex.o(i.HAL_ADCEx_LevelOutOfWindow3Callback)
    i.HAL_ADC_ConfigChannel                  0x08000e20   Section        0  stm32l4xx_hal_adc.o(i.HAL_ADC_ConfigChannel)
    i.HAL_ADC_ConvCpltCallback               0x080012a6   Section        0  main.o(i.HAL_ADC_ConvCpltCallback)
    i.HAL_ADC_ConvHalfCpltCallback           0x080012a8   Section        0  stm32l4xx_hal_adc.o(i.HAL_ADC_ConvHalfCpltCallback)
    i.HAL_ADC_DeInit                         0x080012ac   Section        0  stm32l4xx_hal_adc.o(i.HAL_ADC_DeInit)
    i.HAL_ADC_ErrorCallback                  0x0800148c   Section        0  stm32l4xx_hal_adc.o(i.HAL_ADC_ErrorCallback)
    i.HAL_ADC_IRQHandler                     0x08001490   Section        0  stm32l4xx_hal_adc.o(i.HAL_ADC_IRQHandler)
    i.HAL_ADC_Init                           0x08001740   Section        0  stm32l4xx_hal_adc.o(i.HAL_ADC_Init)
    i.HAL_ADC_LevelOutOfWindowCallback       0x08001974   Section        0  stm32l4xx_hal_adc.o(i.HAL_ADC_LevelOutOfWindowCallback)
    i.HAL_ADC_MspDeInit                      0x08001978   Section        0  stm32l4xx_hal_msp.o(i.HAL_ADC_MspDeInit)
    i.HAL_ADC_MspInit                        0x08001998   Section        0  stm32l4xx_hal_msp.o(i.HAL_ADC_MspInit)
    i.HAL_ADC_Start_DMA                      0x08001a34   Section        0  stm32l4xx_hal_adc.o(i.HAL_ADC_Start_DMA)
    i.HAL_DMA_DeInit                         0x08001b40   Section        0  stm32l4xx_hal_dma.o(i.HAL_DMA_DeInit)
    i.HAL_DMA_IRQHandler                     0x08001bcc   Section        0  stm32l4xx_hal_dma.o(i.HAL_DMA_IRQHandler)
    i.HAL_DMA_Init                           0x08001c74   Section        0  stm32l4xx_hal_dma.o(i.HAL_DMA_Init)
    i.HAL_DMA_Start_IT                       0x08001d34   Section        0  stm32l4xx_hal_dma.o(i.HAL_DMA_Start_IT)
    i.HAL_Delay                              0x08001da4   Section        0  stm32l4xx_hal.o(i.HAL_Delay)
    i.HAL_GPIO_EXTI_Callback                 0x08001dc0   Section        0  main.o(i.HAL_GPIO_EXTI_Callback)
    i.HAL_GPIO_EXTI_IRQHandler               0x08001de4   Section        0  stm32l4xx_hal_gpio.o(i.HAL_GPIO_EXTI_IRQHandler)
    i.HAL_GPIO_Init                          0x08001dfc   Section        0  stm32l4xx_hal_gpio.o(i.HAL_GPIO_Init)
    i.HAL_GPIO_TogglePin                     0x08001fc6   Section        0  stm32l4xx_hal_gpio.o(i.HAL_GPIO_TogglePin)
    i.HAL_GPIO_WritePin                      0x08001fce   Section        0  stm32l4xx_hal_gpio.o(i.HAL_GPIO_WritePin)
    i.HAL_GetTick                            0x08001fd8   Section        0  stm32l4xx_hal.o(i.HAL_GetTick)
    i.HAL_IncTick                            0x08001fe4   Section        0  stm32l4xx_hal.o(i.HAL_IncTick)
    i.HAL_Init                               0x08001ff4   Section        0  stm32l4xx_hal.o(i.HAL_Init)
    i.HAL_InitTick                           0x0800200c   Section        0  stm32l4xx_hal.o(i.HAL_InitTick)
    i.HAL_LCD_Clear                          0x08002034   Section        0  stm32l4xx_hal_lcd.o(i.HAL_LCD_Clear)
    i.HAL_LCD_Init                           0x080020b4   Section        0  stm32l4xx_hal_lcd.o(i.HAL_LCD_Init)
    i.HAL_LCD_MspInit                        0x080021b0   Section        0  stm32l4xx_hal_lcd.o(i.HAL_LCD_MspInit)
    i.HAL_LCD_UpdateDisplayRequest           0x080021b2   Section        0  stm32l4xx_hal_lcd.o(i.HAL_LCD_UpdateDisplayRequest)
    i.HAL_LCD_Write                          0x08002208   Section        0  stm32l4xx_hal_lcd.o(i.HAL_LCD_Write)
    i.HAL_MspInit                            0x08002290   Section        0  stm32l4xx_hal_msp.o(i.HAL_MspInit)
    i.HAL_NVIC_EnableIRQ                     0x08002292   Section        0  stm32l4xx_hal_cortex.o(i.HAL_NVIC_EnableIRQ)
    i.HAL_NVIC_SetPriority                   0x080022a8   Section        0  stm32l4xx_hal_cortex.o(i.HAL_NVIC_SetPriority)
    i.HAL_NVIC_SetPriorityGrouping           0x080022e8   Section        0  stm32l4xx_hal_cortex.o(i.HAL_NVIC_SetPriorityGrouping)
    i.HAL_PWREx_ControlVoltageScaling        0x0800230c   Section        0  stm32l4xx_hal_pwr_ex.o(i.HAL_PWREx_ControlVoltageScaling)
    i.HAL_PWREx_GetVoltageRange              0x08002370   Section        0  stm32l4xx_hal_pwr_ex.o(i.HAL_PWREx_GetVoltageRange)
    i.HAL_RCCEx_PeriphCLKConfig              0x08002380   Section        0  stm32l4xx_hal_rcc_ex.o(i.HAL_RCCEx_PeriphCLKConfig)
    i.HAL_RCC_ClockConfig                    0x08002730   Section        0  stm32l4xx_hal_rcc.o(i.HAL_RCC_ClockConfig)
    i.HAL_RCC_GetSysClockFreq                0x080028b0   Section        0  stm32l4xx_hal_rcc.o(i.HAL_RCC_GetSysClockFreq)
    i.HAL_RCC_OscConfig                      0x080029ac   Section        0  stm32l4xx_hal_rcc.o(i.HAL_RCC_OscConfig)
    i.HAL_SYSTICK_Config                     0x08002e2c   Section        0  stm32l4xx_hal_cortex.o(i.HAL_SYSTICK_Config)
    i.HAL_TIMEx_BreakCallback                0x08002e54   Section        0  stm32l4xx_hal_tim_ex.o(i.HAL_TIMEx_BreakCallback)
    i.HAL_TIMEx_CommutationCallback          0x08002e56   Section        0  stm32l4xx_hal_tim_ex.o(i.HAL_TIMEx_CommutationCallback)
    i.HAL_TIM_IC_CaptureCallback             0x08002e58   Section        0  stm32l4xx_hal_tim.o(i.HAL_TIM_IC_CaptureCallback)
    i.HAL_TIM_IRQHandler                     0x08002e5a   Section        0  stm32l4xx_hal_tim.o(i.HAL_TIM_IRQHandler)
    i.HAL_TIM_OC_ConfigChannel               0x08002fc0   Section        0  stm32l4xx_hal_tim.o(i.HAL_TIM_OC_ConfigChannel)
    i.HAL_TIM_OC_DelayElapsedCallback        0x08003034   Section        0  main.o(i.HAL_TIM_OC_DelayElapsedCallback)
    i.HAL_TIM_OC_Init                        0x08003054   Section        0  stm32l4xx_hal_tim.o(i.HAL_TIM_OC_Init)
    i.HAL_TIM_OC_MspInit                     0x0800308c   Section        0  stm32l4xx_hal_msp.o(i.HAL_TIM_OC_MspInit)
    i.HAL_TIM_OC_Start_IT                    0x080030b8   Section        0  stm32l4xx_hal_tim.o(i.HAL_TIM_OC_Start_IT)
    i.HAL_TIM_PWM_PulseFinishedCallback      0x08003140   Section        0  main.o(i.HAL_TIM_PWM_PulseFinishedCallback)
    i.HAL_TIM_PeriodElapsedCallback          0x08003148   Section        0  stm32l4xx_hal_tim.o(i.HAL_TIM_PeriodElapsedCallback)
    i.HAL_TIM_TriggerCallback                0x0800314a   Section        0  stm32l4xx_hal_tim.o(i.HAL_TIM_TriggerCallback)
    i.HardFault_Handler                      0x0800314c   Section        0  stm32l4xx_it.o(i.HardFault_Handler)
    i.LCD_MspInit                            0x08003150   Section        0  stm32l476g_discovery_glass_lcd.o(i.LCD_MspInit)
    LCD_MspInit                              0x08003151   Thumb Code   246  stm32l476g_discovery_glass_lcd.o(i.LCD_MspInit)
    i.LCD_WaitForSynchro                     0x08003258   Section        0  stm32l4xx_hal_lcd.o(i.LCD_WaitForSynchro)
    i.MemManage_Handler                      0x08003288   Section        0  stm32l4xx_it.o(i.MemManage_Handler)
    i.NMI_Handler                            0x0800328a   Section        0  stm32l4xx_it.o(i.NMI_Handler)
    i.NVIC_SetPriority                       0x0800328c   Section        0  stm32l4xx_hal_cortex.o(i.NVIC_SetPriority)
    NVIC_SetPriority                         0x0800328d   Thumb Code    32  stm32l4xx_hal_cortex.o(i.NVIC_SetPriority)
    i.PendSV_Handler                         0x080032ac   Section        0  stm32l4xx_it.o(i.PendSV_Handler)
    i.RCCEx_PLLSAI1_Config                   0x080032b0   Section        0  stm32l4xx_hal_rcc_ex.o(i.RCCEx_PLLSAI1_Config)
    RCCEx_PLLSAI1_Config                     0x080032b1   Thumb Code   342  stm32l4xx_hal_rcc_ex.o(i.RCCEx_PLLSAI1_Config)
    i.RCCEx_PLLSAI2_Config                   0x08003418   Section        0  stm32l4xx_hal_rcc_ex.o(i.RCCEx_PLLSAI2_Config)
    RCCEx_PLLSAI2_Config                     0x08003419   Thumb Code   302  stm32l4xx_hal_rcc_ex.o(i.RCCEx_PLLSAI2_Config)
    i.RCC_SetFlashLatencyFromMSIRange        0x08003554   Section        0  stm32l4xx_hal_rcc.o(i.RCC_SetFlashLatencyFromMSIRange)
    RCC_SetFlashLatencyFromMSIRange          0x08003555   Thumb Code   116  stm32l4xx_hal_rcc.o(i.RCC_SetFlashLatencyFromMSIRange)
    i.SVC_Handler                            0x080035d0   Section        0  stm32l4xx_it.o(i.SVC_Handler)
    i.SysTick_Handler                        0x080035d2   Section        0  stm32l4xx_it.o(i.SysTick_Handler)
    i.SystemClock_Config                     0x080035d8   Section        0  main.o(i.SystemClock_Config)
    SystemClock_Config                       0x080035d9   Thumb Code   134  main.o(i.SystemClock_Config)
    i.SystemInit                             0x08003664   Section        0  system_stm32l4xx.o(i.SystemInit)
    i.TIM3_Config                            0x080036a8   Section        0  main.o(i.TIM3_Config)
    i.TIM3_IRQHandler                        0x080036e4   Section        0  stm32l4xx_it.o(i.TIM3_IRQHandler)
    i.TIM3_OC_Config                         0x080036f0   Section        0  main.o(i.TIM3_OC_Config)
    i.TIM4_IRQHandler                        0x08003728   Section        0  stm32l4xx_it.o(i.TIM4_IRQHandler)
    i.TIM_Base_SetConfig                     0x08003734   Section        0  stm32l4xx_hal_tim.o(i.TIM_Base_SetConfig)
    i.TIM_CCxChannelCmd                      0x080037ec   Section        0  stm32l4xx_hal_tim.o(i.TIM_CCxChannelCmd)
    i.TIM_OC1_SetConfig                      0x08003804   Section        0  stm32l4xx_hal_tim.o(i.TIM_OC1_SetConfig)
    TIM_OC1_SetConfig                        0x08003805   Thumb Code   132  stm32l4xx_hal_tim.o(i.TIM_OC1_SetConfig)
    i.TIM_OC2_SetConfig                      0x080038a0   Section        0  stm32l4xx_hal_tim.o(i.TIM_OC2_SetConfig)
    i.TIM_OC3_SetConfig                      0x08003930   Section        0  stm32l4xx_hal_tim.o(i.TIM_OC3_SetConfig)
    TIM_OC3_SetConfig                        0x08003931   Thumb Code   118  stm32l4xx_hal_tim.o(i.TIM_OC3_SetConfig)
    i.TIM_OC4_SetConfig                      0x080039c0   Section        0  stm32l4xx_hal_tim.o(i.TIM_OC4_SetConfig)
    TIM_OC4_SetConfig                        0x080039c1   Thumb Code    92  stm32l4xx_hal_tim.o(i.TIM_OC4_SetConfig)
    i.TIM_OC5_SetConfig                      0x08003a34   Section        0  stm32l4xx_hal_tim.o(i.TIM_OC5_SetConfig)
    TIM_OC5_SetConfig                        0x08003a35   Thumb Code    86  stm32l4xx_hal_tim.o(i.TIM_OC5_SetConfig)
    i.TIM_OC6_SetConfig                      0x08003aa4   Section        0  stm32l4xx_hal_tim.o(i.TIM_OC6_SetConfig)
    TIM_OC6_SetConfig                        0x08003aa5   Thumb Code    88  stm32l4xx_hal_tim.o(i.TIM_OC6_SetConfig)
    i.UsageFault_Handler                     0x08003b14   Section        0  stm32l4xx_it.o(i.UsageFault_Handler)
    i.WriteChar                              0x08003b18   Section        0  stm32l476g_discovery_glass_lcd.o(i.WriteChar)
    WriteChar                                0x08003b19   Thumb Code  1114  stm32l476g_discovery_glass_lcd.o(i.WriteChar)
    i.__0sprintf                             0x08003f78   Section        0  printfa.o(i.__0sprintf)
    i.__scatterload_copy                     0x08003fa0   Section       14  handlers.o(i.__scatterload_copy)
    i.__scatterload_null                     0x08003fae   Section        2  handlers.o(i.__scatterload_null)
    i.__scatterload_zeroinit                 0x08003fb0   Section       14  handlers.o(i.__scatterload_zeroinit)
    i._fp_digits                             0x08003fc0   Section        0  printfa.o(i._fp_digits)
    _fp_digits                               0x08003fc1   Thumb Code   366  printfa.o(i._fp_digits)
    i._printf_core                           0x0800414c   Section        0  printfa.o(i._printf_core)
    _printf_core                             0x0800414d   Thumb Code  1744  printfa.o(i._printf_core)
    i._printf_post_padding                   0x0800482e   Section        0  printfa.o(i._printf_post_padding)
    _printf_post_padding                     0x0800482f   Thumb Code    36  printfa.o(i._printf_post_padding)
    i._printf_pre_padding                    0x08004852   Section        0  printfa.o(i._printf_pre_padding)
    _printf_pre_padding                      0x08004853   Thumb Code    46  printfa.o(i._printf_pre_padding)
    i._sputc                                 0x08004880   Section        0  printfa.o(i._sputc)
    _sputc                                   0x08004881   Thumb Code    10  printfa.o(i._sputc)
    i.displaySetPoint                        0x0800488c   Section        0  main.o(i.displaySetPoint)
    i.displayTempString                      0x080048bc   Section        0  main.o(i.displayTempString)
    i.main                                   0x080048f0   Section        0  main.o(i.main)
    .constdata                               0x080049bc   Section       72  stm32l476g_discovery_glass_lcd.o(.constdata)
    .constdata                               0x08004a04   Section       20  stm32l476g_discovery.o(.constdata)
    .constdata                               0x08004a18   Section       64  system_stm32l4xx.o(.constdata)
    .data                                    0x20000000   Section       48  main.o(.data)
    .data                                    0x20000030   Section       28  stm32l476g_discovery.o(.data)
    .data                                    0x2000004c   Section        4  stm32l4xx_hal.o(.data)
    .data                                    0x20000050   Section        4  system_stm32l4xx.o(.data)
    .bss                                     0x20000054   Section      216  main.o(.bss)
    .bss                                     0x2000012c   Section       60  main.o(.bss)
    .bss                                     0x20000168   Section       72  stm32l4xx_hal_msp.o(.bss)
    hdma_adc                                 0x20000168   Data          72  stm32l4xx_hal_msp.o(.bss)
    .bss                                     0x200001b0   Section       76  stm32l476g_discovery_glass_lcd.o(.bss)
    STACK                                    0x20000200   Section     1024  startup_stm32l476xx.o(STACK)

    Global Symbols

    Symbol Name                              Value     Ov Type        Size  Object(Section)

    BuildAttributes$$THM_ISAv4$E$P$D$K$B$S$7EM$VFPi3$EXTD16$VFPS$VFMA$PE$A:L22UL41UL21$X:L11$S22US41US21$IEEE1$IW$USESV6$~STKCKD$USESV7$~SHL$OSPACE$ROPI$EBA8$MICROLIB$REQ8$PRES8$EABIv2 0x00000000   Number         0  anon$$obj.o ABSOLUTE
    __ARM_use_no_argv                        0x00000000   Number         0  main.o ABSOLUTE
    _printf_a                                0x00000000   Number         0  stubs.o ABSOLUTE
    _printf_c                                0x00000000   Number         0  stubs.o ABSOLUTE
    _printf_charcount                        0x00000000   Number         0  stubs.o ABSOLUTE
    _printf_d                                0x00000000   Number         0  stubs.o ABSOLUTE
    _printf_e                                0x00000000   Number         0  stubs.o ABSOLUTE
    _printf_f                                0x00000000   Number         0  stubs.o ABSOLUTE
    _printf_flags                            0x00000000   Number         0  stubs.o ABSOLUTE
    _printf_fp_dec                           0x00000000   Number         0  stubs.o ABSOLUTE
    _printf_fp_hex                           0x00000000   Number         0  stubs.o ABSOLUTE
    _printf_g                                0x00000000   Number         0  stubs.o ABSOLUTE
    _printf_i                                0x00000000   Number         0  stubs.o ABSOLUTE
    _printf_int_dec                          0x00000000   Number         0  stubs.o ABSOLUTE
    _printf_l                                0x00000000   Number         0  stubs.o ABSOLUTE
    _printf_lc                               0x00000000   Number         0  stubs.o ABSOLUTE
    _printf_ll                               0x00000000   Number         0  stubs.o ABSOLUTE
    _printf_lld                              0x00000000   Number         0  stubs.o ABSOLUTE
    _printf_lli                              0x00000000   Number         0  stubs.o ABSOLUTE
    _printf_llo                              0x00000000   Number         0  stubs.o ABSOLUTE
    _printf_llu                              0x00000000   Number         0  stubs.o ABSOLUTE
    _printf_llx                              0x00000000   Number         0  stubs.o ABSOLUTE
    _printf_longlong_dec                     0x00000000   Number         0  stubs.o ABSOLUTE
    _printf_longlong_hex                     0x00000000   Number         0  stubs.o ABSOLUTE
    _printf_longlong_oct                     0x00000000   Number         0  stubs.o ABSOLUTE
    _printf_ls                               0x00000000   Number         0  stubs.o ABSOLUTE
    _printf_mbtowc                           0x00000000   Number         0  stubs.o ABSOLUTE
    _printf_n                                0x00000000   Number         0  stubs.o ABSOLUTE
    _printf_o                                0x00000000   Number         0  stubs.o ABSOLUTE
    _printf_p                                0x00000000   Number         0  stubs.o ABSOLUTE
    _printf_percent                          0x00000000   Number         0  stubs.o ABSOLUTE
    _printf_pre_padding                      0x00000000   Number         0  stubs.o ABSOLUTE
    _printf_return_value                     0x00000000   Number         0  stubs.o ABSOLUTE
    _printf_s                                0x00000000   Number         0  stubs.o ABSOLUTE
    _printf_sizespec                         0x00000000   Number         0  stubs.o ABSOLUTE
    _printf_str                              0x00000000   Number         0  stubs.o ABSOLUTE
    _printf_truncate_signed                  0x00000000   Number         0  stubs.o ABSOLUTE
    _printf_truncate_unsigned                0x00000000   Number         0  stubs.o ABSOLUTE
    _printf_u                                0x00000000   Number         0  stubs.o ABSOLUTE
    _printf_wc                               0x00000000   Number         0  stubs.o ABSOLUTE
    _printf_wctomb                           0x00000000   Number         0  stubs.o ABSOLUTE
    _printf_widthprec                        0x00000000   Number         0  stubs.o ABSOLUTE
    _printf_x                                0x00000000   Number         0  stubs.o ABSOLUTE
    __cpp_initialize__aeabi_                  - Undefined Weak Reference
    __cxa_finalize                            - Undefined Weak Reference
    __decompress                              - Undefined Weak Reference
    _clock_init                               - Undefined Weak Reference
    _microlib_exit                            - Undefined Weak Reference
    __Vectors_Size                           0x00000188   Number         0  startup_stm32l476xx.o ABSOLUTE
    __Vectors                                0x08000000   Data           4  startup_stm32l476xx.o(RESET)
    __Vectors_End                            0x08000188   Data           0  startup_stm32l476xx.o(RESET)
    __main                                   0x08000189   Thumb Code     0  entry.o(.ARM.Collect$$$$00000000)
    _main_stk                                0x08000189   Thumb Code     0  entry2.o(.ARM.Collect$$$$00000001)
    _main_scatterload                        0x0800018d   Thumb Code     0  entry5.o(.ARM.Collect$$$$00000004)
    __main_after_scatterload                 0x08000191   Thumb Code     0  entry5.o(.ARM.Collect$$$$00000004)
    _main_clock                              0x08000191   Thumb Code     0  entry7b.o(.ARM.Collect$$$$00000008)
    _main_cpp_init                           0x08000191   Thumb Code     0  entry8b.o(.ARM.Collect$$$$0000000A)
    _main_init                               0x08000191   Thumb Code     0  entry9a.o(.ARM.Collect$$$$0000000B)
    __rt_final_cpp                           0x08000199   Thumb Code     0  entry10a.o(.ARM.Collect$$$$0000000D)
    __rt_final_exit                          0x08000199   Thumb Code     0  entry11a.o(.ARM.Collect$$$$0000000F)
    Reset_Handler                            0x0800019d   Thumb Code     8  startup_stm32l476xx.o(.text)
    ADC3_IRQHandler                          0x080001b7   Thumb Code     0  startup_stm32l476xx.o(.text)
    CAN1_RX0_IRQHandler                      0x080001b7   Thumb Code     0  startup_stm32l476xx.o(.text)
    CAN1_RX1_IRQHandler                      0x080001b7   Thumb Code     0  startup_stm32l476xx.o(.text)
    CAN1_SCE_IRQHandler                      0x080001b7   Thumb Code     0  startup_stm32l476xx.o(.text)
    CAN1_TX_IRQHandler                       0x080001b7   Thumb Code     0  startup_stm32l476xx.o(.text)
    COMP_IRQHandler                          0x080001b7   Thumb Code     0  startup_stm32l476xx.o(.text)
    DFSDM1_FLT0_IRQHandler                   0x080001b7   Thumb Code     0  startup_stm32l476xx.o(.text)
    DFSDM1_FLT1_IRQHandler                   0x080001b7   Thumb Code     0  startup_stm32l476xx.o(.text)
    DFSDM1_FLT2_IRQHandler                   0x080001b7   Thumb Code     0  startup_stm32l476xx.o(.text)
    DFSDM1_FLT3_IRQHandler                   0x080001b7   Thumb Code     0  startup_stm32l476xx.o(.text)
    DMA1_Channel2_IRQHandler                 0x080001b7   Thumb Code     0  startup_stm32l476xx.o(.text)
    DMA1_Channel3_IRQHandler                 0x080001b7   Thumb Code     0  startup_stm32l476xx.o(.text)
    DMA1_Channel4_IRQHandler                 0x080001b7   Thumb Code     0  startup_stm32l476xx.o(.text)
    DMA1_Channel5_IRQHandler                 0x080001b7   Thumb Code     0  startup_stm32l476xx.o(.text)
    DMA1_Channel6_IRQHandler                 0x080001b7   Thumb Code     0  startup_stm32l476xx.o(.text)
    DMA1_Channel7_IRQHandler                 0x080001b7   Thumb Code     0  startup_stm32l476xx.o(.text)
    DMA2_Channel1_IRQHandler                 0x080001b7   Thumb Code     0  startup_stm32l476xx.o(.text)
    DMA2_Channel2_IRQHandler                 0x080001b7   Thumb Code     0  startup_stm32l476xx.o(.text)
    DMA2_Channel3_IRQHandler                 0x080001b7   Thumb Code     0  startup_stm32l476xx.o(.text)
    DMA2_Channel4_IRQHandler                 0x080001b7   Thumb Code     0  startup_stm32l476xx.o(.text)
    DMA2_Channel5_IRQHandler                 0x080001b7   Thumb Code     0  startup_stm32l476xx.o(.text)
    DMA2_Channel6_IRQHandler                 0x080001b7   Thumb Code     0  startup_stm32l476xx.o(.text)
    DMA2_Channel7_IRQHandler                 0x080001b7   Thumb Code     0  startup_stm32l476xx.o(.text)
    EXTI15_10_IRQHandler                     0x080001b7   Thumb Code     0  startup_stm32l476xx.o(.text)
    EXTI4_IRQHandler                         0x080001b7   Thumb Code     0  startup_stm32l476xx.o(.text)
    FLASH_IRQHandler                         0x080001b7   Thumb Code     0  startup_stm32l476xx.o(.text)
    FMC_IRQHandler                           0x080001b7   Thumb Code     0  startup_stm32l476xx.o(.text)
    FPU_IRQHandler                           0x080001b7   Thumb Code     0  startup_stm32l476xx.o(.text)
    I2C1_ER_IRQHandler                       0x080001b7   Thumb Code     0  startup_stm32l476xx.o(.text)
    I2C1_EV_IRQHandler                       0x080001b7   Thumb Code     0  startup_stm32l476xx.o(.text)
    I2C2_ER_IRQHandler                       0x080001b7   Thumb Code     0  startup_stm32l476xx.o(.text)
    I2C2_EV_IRQHandler                       0x080001b7   Thumb Code     0  startup_stm32l476xx.o(.text)
    I2C3_ER_IRQHandler                       0x080001b7   Thumb Code     0  startup_stm32l476xx.o(.text)
    I2C3_EV_IRQHandler                       0x080001b7   Thumb Code     0  startup_stm32l476xx.o(.text)
    LCD_IRQHandler                           0x080001b7   Thumb Code     0  startup_stm32l476xx.o(.text)
    LPTIM1_IRQHandler                        0x080001b7   Thumb Code     0  startup_stm32l476xx.o(.text)
    LPTIM2_IRQHandler                        0x080001b7   Thumb Code     0  startup_stm32l476xx.o(.text)
    LPUART1_IRQHandler                       0x080001b7   Thumb Code     0  startup_stm32l476xx.o(.text)
    OTG_FS_IRQHandler                        0x080001b7   Thumb Code     0  startup_stm32l476xx.o(.text)
    PVD_PVM_IRQHandler                       0x080001b7   Thumb Code     0  startup_stm32l476xx.o(.text)
    QUADSPI_IRQHandler                       0x080001b7   Thumb Code     0  startup_stm32l476xx.o(.text)
    RCC_IRQHandler                           0x080001b7   Thumb Code     0  startup_stm32l476xx.o(.text)
    RNG_IRQHandler                           0x080001b7   Thumb Code     0  startup_stm32l476xx.o(.text)
    RTC_Alarm_IRQHandler                     0x080001b7   Thumb Code     0  startup_stm32l476xx.o(.text)
    RTC_WKUP_IRQHandler                      0x080001b7   Thumb Code     0  startup_stm32l476xx.o(.text)
    SAI1_IRQHandler                          0x080001b7   Thumb Code     0  startup_stm32l476xx.o(.text)
    SAI2_IRQHandler                          0x080001b7   Thumb Code     0  startup_stm32l476xx.o(.text)
    SDMMC1_IRQHandler                        0x080001b7   Thumb Code     0  startup_stm32l476xx.o(.text)
    SPI1_IRQHandler                          0x080001b7   Thumb Code     0  startup_stm32l476xx.o(.text)
    SPI2_IRQHandler                          0x080001b7   Thumb Code     0  startup_stm32l476xx.o(.text)
    SPI3_IRQHandler                          0x080001b7   Thumb Code     0  startup_stm32l476xx.o(.text)
    SWPMI1_IRQHandler                        0x080001b7   Thumb Code     0  startup_stm32l476xx.o(.text)
    TAMP_STAMP_IRQHandler                    0x080001b7   Thumb Code     0  startup_stm32l476xx.o(.text)
    TIM1_BRK_TIM15_IRQHandler                0x080001b7   Thumb Code     0  startup_stm32l476xx.o(.text)
    TIM1_CC_IRQHandler                       0x080001b7   Thumb Code     0  startup_stm32l476xx.o(.text)
    TIM1_TRG_COM_TIM17_IRQHandler            0x080001b7   Thumb Code     0  startup_stm32l476xx.o(.text)
    TIM1_UP_TIM16_IRQHandler                 0x080001b7   Thumb Code     0  startup_stm32l476xx.o(.text)
    TIM2_IRQHandler                          0x080001b7   Thumb Code     0  startup_stm32l476xx.o(.text)
    TIM5_IRQHandler                          0x080001b7   Thumb Code     0  startup_stm32l476xx.o(.text)
    TIM6_DAC_IRQHandler                      0x080001b7   Thumb Code     0  startup_stm32l476xx.o(.text)
    TIM7_IRQHandler                          0x080001b7   Thumb Code     0  startup_stm32l476xx.o(.text)
    TIM8_BRK_IRQHandler                      0x080001b7   Thumb Code     0  startup_stm32l476xx.o(.text)
    TIM8_CC_IRQHandler                       0x080001b7   Thumb Code     0  startup_stm32l476xx.o(.text)
    TIM8_TRG_COM_IRQHandler                  0x080001b7   Thumb Code     0  startup_stm32l476xx.o(.text)
    TIM8_UP_IRQHandler                       0x080001b7   Thumb Code     0  startup_stm32l476xx.o(.text)
    TSC_IRQHandler                           0x080001b7   Thumb Code     0  startup_stm32l476xx.o(.text)
    UART4_IRQHandler                         0x080001b7   Thumb Code     0  startup_stm32l476xx.o(.text)
    UART5_IRQHandler                         0x080001b7   Thumb Code     0  startup_stm32l476xx.o(.text)
    USART1_IRQHandler                        0x080001b7   Thumb Code     0  startup_stm32l476xx.o(.text)
    USART2_IRQHandler                        0x080001b7   Thumb Code     0  startup_stm32l476xx.o(.text)
    USART3_IRQHandler                        0x080001b7   Thumb Code     0  startup_stm32l476xx.o(.text)
    WWDG_IRQHandler                          0x080001b7   Thumb Code     0  startup_stm32l476xx.o(.text)
    __aeabi_memset                           0x080001c1   Thumb Code    14  memseta.o(.text)
    __aeabi_memset4                          0x080001c1   Thumb Code     0  memseta.o(.text)
    __aeabi_memset8                          0x080001c1   Thumb Code     0  memseta.o(.text)
    __aeabi_memclr                           0x080001cf   Thumb Code     4  memseta.o(.text)
    __aeabi_memclr4                          0x080001cf   Thumb Code     0  memseta.o(.text)
    __aeabi_memclr8                          0x080001cf   Thumb Code     0  memseta.o(.text)
    _memset$wrapper                          0x080001d3   Thumb Code    18  memseta.o(.text)
    __aeabi_dadd                             0x080001e5   Thumb Code   322  dadd.o(.text)
    __aeabi_dsub                             0x08000327   Thumb Code     6  dadd.o(.text)
    __aeabi_drsub                            0x0800032d   Thumb Code     6  dadd.o(.text)
    __aeabi_dmul                             0x08000343   Thumb Code   228  dmul.o(.text)
    __aeabi_ui2d                             0x0800042d   Thumb Code    26  dfltui.o(.text)
    __aeabi_uidiv                            0x08000447   Thumb Code     0  uidiv.o(.text)
    __aeabi_uidivmod                         0x08000447   Thumb Code    44  uidiv.o(.text)
    __aeabi_uldivmod                         0x08000473   Thumb Code    98  uldiv.o(.text)
    __aeabi_llsl                             0x080004db   Thumb Code    30  llshl.o(.text)
    _ll_shift_l                              0x080004db   Thumb Code     0  llshl.o(.text)
    __aeabi_lasr                             0x080004f9   Thumb Code    36  llsshr.o(.text)
    _ll_sshift_r                             0x080004f9   Thumb Code     0  llsshr.o(.text)
    __I$use$fp                               0x0800051d   Thumb Code     0  iusefp.o(.text)
    _double_round                            0x0800051d   Thumb Code    30  depilogue.o(.text)
    _double_epilogue                         0x0800053b   Thumb Code   156  depilogue.o(.text)
    __aeabi_ddiv                             0x080005d7   Thumb Code   222  ddiv.o(.text)
    __aeabi_d2ulz                            0x080006b5   Thumb Code    48  dfixul.o(.text)
    __aeabi_cdrcmple                         0x080006e5   Thumb Code    48  cdrcmple.o(.text)
    __scatterload                            0x08000715   Thumb Code    28  init.o(.text)
    __scatterload_rt2                        0x08000715   Thumb Code     0  init.o(.text)
    __aeabi_llsr                             0x08000739   Thumb Code    32  llushr.o(.text)
    _ll_ushift_r                             0x08000739   Thumb Code     0  llushr.o(.text)
    ADC1_2_IRQHandler                        0x08000759   Thumb Code     6  stm32l4xx_it.o(i.ADC1_2_IRQHandler)
    ADC_Config                               0x08000765   Thumb Code   140  main.o(i.ADC_Config)
    ADC_ConversionStop                       0x0800081d   Thumb Code   182  stm32l4xx_hal_adc.o(i.ADC_ConversionStop)
    ADC_DMAConvCplt                          0x080008d9   Thumb Code    88  stm32l4xx_hal_adc.o(i.ADC_DMAConvCplt)
    ADC_DMAError                             0x08000931   Thumb Code    26  stm32l4xx_hal_adc.o(i.ADC_DMAError)
    ADC_DMAHalfConvCplt                      0x0800094b   Thumb Code    10  stm32l4xx_hal_adc.o(i.ADC_DMAHalfConvCplt)
    ADC_Disable                              0x08000955   Thumb Code    98  stm32l4xx_hal_adc.o(i.ADC_Disable)
    ADC_Enable                               0x080009b9   Thumb Code    98  stm32l4xx_hal_adc.o(i.ADC_Enable)
    ADCtoDegC                                0x08000a21   Thumb Code    24  main.o(i.ADCtoDegC)
    BSP_JOY_Init                             0x08000a41   Thumb Code   158  stm32l476g_discovery.o(i.BSP_JOY_Init)
    BSP_LCD_GLASS_Clear                      0x08000af9   Thumb Code     6  stm32l476g_discovery_glass_lcd.o(i.BSP_LCD_GLASS_Clear)
    BSP_LCD_GLASS_DisplayString              0x08000b05   Thumb Code    44  stm32l476g_discovery_glass_lcd.o(i.BSP_LCD_GLASS_DisplayString)
    BSP_LCD_GLASS_Init                       0x08000b35   Thumb Code    68  stm32l476g_discovery_glass_lcd.o(i.BSP_LCD_GLASS_Init)
    BSP_LED_Init                             0x08000b81   Thumb Code    98  stm32l476g_discovery.o(i.BSP_LED_Init)
    BSP_LED_On                               0x08000bf1   Thumb Code    18  stm32l476g_discovery.o(i.BSP_LED_On)
    BSP_LED_Toggle                           0x08000c0d   Thumb Code    16  stm32l476g_discovery.o(i.BSP_LED_Toggle)
    BusFault_Handler                         0x08000c25   Thumb Code     2  stm32l4xx_it.o(i.BusFault_Handler)
    DMA1_Channel1_IRQHandler                 0x08000d31   Thumb Code     8  stm32l4xx_it.o(i.DMA1_Channel1_IRQHandler)
    DebugMon_Handler                         0x08000d67   Thumb Code     2  stm32l4xx_it.o(i.DebugMon_Handler)
    EXTI0_IRQHandler                         0x08000d69   Thumb Code     6  stm32l4xx_it.o(i.EXTI0_IRQHandler)
    EXTI1_IRQHandler                         0x08000d6f   Thumb Code     6  stm32l4xx_it.o(i.EXTI1_IRQHandler)
    EXTI2_IRQHandler                         0x08000d75   Thumb Code     6  stm32l4xx_it.o(i.EXTI2_IRQHandler)
    EXTI3_IRQHandler                         0x08000d7b   Thumb Code     6  stm32l4xx_it.o(i.EXTI3_IRQHandler)
    EXTI9_5_IRQHandler                       0x08000d81   Thumb Code     6  stm32l4xx_it.o(i.EXTI9_5_IRQHandler)
    HAL_ADCEx_Calibration_Start              0x08000d8f   Thumb Code   134  stm32l4xx_hal_adc_ex.o(i.HAL_ADCEx_Calibration_Start)
    HAL_ADCEx_EndOfSamplingCallback          0x08000e15   Thumb Code     2  stm32l4xx_hal_adc_ex.o(i.HAL_ADCEx_EndOfSamplingCallback)
    HAL_ADCEx_InjectedConvCpltCallback       0x08000e17   Thumb Code     2  stm32l4xx_hal_adc_ex.o(i.HAL_ADCEx_InjectedConvCpltCallback)
    HAL_ADCEx_InjectedQueueOverflowCallback  0x08000e19   Thumb Code     2  stm32l4xx_hal_adc_ex.o(i.HAL_ADCEx_InjectedQueueOverflowCallback)
    HAL_ADCEx_LevelOutOfWindow2Callback      0x08000e1b   Thumb Code     2  stm32l4xx_hal_adc_ex.o(i.HAL_ADCEx_LevelOutOfWindow2Callback)
    HAL_ADCEx_LevelOutOfWindow3Callback      0x08000e1d   Thumb Code     2  stm32l4xx_hal_adc_ex.o(i.HAL_ADCEx_LevelOutOfWindow3Callback)
    HAL_ADC_ConfigChannel                    0x08000e21   Thumb Code  1124  stm32l4xx_hal_adc.o(i.HAL_ADC_ConfigChannel)
    HAL_ADC_ConvCpltCallback                 0x080012a7   Thumb Code     2  main.o(i.HAL_ADC_ConvCpltCallback)
    HAL_ADC_ConvHalfCpltCallback             0x080012a9   Thumb Code     2  stm32l4xx_hal_adc.o(i.HAL_ADC_ConvHalfCpltCallback)
    HAL_ADC_DeInit                           0x080012ad   Thumb Code   456  stm32l4xx_hal_adc.o(i.HAL_ADC_DeInit)
    HAL_ADC_ErrorCallback                    0x0800148d   Thumb Code     2  stm32l4xx_hal_adc.o(i.HAL_ADC_ErrorCallback)
    HAL_ADC_IRQHandler                       0x08001491   Thumb Code   672  stm32l4xx_hal_adc.o(i.HAL_ADC_IRQHandler)
    HAL_ADC_Init                             0x08001741   Thumb Code   540  stm32l4xx_hal_adc.o(i.HAL_ADC_Init)
    HAL_ADC_LevelOutOfWindowCallback         0x08001975   Thumb Code     2  stm32l4xx_hal_adc.o(i.HAL_ADC_LevelOutOfWindowCallback)
    HAL_ADC_MspDeInit                        0x08001979   Thumb Code    28  stm32l4xx_hal_msp.o(i.HAL_ADC_MspDeInit)
    HAL_ADC_MspInit                          0x08001999   Thumb Code   142  stm32l4xx_hal_msp.o(i.HAL_ADC_MspInit)
    HAL_ADC_Start_DMA                        0x08001a35   Thumb Code   244  stm32l4xx_hal_adc.o(i.HAL_ADC_Start_DMA)
    HAL_DMA_DeInit                           0x08001b41   Thumb Code   128  stm32l4xx_hal_dma.o(i.HAL_DMA_DeInit)
    HAL_DMA_IRQHandler                       0x08001bcd   Thumb Code   168  stm32l4xx_hal_dma.o(i.HAL_DMA_IRQHandler)
    HAL_DMA_Init                             0x08001c75   Thumb Code   178  stm32l4xx_hal_dma.o(i.HAL_DMA_Init)
    HAL_DMA_Start_IT                         0x08001d35   Thumb Code   112  stm32l4xx_hal_dma.o(i.HAL_DMA_Start_IT)
    HAL_Delay                                0x08001da5   Thumb Code    28  stm32l4xx_hal.o(i.HAL_Delay)
    HAL_GPIO_EXTI_Callback                   0x08001dc1   Thumb Code    32  main.o(i.HAL_GPIO_EXTI_Callback)
    HAL_GPIO_EXTI_IRQHandler                 0x08001de5   Thumb Code    18  stm32l4xx_hal_gpio.o(i.HAL_GPIO_EXTI_IRQHandler)
    HAL_GPIO_Init                            0x08001dfd   Thumb Code   414  stm32l4xx_hal_gpio.o(i.HAL_GPIO_Init)
    HAL_GPIO_TogglePin                       0x08001fc7   Thumb Code     8  stm32l4xx_hal_gpio.o(i.HAL_GPIO_TogglePin)
    HAL_GPIO_WritePin                        0x08001fcf   Thumb Code    10  stm32l4xx_hal_gpio.o(i.HAL_GPIO_WritePin)
    HAL_GetTick                              0x08001fd9   Thumb Code     6  stm32l4xx_hal.o(i.HAL_GetTick)
    HAL_IncTick                              0x08001fe5   Thumb Code    10  stm32l4xx_hal.o(i.HAL_IncTick)
    HAL_Init                                 0x08001ff5   Thumb Code    22  stm32l4xx_hal.o(i.HAL_Init)
    HAL_InitTick                             0x0800200d   Thumb Code    34  stm32l4xx_hal.o(i.HAL_InitTick)
    HAL_LCD_Clear                            0x08002035   Thumb Code   128  stm32l4xx_hal_lcd.o(i.HAL_LCD_Clear)
    HAL_LCD_Init                             0x080020b5   Thumb Code   248  stm32l4xx_hal_lcd.o(i.HAL_LCD_Init)
    HAL_LCD_MspInit                          0x080021b1   Thumb Code     2  stm32l4xx_hal_lcd.o(i.HAL_LCD_MspInit)
    HAL_LCD_UpdateDisplayRequest             0x080021b3   Thumb Code    84  stm32l4xx_hal_lcd.o(i.HAL_LCD_UpdateDisplayRequest)
    HAL_LCD_Write                            0x08002209   Thumb Code   136  stm32l4xx_hal_lcd.o(i.HAL_LCD_Write)
    HAL_MspInit                              0x08002291   Thumb Code     2  stm32l4xx_hal_msp.o(i.HAL_MspInit)
    HAL_NVIC_EnableIRQ                       0x08002293   Thumb Code    22  stm32l4xx_hal_cortex.o(i.HAL_NVIC_EnableIRQ)
    HAL_NVIC_SetPriority                     0x080022a9   Thumb Code    60  stm32l4xx_hal_cortex.o(i.HAL_NVIC_SetPriority)
    HAL_NVIC_SetPriorityGrouping             0x080022e9   Thumb Code    26  stm32l4xx_hal_cortex.o(i.HAL_NVIC_SetPriorityGrouping)
    HAL_PWREx_ControlVoltageScaling          0x0800230d   Thumb Code    86  stm32l4xx_hal_pwr_ex.o(i.HAL_PWREx_ControlVoltageScaling)
    HAL_PWREx_GetVoltageRange                0x08002371   Thumb Code    10  stm32l4xx_hal_pwr_ex.o(i.HAL_PWREx_GetVoltageRange)
    HAL_RCCEx_PeriphCLKConfig                0x08002381   Thumb Code   928  stm32l4xx_hal_rcc_ex.o(i.HAL_RCCEx_PeriphCLKConfig)
    HAL_RCC_ClockConfig                      0x08002731   Thumb Code   368  stm32l4xx_hal_rcc.o(i.HAL_RCC_ClockConfig)
    HAL_RCC_GetSysClockFreq                  0x080028b1   Thumb Code   238  stm32l4xx_hal_rcc.o(i.HAL_RCC_GetSysClockFreq)
    HAL_RCC_OscConfig                        0x080029ad   Thumb Code  1152  stm32l4xx_hal_rcc.o(i.HAL_RCC_OscConfig)
    HAL_SYSTICK_Config                       0x08002e2d   Thumb Code    40  stm32l4xx_hal_cortex.o(i.HAL_SYSTICK_Config)
    HAL_TIMEx_BreakCallback                  0x08002e55   Thumb Code     2  stm32l4xx_hal_tim_ex.o(i.HAL_TIMEx_BreakCallback)
    HAL_TIMEx_CommutationCallback            0x08002e57   Thumb Code     2  stm32l4xx_hal_tim_ex.o(i.HAL_TIMEx_CommutationCallback)
    HAL_TIM_IC_CaptureCallback               0x08002e59   Thumb Code     2  stm32l4xx_hal_tim.o(i.HAL_TIM_IC_CaptureCallback)
    HAL_TIM_IRQHandler                       0x08002e5b   Thumb Code   358  stm32l4xx_hal_tim.o(i.HAL_TIM_IRQHandler)
    HAL_TIM_OC_ConfigChannel                 0x08002fc1   Thumb Code   114  stm32l4xx_hal_tim.o(i.HAL_TIM_OC_ConfigChannel)
    HAL_TIM_OC_DelayElapsedCallback          0x08003035   Thumb Code    22  main.o(i.HAL_TIM_OC_DelayElapsedCallback)
    HAL_TIM_OC_Init                          0x08003055   Thumb Code    54  stm32l4xx_hal_tim.o(i.HAL_TIM_OC_Init)
    HAL_TIM_OC_MspInit                       0x0800308d   Thumb Code    40  stm32l4xx_hal_msp.o(i.HAL_TIM_OC_MspInit)
    HAL_TIM_OC_Start_IT                      0x080030b9   Thumb Code   116  stm32l4xx_hal_tim.o(i.HAL_TIM_OC_Start_IT)
    HAL_TIM_PWM_PulseFinishedCallback        0x08003141   Thumb Code     8  main.o(i.HAL_TIM_PWM_PulseFinishedCallback)
    HAL_TIM_PeriodElapsedCallback            0x08003149   Thumb Code     2  stm32l4xx_hal_tim.o(i.HAL_TIM_PeriodElapsedCallback)
    HAL_TIM_TriggerCallback                  0x0800314b   Thumb Code     2  stm32l4xx_hal_tim.o(i.HAL_TIM_TriggerCallback)
    HardFault_Handler                        0x0800314d   Thumb Code     2  stm32l4xx_it.o(i.HardFault_Handler)
    LCD_WaitForSynchro                       0x08003259   Thumb Code    48  stm32l4xx_hal_lcd.o(i.LCD_WaitForSynchro)
    MemManage_Handler                        0x08003289   Thumb Code     2  stm32l4xx_it.o(i.MemManage_Handler)
    NMI_Handler                              0x0800328b   Thumb Code     2  stm32l4xx_it.o(i.NMI_Handler)
    PendSV_Handler                           0x080032ad   Thumb Code     2  stm32l4xx_it.o(i.PendSV_Handler)
    SVC_Handler                              0x080035d1   Thumb Code     2  stm32l4xx_it.o(i.SVC_Handler)
    SysTick_Handler                          0x080035d3   Thumb Code     4  stm32l4xx_it.o(i.SysTick_Handler)
    SystemInit                               0x08003665   Thumb Code    56  system_stm32l4xx.o(i.SystemInit)
    TIM3_Config                              0x080036a9   Thumb Code    42  main.o(i.TIM3_Config)
    TIM3_IRQHandler                          0x080036e5   Thumb Code     6  stm32l4xx_it.o(i.TIM3_IRQHandler)
    TIM3_OC_Config                           0x080036f1   Thumb Code    48  main.o(i.TIM3_OC_Config)
    TIM4_IRQHandler                          0x08003729   Thumb Code     6  stm32l4xx_it.o(i.TIM4_IRQHandler)
    TIM_Base_SetConfig                       0x08003735   Thumb Code   152  stm32l4xx_hal_tim.o(i.TIM_Base_SetConfig)
    TIM_CCxChannelCmd                        0x080037ed   Thumb Code    22  stm32l4xx_hal_tim.o(i.TIM_CCxChannelCmd)
    TIM_OC2_SetConfig                        0x080038a1   Thumb Code   120  stm32l4xx_hal_tim.o(i.TIM_OC2_SetConfig)
    UsageFault_Handler                       0x08003b15   Thumb Code     2  stm32l4xx_it.o(i.UsageFault_Handler)
    __0sprintf                               0x08003f79   Thumb Code    34  printfa.o(i.__0sprintf)
    __1sprintf                               0x08003f79   Thumb Code     0  printfa.o(i.__0sprintf)
    __2sprintf                               0x08003f79   Thumb Code     0  printfa.o(i.__0sprintf)
    __c89sprintf                             0x08003f79   Thumb Code     0  printfa.o(i.__0sprintf)
    sprintf                                  0x08003f79   Thumb Code     0  printfa.o(i.__0sprintf)
    __scatterload_copy                       0x08003fa1   Thumb Code    14  handlers.o(i.__scatterload_copy)
    __scatterload_null                       0x08003faf   Thumb Code     2  handlers.o(i.__scatterload_null)
    __scatterload_zeroinit                   0x08003fb1   Thumb Code    14  handlers.o(i.__scatterload_zeroinit)
    displaySetPoint                          0x0800488d   Thumb Code    36  main.o(i.displaySetPoint)
    displayTempString                        0x080048bd   Thumb Code    40  main.o(i.displayTempString)
    main                                     0x080048f1   Thumb Code   192  main.o(i.main)
    CapLetterMap                             0x080049bc   Data          52  stm32l476g_discovery_glass_lcd.o(.constdata)
    NumberMap                                0x080049f0   Data          20  stm32l476g_discovery_glass_lcd.o(.constdata)
    LED_PIN                                  0x08004a04   Data           4  stm32l476g_discovery.o(.constdata)
    JOY_IRQn                                 0x08004a08   Data           5  stm32l476g_discovery.o(.constdata)
    JOY_PIN                                  0x08004a0e   Data          10  stm32l476g_discovery.o(.constdata)
    AHBPrescTable                            0x08004a18   Data          16  system_stm32l4xx.o(.constdata)
    MSIRangeTable                            0x08004a28   Data          48  system_stm32l4xx.o(.constdata)
    Region$$Table$$Base                      0x08004a58   Number         0  anon$$obj.o(Region$$Table)
    Region$$Table$$Limit                     0x08004a78   Number         0  anon$$obj.o(Region$$Table)
    FanState                                 0x20000000   Data           1  main.o(.data)
    TIM3_Prescaler                           0x20000002   Data           2  main.o(.data)
    TIM3_CCR                                 0x20000004   Data           2  main.o(.data)
    sel_pressed                              0x20000006   Data           2  main.o(.data)
    up_pressed                               0x20000008   Data           2  main.o(.data)
    down_pressed                             0x2000000a   Data           2  main.o(.data)
    ADC1ConvertedValue                       0x2000000c   Data           4  main.o(.data)
    temperatureString                        0x20000010   Data           6  main.o(.data)
    lcd_buffer                               0x20000016   Data           6  main.o(.data)
    setPoint                                 0x20000020   Data           8  main.o(.data)
    measuredTemp                             0x20000028   Data           8  main.o(.data)
    LED_PORT                                 0x20000030   Data           8  stm32l476g_discovery.o(.data)
    JOY_PORT                                 0x20000038   Data          20  stm32l476g_discovery.o(.data)
    uwTick                                   0x2000004c   Data           4  stm32l4xx_hal.o(.data)
    SystemCoreClock                          0x20000050   Data           4  system_stm32l4xx.o(.data)
    Adc_Handle                               0x20000054   Data         104  main.o(.bss)
    Adc_Channel                              0x200000bc   Data          24  main.o(.bss)
    Tim3_Handle                              0x200000d4   Data          60  main.o(.bss)
    Tim3_OCInitStructure                     0x20000110   Data          28  main.o(.bss)
    Tim4_Handle                              0x2000012c   Data          60  main.o(.bss)
    LCDHandle                                0x200001b0   Data          60  stm32l476g_discovery_glass_lcd.o(.bss)
    Digit                                    0x200001ec   Data          16  stm32l476g_discovery_glass_lcd.o(.bss)
    __initial_sp                             0x20000600   Data           0  startup_stm32l476xx.o(STACK)



==============================================================================

Memory Map of the image

  Image Entry point : 0x0800019d

  Load Region LR_1 (Base: 0x08000000, Size: 0x00004acc, Max: 0xffffffff, ABSOLUTE)

    Execution Region ER_RO (Base: 0x08000000, Size: 0x00004a78, Max: 0xffffffff, ABSOLUTE)

    Base Addr    Size         Type   Attr      Idx    E Section Name        Object

    0x08000000   0x00000188   Data   RO         3178    RESET               startup_stm32l476xx.o
    0x08000188   0x00000000   Code   RO         3221  * .ARM.Collect$$$$00000000  mc_w.l(entry.o)
    0x08000188   0x00000004   Code   RO         3493    .ARM.Collect$$$$00000001  mc_w.l(entry2.o)
    0x0800018c   0x00000004   Code   RO         3496    .ARM.Collect$$$$00000004  mc_w.l(entry5.o)
    0x08000190   0x00000000   Code   RO         3498    .ARM.Collect$$$$00000008  mc_w.l(entry7b.o)
    0x08000190   0x00000000   Code   RO         3500    .ARM.Collect$$$$0000000A  mc_w.l(entry8b.o)
    0x08000190   0x00000008   Code   RO         3501    .ARM.Collect$$$$0000000B  mc_w.l(entry9a.o)
    0x08000198   0x00000000   Code   RO         3503    .ARM.Collect$$$$0000000D  mc_w.l(entry10a.o)
    0x08000198   0x00000000   Code   RO         3505    .ARM.Collect$$$$0000000F  mc_w.l(entry11a.o)
    0x08000198   0x00000004   Code   RO         3494    .ARM.Collect$$$$00002712  mc_w.l(entry2.o)
    0x0800019c   0x00000024   Code   RO         3179  * .text               startup_stm32l476xx.o
    0x080001c0   0x00000024   Code   RO         3224    .text               mc_w.l(memseta.o)
    0x080001e4   0x0000015e   Code   RO         3487    .text               mf_w.l(dadd.o)
    0x08000342   0x000000ea   Code   RO         3489    .text               mf_w.l(dmul.o)
    0x0800042c   0x0000001a   Code   RO         3491    .text               mf_w.l(dfltui.o)
    0x08000446   0x0000002c   Code   RO         3510    .text               mc_w.l(uidiv.o)
    0x08000472   0x00000068   Code   RO         3512    .text               mc_w.l(uldiv.o)
    0x080004da   0x0000001e   Code   RO         3514    .text               mc_w.l(llshl.o)
    0x080004f8   0x00000024   Code   RO         3516    .text               mc_w.l(llsshr.o)
    0x0800051c   0x00000000   Code   RO         3518    .text               mc_w.l(iusefp.o)
    0x0800051c   0x000000ba   Code   RO         3519    .text               mf_w.l(depilogue.o)
    0x080005d6   0x000000de   Code   RO         3521    .text               mf_w.l(ddiv.o)
    0x080006b4   0x00000030   Code   RO         3523    .text               mf_w.l(dfixul.o)
    0x080006e4   0x00000030   Code   RO         3525    .text               mf_w.l(cdrcmple.o)
    0x08000714   0x00000024   Code   RO         3527    .text               mc_w.l(init.o)
    0x08000738   0x00000020   Code   RO         3530    .text               mc_w.l(llushr.o)
    0x08000758   0x0000000c   Code   RO          283    i.ADC1_2_IRQHandler  stm32l4xx_it.o
    0x08000764   0x000000b8   Code   RO            4    i.ADC_Config        main.o
    0x0800081c   0x000000bc   Code   RO         2709    i.ADC_ConversionStop  stm32l4xx_hal_adc.o
    0x080008d8   0x00000058   Code   RO         2710    i.ADC_DMAConvCplt   stm32l4xx_hal_adc.o
    0x08000930   0x0000001a   Code   RO         2711    i.ADC_DMAError      stm32l4xx_hal_adc.o
    0x0800094a   0x0000000a   Code   RO         2712    i.ADC_DMAHalfConvCplt  stm32l4xx_hal_adc.o
    0x08000954   0x00000062   Code   RO         2713    i.ADC_Disable       stm32l4xx_hal_adc.o
    0x080009b6   0x00000002   PAD
    0x080009b8   0x00000068   Code   RO         2714    i.ADC_Enable        stm32l4xx_hal_adc.o
    0x08000a20   0x00000020   Code   RO            5    i.ADCtoDegC         main.o
    0x08000a40   0x000000b6   Code   RO          530    i.BSP_JOY_Init      stm32l476g_discovery.o
    0x08000af6   0x00000002   PAD
    0x08000af8   0x0000000c   Code   RO          415    i.BSP_LCD_GLASS_Clear  stm32l476g_discovery_glass_lcd.o
    0x08000b04   0x00000030   Code   RO          422    i.BSP_LCD_GLASS_DisplayString  stm32l476g_discovery_glass_lcd.o
    0x08000b34   0x0000004c   Code   RO          423    i.BSP_LCD_GLASS_Init  stm32l476g_discovery_glass_lcd.o
    0x08000b80   0x00000070   Code   RO          532    i.BSP_LED_Init      stm32l476g_discovery.o
    0x08000bf0   0x0000001c   Code   RO          534    i.BSP_LED_On        stm32l476g_discovery.o
    0x08000c0c   0x00000018   Code   RO          535    i.BSP_LED_Toggle    stm32l476g_discovery.o
    0x08000c24   0x00000002   Code   RO          284    i.BusFault_Handler  stm32l4xx_it.o
    0x08000c26   0x00000002   PAD
    0x08000c28   0x00000108   Code   RO          425    i.Convert           stm32l476g_discovery_glass_lcd.o
    0x08000d30   0x0000000c   Code   RO          285    i.DMA1_Channel1_IRQHandler  stm32l4xx_it.o
    0x08000d3c   0x0000002a   Code   RO         2578    i.DMA_SetConfig     stm32l4xx_hal_dma.o
    0x08000d66   0x00000002   Code   RO          286    i.DebugMon_Handler  stm32l4xx_it.o
    0x08000d68   0x00000006   Code   RO          287    i.EXTI0_IRQHandler  stm32l4xx_it.o
    0x08000d6e   0x00000006   Code   RO          288    i.EXTI1_IRQHandler  stm32l4xx_it.o
    0x08000d74   0x00000006   Code   RO          289    i.EXTI2_IRQHandler  stm32l4xx_it.o
    0x08000d7a   0x00000006   Code   RO          290    i.EXTI3_IRQHandler  stm32l4xx_it.o
    0x08000d80   0x00000006   Code   RO          291    i.EXTI9_5_IRQHandler  stm32l4xx_it.o
    0x08000d86   0x00000008   Code   RO            6    i.Error_Handler     main.o
    0x08000d8e   0x00000086   Code   RO         2897    i.HAL_ADCEx_Calibration_Start  stm32l4xx_hal_adc_ex.o
    0x08000e14   0x00000002   Code   RO         2901    i.HAL_ADCEx_EndOfSamplingCallback  stm32l4xx_hal_adc_ex.o
    0x08000e16   0x00000002   Code   RO         2904    i.HAL_ADCEx_InjectedConvCpltCallback  stm32l4xx_hal_adc_ex.o
    0x08000e18   0x00000002   Code   RO         2907    i.HAL_ADCEx_InjectedQueueOverflowCallback  stm32l4xx_hal_adc_ex.o
    0x08000e1a   0x00000002   Code   RO         2912    i.HAL_ADCEx_LevelOutOfWindow2Callback  stm32l4xx_hal_adc_ex.o
    0x08000e1c   0x00000002   Code   RO         2913    i.HAL_ADCEx_LevelOutOfWindow3Callback  stm32l4xx_hal_adc_ex.o
    0x08000e1e   0x00000002   PAD
    0x08000e20   0x00000486   Code   RO         2716    i.HAL_ADC_ConfigChannel  stm32l4xx_hal_adc.o
    0x080012a6   0x00000002   Code   RO            7    i.HAL_ADC_ConvCpltCallback  main.o
    0x080012a8   0x00000002   Code   RO         2718    i.HAL_ADC_ConvHalfCpltCallback  stm32l4xx_hal_adc.o
    0x080012aa   0x00000002   PAD
    0x080012ac   0x000001e0   Code   RO         2719    i.HAL_ADC_DeInit    stm32l4xx_hal_adc.o
    0x0800148c   0x00000002   Code   RO         2720    i.HAL_ADC_ErrorCallback  stm32l4xx_hal_adc.o
    0x0800148e   0x00000002   PAD
    0x08001490   0x000002b0   Code   RO         2724    i.HAL_ADC_IRQHandler  stm32l4xx_hal_adc.o
    0x08001740   0x00000234   Code   RO         2725    i.HAL_ADC_Init      stm32l4xx_hal_adc.o
    0x08001974   0x00000002   Code   RO         2726    i.HAL_ADC_LevelOutOfWindowCallback  stm32l4xx_hal_adc.o
    0x08001976   0x00000002   PAD
    0x08001978   0x00000020   Code   RO          210    i.HAL_ADC_MspDeInit  stm32l4xx_hal_msp.o
    0x08001998   0x0000009c   Code   RO          211    i.HAL_ADC_MspInit   stm32l4xx_hal_msp.o
    0x08001a34   0x0000010c   Code   RO         2732    i.HAL_ADC_Start_DMA  stm32l4xx_hal_adc.o
    0x08001b40   0x0000008c   Code   RO         2581    i.HAL_DMA_DeInit    stm32l4xx_hal_dma.o
    0x08001bcc   0x000000a8   Code   RO         2584    i.HAL_DMA_IRQHandler  stm32l4xx_hal_dma.o
    0x08001c74   0x000000c0   Code   RO         2585    i.HAL_DMA_Init      stm32l4xx_hal_dma.o
    0x08001d34   0x00000070   Code   RO         2589    i.HAL_DMA_Start_IT  stm32l4xx_hal_dma.o
    0x08001da4   0x0000001c   Code   RO          616    i.HAL_Delay         stm32l4xx_hal.o
    0x08001dc0   0x00000024   Code   RO            8    i.HAL_GPIO_EXTI_Callback  main.o
    0x08001de4   0x00000018   Code   RO          947    i.HAL_GPIO_EXTI_IRQHandler  stm32l4xx_hal_gpio.o
    0x08001dfc   0x000001ca   Code   RO          948    i.HAL_GPIO_Init     stm32l4xx_hal_gpio.o
    0x08001fc6   0x00000008   Code   RO          951    i.HAL_GPIO_TogglePin  stm32l4xx_hal_gpio.o
    0x08001fce   0x0000000a   Code   RO          952    i.HAL_GPIO_WritePin  stm32l4xx_hal_gpio.o
    0x08001fd8   0x0000000c   Code   RO          620    i.HAL_GetTick       stm32l4xx_hal.o
    0x08001fe4   0x00000010   Code   RO          624    i.HAL_IncTick       stm32l4xx_hal.o
    0x08001ff4   0x00000016   Code   RO          625    i.HAL_Init          stm32l4xx_hal.o
    0x0800200a   0x00000002   PAD
    0x0800200c   0x00000028   Code   RO          626    i.HAL_InitTick      stm32l4xx_hal.o
    0x08002034   0x00000080   Code   RO         1011    i.HAL_LCD_Clear     stm32l4xx_hal_lcd.o
    0x080020b4   0x000000fc   Code   RO         1015    i.HAL_LCD_Init      stm32l4xx_hal_lcd.o
    0x080021b0   0x00000002   Code   RO         1017    i.HAL_LCD_MspInit   stm32l4xx_hal_lcd.o
    0x080021b2   0x00000054   Code   RO         1018    i.HAL_LCD_UpdateDisplayRequest  stm32l4xx_hal_lcd.o
    0x08002206   0x00000002   PAD
    0x08002208   0x00000088   Code   RO         1019    i.HAL_LCD_Write     stm32l4xx_hal_lcd.o
    0x08002290   0x00000002   Code   RO          213    i.HAL_MspInit       stm32l4xx_hal_msp.o
    0x08002292   0x00000016   Code   RO          825    i.HAL_NVIC_EnableIRQ  stm32l4xx_hal_cortex.o
    0x080022a8   0x00000040   Code   RO          831    i.HAL_NVIC_SetPriority  stm32l4xx_hal_cortex.o
    0x080022e8   0x00000024   Code   RO          832    i.HAL_NVIC_SetPriorityGrouping  stm32l4xx_hal_cortex.o
    0x0800230c   0x00000064   Code   RO         1204    i.HAL_PWREx_ControlVoltageScaling  stm32l4xx_hal_pwr_ex.o
    0x08002370   0x00000010   Code   RO         1235    i.HAL_PWREx_GetVoltageRange  stm32l4xx_hal_pwr_ex.o
    0x08002380   0x000003ae   Code   RO         1565    i.HAL_RCCEx_PeriphCLKConfig  stm32l4xx_hal_rcc_ex.o
    0x0800272e   0x00000002   PAD
    0x08002730   0x00000180   Code   RO         1450    i.HAL_RCC_ClockConfig  stm32l4xx_hal_rcc.o
    0x080028b0   0x000000fc   Code   RO         1458    i.HAL_RCC_GetSysClockFreq  stm32l4xx_hal_rcc.o
    0x080029ac   0x00000480   Code   RO         1461    i.HAL_RCC_OscConfig  stm32l4xx_hal_rcc.o
    0x08002e2c   0x00000028   Code   RO          836    i.HAL_SYSTICK_Config  stm32l4xx_hal_cortex.o
    0x08002e54   0x00000002   Code   RO         2327    i.HAL_TIMEx_BreakCallback  stm32l4xx_hal_tim_ex.o
    0x08002e56   0x00000002   Code   RO         2328    i.HAL_TIMEx_CommutationCallback  stm32l4xx_hal_tim_ex.o
    0x08002e58   0x00000002   Code   RO         1717    i.HAL_TIM_IC_CaptureCallback  stm32l4xx_hal_tim.o
    0x08002e5a   0x00000166   Code   RO         1730    i.HAL_TIM_IRQHandler  stm32l4xx_hal_tim.o
    0x08002fc0   0x00000072   Code   RO         1731    i.HAL_TIM_OC_ConfigChannel  stm32l4xx_hal_tim.o
    0x08003032   0x00000002   PAD
    0x08003034   0x00000020   Code   RO            9    i.HAL_TIM_OC_DelayElapsedCallback  main.o
    0x08003054   0x00000036   Code   RO         1735    i.HAL_TIM_OC_Init   stm32l4xx_hal_tim.o
    0x0800308a   0x00000002   PAD
    0x0800308c   0x0000002c   Code   RO          217    i.HAL_TIM_OC_MspInit  stm32l4xx_hal_msp.o
    0x080030b8   0x00000088   Code   RO         1740    i.HAL_TIM_OC_Start_IT  stm32l4xx_hal_tim.o
    0x08003140   0x00000008   Code   RO           10    i.HAL_TIM_PWM_PulseFinishedCallback  main.o
    0x08003148   0x00000002   Code   RO         1767    i.HAL_TIM_PeriodElapsedCallback  stm32l4xx_hal_tim.o
    0x0800314a   0x00000002   Code   RO         1771    i.HAL_TIM_TriggerCallback  stm32l4xx_hal_tim.o
    0x0800314c   0x00000002   Code   RO          292    i.HardFault_Handler  stm32l4xx_it.o
    0x0800314e   0x00000002   PAD
    0x08003150   0x00000108   Code   RO          427    i.LCD_MspInit       stm32l476g_discovery_glass_lcd.o
    0x08003258   0x00000030   Code   RO         1020    i.LCD_WaitForSynchro  stm32l4xx_hal_lcd.o
    0x08003288   0x00000002   Code   RO          293    i.MemManage_Handler  stm32l4xx_it.o
    0x0800328a   0x00000002   Code   RO          294    i.NMI_Handler       stm32l4xx_it.o
    0x0800328c   0x00000020   Code   RO          838    i.NVIC_SetPriority  stm32l4xx_hal_cortex.o
    0x080032ac   0x00000002   Code   RO          295    i.PendSV_Handler    stm32l4xx_it.o
    0x080032ae   0x00000002   PAD
    0x080032b0   0x00000168   Code   RO         1568    i.RCCEx_PLLSAI1_Config  stm32l4xx_hal_rcc_ex.o
    0x08003418   0x0000013c   Code   RO         1569    i.RCCEx_PLLSAI2_Config  stm32l4xx_hal_rcc_ex.o
    0x08003554   0x0000007c   Code   RO         1462    i.RCC_SetFlashLatencyFromMSIRange  stm32l4xx_hal_rcc.o
    0x080035d0   0x00000002   Code   RO          296    i.SVC_Handler       stm32l4xx_it.o
    0x080035d2   0x00000004   Code   RO          297    i.SysTick_Handler   stm32l4xx_it.o
    0x080035d6   0x00000002   PAD
    0x080035d8   0x0000008c   Code   RO           11    i.SystemClock_Config  main.o
    0x08003664   0x00000044   Code   RO         3187    i.SystemInit        system_stm32l4xx.o
    0x080036a8   0x0000003c   Code   RO           12    i.TIM3_Config       main.o
    0x080036e4   0x0000000c   Code   RO          298    i.TIM3_IRQHandler   stm32l4xx_it.o
    0x080036f0   0x00000038   Code   RO           13    i.TIM3_OC_Config    main.o
    0x08003728   0x0000000c   Code   RO          299    i.TIM4_IRQHandler   stm32l4xx_it.o
    0x08003734   0x000000b8   Code   RO         1772    i.TIM_Base_SetConfig  stm32l4xx_hal_tim.o
    0x080037ec   0x00000016   Code   RO         1773    i.TIM_CCxChannelCmd  stm32l4xx_hal_tim.o
    0x08003802   0x00000002   PAD
    0x08003804   0x0000009c   Code   RO         1781    i.TIM_OC1_SetConfig  stm32l4xx_hal_tim.o
    0x080038a0   0x00000090   Code   RO         1782    i.TIM_OC2_SetConfig  stm32l4xx_hal_tim.o
    0x08003930   0x00000090   Code   RO         1783    i.TIM_OC3_SetConfig  stm32l4xx_hal_tim.o
    0x080039c0   0x00000074   Code   RO         1784    i.TIM_OC4_SetConfig  stm32l4xx_hal_tim.o
    0x08003a34   0x00000070   Code   RO         1785    i.TIM_OC5_SetConfig  stm32l4xx_hal_tim.o
    0x08003aa4   0x00000070   Code   RO         1786    i.TIM_OC6_SetConfig  stm32l4xx_hal_tim.o
    0x08003b14   0x00000002   Code   RO          300    i.UsageFault_Handler  stm32l4xx_it.o
    0x08003b16   0x00000002   PAD
    0x08003b18   0x00000460   Code   RO          428    i.WriteChar         stm32l476g_discovery_glass_lcd.o
    0x08003f78   0x00000028   Code   RO         3461    i.__0sprintf        mc_w.l(printfa.o)
    0x08003fa0   0x0000000e   Code   RO         3535    i.__scatterload_copy  mc_w.l(handlers.o)
    0x08003fae   0x00000002   Code   RO         3536    i.__scatterload_null  mc_w.l(handlers.o)
    0x08003fb0   0x0000000e   Code   RO         3537    i.__scatterload_zeroinit  mc_w.l(handlers.o)
    0x08003fbe   0x00000002   PAD
    0x08003fc0   0x0000018a   Code   RO         3466    i._fp_digits        mc_w.l(printfa.o)
    0x0800414a   0x00000002   PAD
    0x0800414c   0x000006e2   Code   RO         3467    i._printf_core      mc_w.l(printfa.o)
    0x0800482e   0x00000024   Code   RO         3468    i._printf_post_padding  mc_w.l(printfa.o)
    0x08004852   0x0000002e   Code   RO         3469    i._printf_pre_padding  mc_w.l(printfa.o)
    0x08004880   0x0000000a   Code   RO         3471    i._sputc            mc_w.l(printfa.o)
    0x0800488a   0x00000002   PAD
    0x0800488c   0x00000030   Code   RO           14    i.displaySetPoint   main.o
    0x080048bc   0x00000034   Code   RO           15    i.displayTempString  main.o
    0x080048f0   0x000000cc   Code   RO           16    i.main              main.o
    0x080049bc   0x00000048   Data   RO          430    .constdata          stm32l476g_discovery_glass_lcd.o
    0x08004a04   0x00000014   Data   RO          537    .constdata          stm32l476g_discovery.o
    0x08004a18   0x00000040   Data   RO         3188    .constdata          system_stm32l4xx.o
    0x08004a58   0x00000020   Data   RO         3533    Region$$Table       anon$$obj.o


    Execution Region ER_RW (Base: 0x20000000, Size: 0x00000054, Max: 0xffffffff, ABSOLUTE)

    Base Addr    Size         Type   Attr      Idx    E Section Name        Object

    0x20000000   0x00000030   Data   RW           20    .data               main.o
    0x20000030   0x0000001c   Data   RW          538    .data               stm32l476g_discovery.o
    0x2000004c   0x00000004   Data   RW          641    .data               stm32l4xx_hal.o
    0x20000050   0x00000004   Data   RW         3190    .data               system_stm32l4xx.o


    Execution Region ER_ZI (Base: 0x20000054, Size: 0x000005ac, Max: 0xffffffff, ABSOLUTE)

    Base Addr    Size         Type   Attr      Idx    E Section Name        Object

    0x20000054   0x000000d8   Zero   RW           17    .bss                main.o
    0x2000012c   0x0000003c   Zero   RW           18    .bss                main.o
    0x20000168   0x00000048   Zero   RW          219    .bss                stm32l4xx_hal_msp.o
    0x200001b0   0x0000004c   Zero   RW          429    .bss                stm32l476g_discovery_glass_lcd.o
    0x200001fc   0x00000004   PAD
    0x20000200   0x00000400   Zero   RW         3176    STACK               startup_stm32l476xx.o


==============================================================================

Image component sizes


      Code (inc. data)   RO Data    RW Data    ZI Data      Debug   Object Name

       862        134          0         48        276     887417   main.o
        36          8        392          0       1024        868   startup_stm32l476xx.o
       346         50         20         28          0       4437   stm32l476g_discovery.o
      1784         98         72          0         76       6640   stm32l476g_discovery_glass_lcd.o
       118         18          0          4          0       4539   stm32l4xx_hal.o
      3678        128          0          0          0      14250   stm32l4xx_hal_adc.o
       144          0          0          0          0       5007   stm32l4xx_hal_adc_ex.o
       194         14          0          0          0      30835   stm32l4xx_hal_cortex.o
       654         26          0          0          0       4860   stm32l4xx_hal_dma.o
       500         44          0          0          0       4072   stm32l4xx_hal_gpio.o
       650          4          0          0          0       5661   stm32l4xx_hal_lcd.o
       234         22          0          0         72       2653   stm32l4xx_hal_msp.o
       116         20          0          0          0       1474   stm32l4xx_hal_pwr_ex.o
      1912         62          0          0          0       5914   stm32l4xx_hal_rcc.o
      1618         40          0          0          0       4436   stm32l4xx_hal_rcc_ex.o
      1658        200          0          0          0      13110   stm32l4xx_hal_tim.o
         4          0          0          0          0       1894   stm32l4xx_hal_tim_ex.o
        98         22          0          0          0       8274   stm32l4xx_it.o
        68         12         64          4          0       1361   system_stm32l4xx.o

    ----------------------------------------------------------------------
     14708        902        580         84       1452    1007702   Object Totals
         0          0         32          0          0          0   (incl. Generated)
        34          0          0          0          4          0   (incl. Padding)

    ----------------------------------------------------------------------

      Code (inc. data)   RO Data    RW Data    ZI Data      Debug   Library Member Name

         0          0          0          0          0          0   entry.o
         0          0          0          0          0          0   entry10a.o
         0          0          0          0          0          0   entry11a.o
         8          4          0          0          0          0   entry2.o
         4          0          0          0          0          0   entry5.o
         0          0          0          0          0          0   entry7b.o
         0          0          0          0          0          0   entry8b.o
         8          4          0          0          0          0   entry9a.o
        30          0          0          0          0          0   handlers.o
        36          8          0          0          0         68   init.o
         0          0          0          0          0          0   iusefp.o
        30          0          0          0          0         68   llshl.o
        36          0          0          0          0         68   llsshr.o
        32          0          0          0          0         68   llushr.o
        36          0          0          0          0        108   memseta.o
      2288         86          0          0          0        520   printfa.o
        44          0          0          0          0         80   uidiv.o
       104          0          0          0          0         92   uldiv.o
        48          0          0          0          0         68   cdrcmple.o
       350          0          0          0          0        148   dadd.o
       222          0          0          0          0        100   ddiv.o
       186          0          0          0          0        176   depilogue.o
        48          0          0          0          0         68   dfixul.o
        26          0          0          0          0         76   dfltui.o
       234          0          0          0          0         96   dmul.o

    ----------------------------------------------------------------------
      3776        102          0          0          0       1804   Library Totals
         6          0          0          0          0          0   (incl. Padding)

    ----------------------------------------------------------------------

      Code (inc. data)   RO Data    RW Data    ZI Data      Debug   Library Name

      2656        102          0          0          0       1072   mc_w.l
      1114          0          0          0          0        732   mf_w.l

    ----------------------------------------------------------------------
      3776        102          0          0          0       1804   Library Totals

    ----------------------------------------------------------------------

==============================================================================


      Code (inc. data)   RO Data    RW Data    ZI Data      Debug   

     18484       1004        580         84       1452     997774   Grand Totals
     18484       1004        580         84       1452     997774   ELF Image Totals
     18484       1004        580         84          0          0   ROM Totals

==============================================================================

    Total RO  Size (Code + RO Data)                19064 (  18.62kB)
    Total RW  Size (RW Data + ZI Data)              1536 (   1.50kB)
    Total ROM Size (Code + RO Data + RW Data)      19148 (  18.70kB)

==============================================================================

