Component: ARM Compiler 5.06 update 4 (build 422) Tool: armlink [4d35d2]

==============================================================================

Section Cross References

    main.o(i.ADC_Config) refers to stm32l4xx_hal_adc.o(i.HAL_ADC_DeInit) for HAL_ADC_DeInit
    main.o(i.ADC_Config) refers to stm32l4xx_hal_adc.o(i.HAL_ADC_Init) for HAL_ADC_Init
    main.o(i.ADC_Config) refers to stm32l4xx_hal_adc_ex.o(i.HAL_ADCEx_Calibration_Start) for HAL_ADCEx_Calibration_Start
    main.o(i.ADC_Config) refers to stm32l476g_discovery_glass_lcd.o(i.BSP_LCD_GLASS_DisplayString) for BSP_LCD_GLASS_DisplayString
    main.o(i.ADC_Config) refers to stm32l4xx_hal_adc.o(i.HAL_ADC_ConfigChannel) for HAL_ADC_ConfigChannel
    main.o(i.ADC_Config) refers to ddiv.o(.text) for __aeabi_ddiv
    main.o(i.ADC_Config) refers to dfixui.o(.text) for __aeabi_d2uiz
    main.o(i.ADC_Config) refers to stm32l4xx_hal_adc.o(i.HAL_ADC_AnalogWDGConfig) for HAL_ADC_AnalogWDGConfig
    main.o(i.ADC_Config) refers to main.o(i.Error_Handler) for Error_Handler
    main.o(i.ADC_Config) refers to stm32l4xx_hal_adc.o(i.HAL_ADC_Start_DMA) for HAL_ADC_Start_DMA
    main.o(i.ADC_Config) refers to main.o(.bss) for .bss
    main.o(i.ADC_Config) refers to main.o(.data) for .data
    main.o(i.ADCtoDegC) refers to dfltui.o(.text) for __aeabi_ui2d
    main.o(i.ADCtoDegC) refers to dmul.o(.text) for __aeabi_dmul
    main.o(i.Error_Handler) refers to stm32l476g_discovery.o(i.BSP_LED_On) for BSP_LED_On
    main.o(i.HAL_ADC_LevelOutOfWindowCallback) refers to main.o(.data) for .data
    main.o(i.HAL_GPIO_EXTI_Callback) refers to main.o(.data) for .data
    main.o(i.HAL_GPIO_EXTI_Callback) refers to main.o(.bss) for .bss
    main.o(i.HAL_TIM_OC_DelayElapsedCallback) refers to stm32l476g_discovery.o(i.BSP_LED_Toggle) for BSP_LED_Toggle
    main.o(i.HAL_TIM_OC_DelayElapsedCallback) refers to stm32l4xx_hal_adc.o(i.HAL_ADC_Start_DMA) for HAL_ADC_Start_DMA
    main.o(i.HAL_TIM_OC_DelayElapsedCallback) refers to main.o(.data) for .data
    main.o(i.HAL_TIM_OC_DelayElapsedCallback) refers to main.o(.bss) for .bss
    main.o(i.Set_Duty) refers to dmul.o(.text) for __aeabi_dmul
    main.o(i.Set_Duty) refers to ddiv.o(.text) for __aeabi_ddiv
    main.o(i.Set_Duty) refers to dfixui.o(.text) for __aeabi_d2uiz
    main.o(i.Set_Duty) refers to stm32l4xx_hal_tim.o(i.HAL_TIM_PWM_ConfigChannel) for HAL_TIM_PWM_ConfigChannel
    main.o(i.Set_Duty) refers to stm32l4xx_hal_tim.o(i.HAL_TIM_PWM_Start) for HAL_TIM_PWM_Start
    main.o(i.Set_Duty) refers to main.o(.bss) for .bss
    main.o(i.SystemClock_Config) refers to memseta.o(.text) for __aeabi_memclr4
    main.o(i.SystemClock_Config) refers to stm32l4xx_hal_rcc.o(i.HAL_RCC_OscConfig) for HAL_RCC_OscConfig
    main.o(i.SystemClock_Config) refers to stm32l4xx_hal_rcc.o(i.HAL_RCC_ClockConfig) for HAL_RCC_ClockConfig
    main.o(i.SystemClock_Config) refers to stm32l4xx_hal_pwr_ex.o(i.HAL_PWREx_ControlVoltageScaling) for HAL_PWREx_ControlVoltageScaling
    main.o(i.TIM3_Config) refers to system_stm32l4xx.o(.data) for SystemCoreClock
    main.o(i.TIM3_Config) refers to main.o(.data) for .data
    main.o(i.TIM3_Config) refers to main.o(.bss) for .bss
    main.o(i.TIM3_OC_Config) refers to stm32l4xx_hal_tim.o(i.HAL_TIM_OC_Init) for HAL_TIM_OC_Init
    main.o(i.TIM3_OC_Config) refers to stm32l4xx_hal_tim.o(i.HAL_TIM_OC_ConfigChannel) for HAL_TIM_OC_ConfigChannel
    main.o(i.TIM3_OC_Config) refers to stm32l4xx_hal_tim.o(i.HAL_TIM_OC_Start_IT) for HAL_TIM_OC_Start_IT
    main.o(i.TIM3_OC_Config) refers to main.o(.bss) for .bss
    main.o(i.TIM3_OC_Config) refers to main.o(.data) for .data
    main.o(i.TIM4_PWM_Config) refers to stm32l4xx_hal_tim.o(i.HAL_TIM_PWM_Init) for HAL_TIM_PWM_Init
    main.o(i.TIM4_PWM_Config) refers to stm32l4xx_hal_tim.o(i.HAL_TIM_PWM_ConfigChannel) for HAL_TIM_PWM_ConfigChannel
    main.o(i.TIM4_PWM_Config) refers to stm32l4xx_hal_tim.o(i.HAL_TIM_PWM_Start) for HAL_TIM_PWM_Start
    main.o(i.TIM4_PWM_Config) refers to main.o(i.Error_Handler) for Error_Handler
    main.o(i.TIM4_PWM_Config) refers to system_stm32l4xx.o(.data) for SystemCoreClock
    main.o(i.TIM4_PWM_Config) refers to main.o(.data) for .data
    main.o(i.TIM4_PWM_Config) refers to main.o(.bss) for .bss
    main.o(i.displaySetPoint) refers to printfa.o(i.__0sprintf) for __2sprintf
    main.o(i.displaySetPoint) refers to stm32l476g_discovery_glass_lcd.o(i.BSP_LCD_GLASS_Clear) for BSP_LCD_GLASS_Clear
    main.o(i.displaySetPoint) refers to stm32l476g_discovery_glass_lcd.o(i.BSP_LCD_GLASS_DisplayString) for BSP_LCD_GLASS_DisplayString
    main.o(i.displaySetPoint) refers to main.o(.data) for .data
    main.o(i.displayTempString) refers to main.o(i.ADCtoDegC) for ADCtoDegC
    main.o(i.displayTempString) refers to printfa.o(i.__0sprintf) for __2sprintf
    main.o(i.displayTempString) refers to stm32l476g_discovery_glass_lcd.o(i.BSP_LCD_GLASS_DisplayString) for BSP_LCD_GLASS_DisplayString
[...]
    Removing stm32l4xx_hal_adc_ex.o(i.HAL_ADCEx_InjectedStart_IT), (284 bytes).
    Removing stm32l4xx_hal_adc_ex.o(i.HAL_ADCEx_InjectedStop), (78 bytes).
    Removing stm32l4xx_hal_adc_ex.o(i.HAL_ADCEx_InjectedStop_IT), (88 bytes).
    Removing stm32l4xx_hal_adc_ex.o(i.HAL_ADCEx_MultiModeConfigChannel), (252 bytes).
    Removing stm32l4xx_hal_adc_ex.o(i.HAL_ADCEx_MultiModeGetValue), (12 bytes).
    Removing stm32l4xx_hal_adc_ex.o(i.HAL_ADCEx_MultiModeStart_DMA), (204 bytes).
    Removing stm32l4xx_hal_adc_ex.o(i.HAL_ADCEx_MultiModeStop_DMA), (200 bytes).
    Removing stm32l4xx_hal_adc_ex.o(i.HAL_ADCEx_RegularMultiModeStop_DMA), (212 bytes).
    Removing stm32l4xx_hal_adc_ex.o(i.HAL_ADCEx_RegularStop), (86 bytes).
    Removing stm32l4xx_hal_adc_ex.o(i.HAL_ADCEx_RegularStop_DMA), (138 bytes).
    Removing stm32l4xx_hal_adc_ex.o(i.HAL_ADCEx_RegularStop_IT), (96 bytes).
    Removing buttons_stm32l476g-eval.o(.rev16_text), (4 bytes).
    Removing buttons_stm32l476g-eval.o(.revsh_text), (4 bytes).
    Removing buttons_stm32l476g-eval.o(.rrx_text), (6 bytes).
    Removing buttons_stm32l476g-eval.o(i.Buttons_GetCount), (4 bytes).
    Removing buttons_stm32l476g-eval.o(i.Buttons_GetState), (20 bytes).
    Removing buttons_stm32l476g-eval.o(i.Buttons_Initialize), (64 bytes).
    Removing buttons_stm32l476g-eval.o(i.Buttons_Uninitialize), (20 bytes).
    Removing led_stm32l476g-eval.o(.rev16_text), (4 bytes).
    Removing led_stm32l476g-eval.o(.revsh_text), (4 bytes).
    Removing led_stm32l476g-eval.o(.rrx_text), (6 bytes).
    Removing led_stm32l476g-eval.o(i.LED_GetCount), (4 bytes).
    Removing led_stm32l476g-eval.o(i.LED_Initialize), (80 bytes).
    Removing led_stm32l476g-eval.o(i.LED_Off), (28 bytes).
    Removing led_stm32l476g-eval.o(i.LED_On), (28 bytes).
    Removing led_stm32l476g-eval.o(i.LED_SetOut), (26 bytes).
    Removing led_stm32l476g-eval.o(i.LED_Uninitialize), (4 bytes).
    Removing led_stm32l476g-eval.o(.constdata), (4 bytes).
    Removing startup_stm32l476xx.o(HEAP), (512 bytes).
    Removing system_stm32l4xx.o(.rev16_text), (4 bytes).
    Removing system_stm32l4xx.o(.revsh_text), (4 bytes).
    Removing system_stm32l4xx.o(.rrx_text), (6 bytes).
    Removing system_stm32l4xx.o(i.SystemCoreClockUpdate), (168 bytes).
    Removing system_stm32l4xx.o(.constdata), (8 bytes).

400 unused section(s) (total 25041 bytes) removed from the image.

==============================================================================

Image Symbol Table

    Local Symbols

    Symbol Name                              Value     Ov Type        Size  Object(Section)

    ../clib/microlib/division.c              0x00000000   Number         0  uldiv.o ABSOLUTE
    ../clib/microlib/division.c              0x00000000   Number         0  uidiv.o ABSOLUTE
    ../clib/microlib/init/entry.s            0x00000000   Number         0  entry7b.o ABSOLUTE
    ../clib/microlib/init/entry.s            0x00000000   Number         0  entry2.o ABSOLUTE
    ../clib/microlib/init/entry.s            0x00000000   Number         0  entry10a.o ABSOLUTE
    ../clib/microlib/init/entry.s            0x00000000   Number         0  entry9b.o ABSOLUTE
    ../clib/microlib/init/entry.s            0x00000000   Number         0  entry11a.o ABSOLUTE
    ../clib/microlib/init/entry.s            0x00000000   Number         0  entry8b.o ABSOLUTE
    ../clib/microlib/init/entry.s            0x00000000   Number         0  entry11b.o ABSOLUTE
    ../clib/microlib/init/entry.s            0x00000000   Number         0  entry.o ABSOLUTE
    ../clib/microlib/init/entry.s            0x00000000   Number         0  entry8a.o ABSOLUTE
    ../clib/microlib/init/entry.s            0x00000000   Number         0  entry5.o ABSOLUTE
    ../clib/microlib/init/entry.s            0x00000000   Number         0  entry10b.o ABSOLUTE
    ../clib/microlib/init/entry.s            0x00000000   Number         0  entry9a.o ABSOLUTE
    ../clib/microlib/init/entry.s            0x00000000   Number         0  entry7a.o ABSOLUTE
    ../clib/microlib/longlong.c              0x00000000   Number         0  llsshr.o ABSOLUTE
    ../clib/microlib/longlong.c              0x00000000   Number         0  llushr.o ABSOLUTE
    ../clib/microlib/longlong.c              0x00000000   Number         0  llshl.o ABSOLUTE
    ../clib/microlib/printf/printf.c         0x00000000   Number         0  printfb.o ABSOLUTE
    ../clib/microlib/printf/printf.c         0x00000000   Number         0  printf3.o ABSOLUTE
    ../clib/microlib/printf/printf.c         0x00000000   Number         0  printf4.o ABSOLUTE
    ../clib/microlib/printf/printf.c         0x00000000   Number         0  printf5.o ABSOLUTE
    ../clib/microlib/printf/printf.c         0x00000000   Number         0  printf0.o ABSOLUTE
    ../clib/microlib/printf/printf.c         0x00000000   Number         0  printf7.o ABSOLUTE
    ../clib/microlib/printf/printf.c         0x00000000   Number         0  printf6.o ABSOLUTE
    ../clib/microlib/printf/printf.c         0x00000000   Number         0  printf8.o ABSOLUTE
    ../clib/microlib/printf/printf.c         0x00000000   Number         0  printf2.o ABSOLUTE
    ../clib/microlib/printf/printf.c         0x00000000   Number         0  printfa.o ABSOLUTE
    ../clib/microlib/printf/printf.c         0x00000000   Number         0  printf1.o ABSOLUTE
    ../clib/microlib/printf/stubs.s          0x00000000   Number         0  stubs.o ABSOLUTE
    ../clib/microlib/stdio/fputc.c           0x00000000   Number         0  fputc.o ABSOLUTE
    ../clib/microlib/stdio/semi.s            0x00000000   Number         0  semi.o ABSOLUTE
    ../clib/microlib/stdio/streams.c         0x00000000   Number         0  stdout.o ABSOLUTE
    ../clib/microlib/string/memset.c         0x00000000   Number         0  memseta.o ABSOLUTE
    ../clib/microlib/stubs.s                 0x00000000   Number         0  iusefp.o ABSOLUTE
    ../clib/microlib/stubs.s                 0x00000000   Number         0  iusesemip.o ABSOLUTE
    ../fplib/microlib/fpadd.c                0x00000000   Number         0  dadd.o ABSOLUTE
    ../fplib/microlib/fpdiv.c                0x00000000   Number         0  ddiv.o ABSOLUTE
    ../fplib/microlib/fpepilogue.c           0x00000000   Number         0  depilogue.o ABSOLUTE
    ../fplib/microlib/fpfix.c                0x00000000   Number         0  dfixul.o ABSOLUTE
    ../fplib/microlib/fpfix.c                0x00000000   Number         0  dfixui.o ABSOLUTE
    ../fplib/microlib/fpflt.c                0x00000000   Number         0  dfltui.o ABSOLUTE
    ../fplib/microlib/fpmul.c                0x00000000   Number         0  dmul.o ABSOLUTE
    ..\STM32Cube_FW_L4_V1.8.0\Drivers\BSP\STM32L476G-Discovery\stm32l476g_discovery.c 0x00000000   Number         0  stm32l476g_discovery.o ABSOLUTE
    ..\STM32Cube_FW_L4_V1.8.0\Drivers\BSP\STM32L476G-Discovery\stm32l476g_discovery_glass_lcd.c 0x00000000   Number         0  stm32l476g_discovery_glass_lcd.o ABSOLUTE
    ..\STM32Cube_FW_L4_V1.8.0\Drivers\STM32L4xx_HAL_Driver\Src\stm32l4xx_hal.c 0x00000000   Number         0  stm32l4xx_hal.o ABSOLUTE
    ..\STM32Cube_FW_L4_V1.8.0\Drivers\STM32L4xx_HAL_Driver\Src\stm32l4xx_hal_adc.c 0x00000000   Number         0  stm32l4xx_hal_adc.o ABSOLUTE
    ..\STM32Cube_FW_L4_V1.8.0\Drivers\STM32L4xx_HAL_Driver\Src\stm32l4xx_hal_adc_ex.c 0x00000000   Number         0  stm32l4xx_hal_adc_ex.o ABSOLUTE
    ..\STM32Cube_FW_L4_V1.8.0\Drivers\STM32L4xx_HAL_Driver\Src\stm32l4xx_hal_cortex.c 0x00000000   Number         0  stm32l4xx_hal_cortex.o ABSOLUTE
    ..\STM32Cube_FW_L4_V1.8.0\Drivers\STM32L4xx_HAL_Driver\Src\stm32l4xx_hal_dma.c 0x00000000   Number         0  stm32l4xx_hal_dma.o ABSOLUTE
    ..\STM32Cube_FW_L4_V1.8.0\Drivers\STM32L4xx_HAL_Driver\Src\stm32l4xx_hal_gpio.c 0x00000000   Number         0  stm32l4xx_hal_gpio.o ABSOLUTE
    ..\STM32Cube_FW_L4_V1.8.0\Drivers\STM32L4xx_HAL_Driver\Src\stm32l4xx_hal_i2c.c 0x00000000   Number         0  stm32l4xx_hal_i2c.o ABSOLUTE
    ..\STM32Cube_FW_L4_V1.8.0\Drivers\STM32L4xx_HAL_Driver\Src\stm32l4xx_hal_i2c_ex.c 0x00000000   Number         0  stm32l4xx_hal_i2c_ex.o ABSOLUTE
    ..\STM32Cube_FW_L4_V1.8.0\Drivers\STM32L4xx_HAL_Driver\Src\stm32l4xx_hal_lcd.c 0x00000000   Number         0  stm32l4xx_hal_lcd.o ABSOLUTE
    ..\STM32Cube_FW_L4_V1.8.0\Drivers\STM32L4xx_HAL_Driver\Src\stm32l4xx_hal_pwr.c 0x00000000   Number         0  stm32l4xx_hal_pwr.o ABSOLUTE
    ..\STM32Cube_FW_L4_V1.8.0\Drivers\STM32L4xx_HAL_Driver\Src\stm32l4xx_hal_pwr_ex.c 0x00000000   Number         0  stm32l4xx_hal_pwr_ex.o ABSOLUTE
    ..\STM32Cube_FW_L4_V1.8.0\Drivers\STM32L4xx_HAL_Driver\Src\stm32l4xx_hal_rcc.c 0x00000000   Number         0  stm32l4xx_hal_rcc.o ABSOLUTE
    ..\STM32Cube_FW_L4_V1.8.0\Drivers\STM32L4xx_HAL_Driver\Src\stm32l4xx_hal_rcc_ex.c 0x00000000   Number         0  stm32l4xx_hal_rcc_ex.o ABSOLUTE
    ..\STM32Cube_FW_L4_V1.8.0\Drivers\STM32L4xx_HAL_Driver\Src\stm32l4xx_hal_tim.c 0x00000000   Number         0  stm32l4xx_hal_tim.o ABSOLUTE
    ..\STM32Cube_FW_L4_V1.8.0\Drivers\STM32L4xx_HAL_Driver\Src\stm32l4xx_hal_tim_ex.c 0x00000000   Number         0  stm32l4xx_hal_tim_ex.o ABSOLUTE
    ..\\STM32Cube_FW_L4_V1.8.0\\Drivers\\BSP\\STM32L476G-Discovery\\stm32l476g_discovery.c 0x00000000   Number         0  stm32l476g_discovery.o ABSOLUTE
    ..\\STM32Cube_FW_L4_V1.8.0\\Drivers\\BSP\\STM32L476G-Discovery\\stm32l476g_discovery_glass_lcd.c 0x00000000   Number         0  stm32l476g_discovery_glass_lcd.o ABSOLUTE
    ..\\STM32Cube_FW_L4_V1.8.0\\Drivers\\STM32L4xx_HAL_Driver\\Src\\stm32l4xx_hal.c 0x00000000   Number         0  stm32l4xx_hal.o ABSOLUTE
    ..\\STM32Cube_FW_L4_V1.8.0\\Drivers\\STM32L4xx_HAL_Driver\\Src\\stm32l4xx_hal_adc.c 0x00000000   Number         0  stm32l4xx_hal_adc.o ABSOLUTE
    ..\\STM32Cube_FW_L4_V1.8.0\\Drivers\\STM32L4xx_HAL_Driver\\Src\\stm32l4xx_hal_adc_ex.c 0x00000000   Number         0  stm32l4xx_hal_adc_ex.o ABSOLUTE
    ..\\STM32Cube_FW_L4_V1.8.0\\Drivers\\STM32L4xx_HAL_Driver\\Src\\stm32l4xx_hal_cortex.c 0x00000000   Number         0  stm32l4xx_hal_cortex.o ABSOLUTE
    ..\\STM32Cube_FW_L4_V1.8.0\\Drivers\\STM32L4xx_HAL_Driver\\Src\\stm32l4xx_hal_dma.c 0x00000000   Number         0  stm32l4xx_hal_dma.o ABSOLUTE
    ..\\STM32Cube_FW_L4_V1.8.0\\Drivers\\STM32L4xx_HAL_Driver\\Src\\stm32l4xx_hal_gpio.c 0x00000000   Number         0  stm32l4xx_hal_gpio.o ABSOLUTE
    ..\\STM32Cube_FW_L4_V1.8.0\\Drivers\\STM32L4xx_HAL_Driver\\Src\\stm32l4xx_hal_i2c.c 0x00000000   Number         0  stm32l4xx_hal_i2c.o ABSOLUTE
    ..\\STM32Cube_FW_L4_V1.8.0\\Drivers\\STM32L4xx_HAL_Driver\\Src\\stm32l4xx_hal_i2c_ex.c 0x00000000   Number         0  stm32l4xx_hal_i2c_ex.o ABSOLUTE
    ..\\STM32Cube_FW_L4_V1.8.0\\Drivers\\STM32L4xx_HAL_Driver\\Src\\stm32l4xx_hal_lcd.c 0x00000000   Number         0  stm32l4xx_hal_lcd.o ABSOLUTE
    ..\\STM32Cube_FW_L4_V1.8.0\\Drivers\\STM32L4xx_HAL_Driver\\Src\\stm32l4xx_hal_pwr.c 0x00000000   Number         0  stm32l4xx_hal_pwr.o ABSOLUTE
    ..\\STM32Cube_FW_L4_V1.8.0\\Drivers\\STM32L4xx_HAL_Driver\\Src\\stm32l4xx_hal_pwr_ex.c 0x00000000   Number         0  stm32l4xx_hal_pwr_ex.o ABSOLUTE
    ..\\STM32Cube_FW_L4_V1.8.0\\Drivers\\STM32L4xx_HAL_Driver\\Src\\stm32l4xx_hal_rcc.c 0x00000000   Number         0  stm32l4xx_hal_rcc.o ABSOLUTE
    ..\\STM32Cube_FW_L4_V1.8.0\\Drivers\\STM32L4xx_HAL_Driver\\Src\\stm32l4xx_hal_rcc_ex.c 0x00000000   Number         0  stm32l4xx_hal_rcc_ex.o ABSOLUTE
    ..\\STM32Cube_FW_L4_V1.8.0\\Drivers\\STM32L4xx_HAL_Driver\\Src\\stm32l4xx_hal_tim.c 0x00000000   Number         0  stm32l4xx_hal_tim.o ABSOLUTE
    ..\\STM32Cube_FW_L4_V1.8.0\\Drivers\\STM32L4xx_HAL_Driver\\Src\\stm32l4xx_hal_tim_ex.c 0x00000000   Number         0  stm32l4xx_hal_tim_ex.o ABSOLUTE
    C:\Keil_v5\ARM\PACK\Keil\STM32L4xx_DFP\1.4.0\Boards\ST\STM32L476G-EVAL\Common\Buttons_STM32L476G-EVAL.c 0x00000000   Number         0  buttons_stm32l476g-eval.o ABSOLUTE
    C:\Keil_v5\ARM\PACK\Keil\STM32L4xx_DFP\1.4.0\Boards\ST\STM32L476G-EVAL\Common\LED_STM32L476G-EVAL.c 0x00000000   Number         0  led_stm32l476g-eval.o ABSOLUTE
    C:\\Keil_v5\\ARM\\PACK\\Keil\\STM32L4xx_DFP\\1.4.0\\Boards\\ST\\STM32L476G-EVAL\\Common\\Buttons_STM32L476G-EVAL.c 0x00000000   Number         0  buttons_stm32l476g-eval.o ABSOLUTE
    C:\\Keil_v5\\ARM\\PACK\\Keil\\STM32L4xx_DFP\\1.4.0\\Boards\\ST\\STM32L476G-EVAL\\Common\\LED_STM32L476G-EVAL.c 0x00000000   Number         0  led_stm32l476g-eval.o ABSOLUTE
    RTE\Device\STM32L476VGTx\startup_stm32l476xx.s 0x00000000   Number         0  startup_stm32l476xx.o ABSOLUTE
    RTE\Device\STM32L476VGTx\system_stm32l4xx.c 0x00000000   Number         0  system_stm32l4xx.o ABSOLUTE
    RTE\\Device\\STM32L476VGTx\\system_stm32l4xx.c 0x00000000   Number         0  system_stm32l4xx.o ABSOLUTE
    cdcmple.s                                0x00000000   Number         0  cdcmple.o ABSOLUTE
    cdrcmple.s                               0x00000000   Number         0  cdrcmple.o ABSOLUTE
    dc.s                                     0x00000000   Number         0  dc.o ABSOLUTE
    handlers.s                               0x00000000   Number         0  handlers.o ABSOLUTE
    init.s                                   0x00000000   Number         0  init.o ABSOLUTE
    src\\main.c                              0x00000000   Number         0  main.o ABSOLUTE
    src\\stm32l4xx_hal_msp.c                 0x00000000   Number         0  stm32l4xx_hal_msp.o ABSOLUTE
    src\\stm32l4xx_it.c                      0x00000000   Number         0  stm32l4xx_it.o ABSOLUTE
    src\main.c                               0x00000000   Number         0  main.o ABSOLUTE
    src\stm32l4xx_hal_msp.c                  0x00000000   Number         0  stm32l4xx_hal_msp.o ABSOLUTE
    src\stm32l4xx_it.c                       0x00000000   Number         0  stm32l4xx_it.o ABSOLUTE
    RESET                                    0x08000000   Section      392  startup_stm32l476xx.o(RESET)
    .ARM.Collect$$$$00000000                 0x08000188   Section        0  entry.o(.ARM.Collect$$$$00000000)
    .ARM.Collect$$$$00000001                 0x08000188   Section        4  entry2.o(.ARM.Collect$$$$00000001)
    .ARM.Collect$$$$00000004                 0x0800018c   Section        4  entry5.o(.ARM.Collect$$$$00000004)
    .ARM.Collect$$$$00000008                 0x08000190   Section        0  entry7b.o(.ARM.Collect$$$$00000008)
    .ARM.Collect$$$$0000000A                 0x08000190   Section        0  entry8b.o(.ARM.Collect$$$$0000000A)
    .ARM.Collect$$$$0000000B                 0x08000190   Section        8  entry9a.o(.ARM.Collect$$$$0000000B)
    .ARM.Collect$$$$0000000D                 0x08000198   Section        0  entry10a.o(.ARM.Collect$$$$0000000D)
    .ARM.Collect$$$$0000000F                 0x08000198   Section        0  entry11a.o(.ARM.Collect$$$$0000000F)
    .ARM.Collect$$$$00002712                 0x08000198   Section        4  entry2.o(.ARM.Collect$$$$00002712)
    __lit__00000000                          0x08000198   Data           4  entry2.o(.ARM.Collect$$$$00002712)
    .text                                    0x0800019c   Section       36  startup_stm32l476xx.o(.text)
    $v0                                      0x0800019c   Number         0  startup_stm32l476xx.o(.text)
    .text                                    0x080001c0   Section        0  memseta.o(.text)
    .text                                    0x080001e4   Section        0  dadd.o(.text)
    .text                                    0x08000342   Section        0  dmul.o(.text)
    .text                                    0x0800042c   Section        0  ddiv.o(.text)
    .text                                    0x0800050a   Section        0  dfltui.o(.text)
    .text                                    0x08000524   Section        0  dfixui.o(.text)
    .text                                    0x08000558   Section       48  cdcmple.o(.text)
    .text                                    0x08000588   Section       48  cdrcmple.o(.text)
    .text                                    0x080005b8   Section        0  uidiv.o(.text)
    .text                                    0x080005e4   Section        0  uldiv.o(.text)
    .text                                    0x0800064c   Section        0  llshl.o(.text)
    .text                                    0x0800066a   Section        0  llushr.o(.text)
    .text                                    0x0800068a   Section        0  llsshr.o(.text)
    .text                                    0x080006ae   Section        0  depilogue.o(.text)
    .text                                    0x080006ae   Section        0  iusefp.o(.text)
    .text                                    0x08000768   Section        0  dfixul.o(.text)
    .text                                    0x08000798   Section       36  init.o(.text)
    i.ADC1_2_IRQHandler                      0x080007bc   Section        0  stm32l4xx_it.o(i.ADC1_2_IRQHandler)
    i.ADC_Config                             0x080007c8   Section        0  main.o(i.ADC_Config)
    i.ADC_ConversionStop                     0x080008c4   Section        0  stm32l4xx_hal_adc.o(i.ADC_ConversionStop)
    i.ADC_DMAConvCplt                        0x08000980   Section        0  stm32l4xx_hal_adc.o(i.ADC_DMAConvCplt)
    i.ADC_DMAError                           0x080009d8   Section        0  stm32l4xx_hal_adc.o(i.ADC_DMAError)
    i.ADC_DMAHalfConvCplt                    0x080009f2   Section        0  stm32l4xx_hal_adc.o(i.ADC_DMAHalfConvCplt)
    i.ADC_Disable                            0x080009fc   Section        0  stm32l4xx_hal_adc.o(i.ADC_Disable)
    i.ADC_Enable                             0x08000a60   Section        0  stm32l4xx_hal_adc.o(i.ADC_Enable)
    i.ADCtoDegC                              0x08000ac8   Section        0  main.o(i.ADCtoDegC)
    i.BSP_JOY_Init                           0x08000ae8   Section        0  stm32l476g_discovery.o(i.BSP_JOY_Init)
    i.BSP_LCD_GLASS_Clear                    0x08000ba0   Section        0  stm32l476g_discovery_glass_lcd.o(i.BSP_LCD_GLASS_Clear)
    i.BSP_LCD_GLASS_DisplayString            0x08000bac   Section        0  stm32l476g_discovery_glass_lcd.o(i.BSP_LCD_GLASS_DisplayString)
    i.BSP_LCD_GLASS_Init                     0x08000bdc   Section        0  stm32l476g_discovery_glass_lcd.o(i.BSP_LCD_GLASS_Init)
    i.BSP_LED_Init                           0x08000c28   Section        0  stm32l476g_discovery.o(i.BSP_LED_Init)
    i.BSP_LED_On                             0x08000c98   Section        0  stm32l476g_discovery.o(i.BSP_LED_On)
    i.BSP_LED_Toggle                         0x08000cb4   Section        0  stm32l476g_discovery.o(i.BSP_LED_Toggle)
    i.BusFault_Handler                       0x08000ccc   Section        0  stm32l4xx_it.o(i.BusFault_Handler)
    i.Convert                                0x08000cd0   Section        0  stm32l476g_discovery_glass_lcd.o(i.Convert)
    Convert                                  0x08000cd1   Thumb Code   254  stm32l476g_discovery_glass_lcd.o(i.Convert)
    i.DMA1_Channel1_IRQHandler               0x08000dd8   Section        0  stm32l4xx_it.o(i.DMA1_Channel1_IRQHandler)
    i.DMA_SetConfig                          0x08000de4   Section        0  stm32l4xx_hal_dma.o(i.DMA_SetConfig)
    DMA_SetConfig                            0x08000de5   Thumb Code    42  stm32l4xx_hal_dma.o(i.DMA_SetConfig)
    i.DebugMon_Handler                       0x08000e0e   Section        0  stm32l4xx_it.o(i.DebugMon_Handler)
    i.EXTI0_IRQHandler                       0x08000e10   Section        0  stm32l4xx_it.o(i.EXTI0_IRQHandler)
    i.EXTI1_IRQHandler                       0x08000e16   Section        0  stm32l4xx_it.o(i.EXTI1_IRQHandler)
    i.EXTI2_IRQHandler                       0x08000e1c   Section        0  stm32l4xx_it.o(i.EXTI2_IRQHandler)
    i.EXTI3_IRQHandler                       0x08000e22   Section        0  stm32l4xx_it.o(i.EXTI3_IRQHandler)
    i.EXTI9_5_IRQHandler                     0x08000e28   Section        0  stm32l4xx_it.o(i.EXTI9_5_IRQHandler)
    i.Error_Handler                          0x08000e2e   Section        0  main.o(i.Error_Handler)
    Error_Handler                            0x08000e2f   Thumb Code     8  main.o(i.Error_Handler)
    i.HAL_ADCEx_Calibration_Start            0x08000e36   Section        0  stm32l4xx_hal_adc_ex.o(i.HAL_ADCEx_Calibration_Start)
    i.HAL_ADCEx_EndOfSamplingCallback        0x08000ebc   Section        0  stm32l4xx_hal_adc_ex.o(i.HAL_ADCEx_EndOfSamplingCallback)
    i.HAL_ADCEx_InjectedConvCpltCallback     0x08000ebe   Section        0  stm32l4xx_hal_adc_ex.o(i.HAL_ADCEx_InjectedConvCpltCallback)
    i.HAL_ADCEx_InjectedQueueOverflowCallback 0x08000ec0   Section        0  stm32l4xx_hal_adc_ex.o(i.HAL_ADCEx_InjectedQueueOverflowCallback)
    i.HAL_ADCEx_LevelOutOfWindow2Callback    0x08000ec2   Section        0  stm32l4xx_hal_adc_ex.o(i.HAL_ADCEx_LevelOutOfWindow2Callback)
    i.HAL_ADCEx_LevelOutOfWindow3Callback    0x08000ec4   Section        0  stm32l4xx_hal_adc_ex.o(i.HAL_ADCEx_LevelOutOfWindow3Callback)
    i.HAL_ADC_AnalogWDGConfig                0x08000ec8   Section        0  stm32l4xx_hal_adc.o(i.HAL_ADC_AnalogWDGConfig)
    i.HAL_ADC_ConfigChannel                  0x08001048   Section        0  stm32l4xx_hal_adc.o(i.HAL_ADC_ConfigChannel)
    i.HAL_ADC_ConvCpltCallback               0x080014ce   Section        0  main.o(i.HAL_ADC_ConvCpltCallback)
    i.HAL_ADC_ConvHalfCpltCallback           0x080014d0   Section        0  stm32l4xx_hal_adc.o(i.HAL_ADC_ConvHalfCpltCallback)
    i.HAL_ADC_DeInit                         0x080014d4   Section        0  stm32l4xx_hal_adc.o(i.HAL_ADC_DeInit)
    i.HAL_ADC_ErrorCallback                  0x080016b4   Section        0  stm32l4xx_hal_adc.o(i.HAL_ADC_ErrorCallback)
    i.HAL_ADC_IRQHandler                     0x080016b8   Section        0  stm32l4xx_hal_adc.o(i.HAL_ADC_IRQHandler)
    i.HAL_ADC_Init                           0x08001968   Section        0  stm32l4xx_hal_adc.o(i.HAL_ADC_Init)
    i.HAL_ADC_LevelOutOfWindowCallback       0x08001b9c   Section        0  main.o(i.HAL_ADC_LevelOutOfWindowCallback)
    i.HAL_ADC_MspDeInit                      0x08001ba8   Section        0  stm32l4xx_hal_msp.o(i.HAL_ADC_MspDeInit)
    i.HAL_ADC_MspInit                        0x08001bc8   Section        0  stm32l4xx_hal_msp.o(i.HAL_ADC_MspInit)
    i.HAL_ADC_Start_DMA                      0x08001c74   Section        0  stm32l4xx_hal_adc.o(i.HAL_ADC_Start_DMA)
    i.HAL_DMA_DeInit                         0x08001d80   Section        0  stm32l4xx_hal_dma.o(i.HAL_DMA_DeInit)
    i.HAL_DMA_IRQHandler                     0x08001e0c   Section        0  stm32l4xx_hal_dma.o(i.HAL_DMA_IRQHandler)
    i.HAL_DMA_Init                           0x08001eb4   Section        0  stm32l4xx_hal_dma.o(i.HAL_DMA_Init)
    i.HAL_DMA_Start_IT                       0x08001f74   Section        0  stm32l4xx_hal_dma.o(i.HAL_DMA_Start_IT)
    i.HAL_Delay                              0x08001fe4   Section        0  stm32l4xx_hal.o(i.HAL_Delay)
    i.HAL_GPIO_EXTI_Callback                 0x08002000   Section        0  main.o(i.HAL_GPIO_EXTI_Callback)
    i.HAL_GPIO_EXTI_IRQHandler               0x08002030   Section        0  stm32l4xx_hal_gpio.o(i.HAL_GPIO_EXTI_IRQHandler)
    i.HAL_GPIO_Init                          0x08002048   Section        0  stm32l4xx_hal_gpio.o(i.HAL_GPIO_Init)
    i.HAL_GPIO_TogglePin                     0x08002212   Section        0  stm32l4xx_hal_gpio.o(i.HAL_GPIO_TogglePin)
    i.HAL_GPIO_WritePin                      0x0800221a   Section        0  stm32l4xx_hal_gpio.o(i.HAL_GPIO_WritePin)
    i.HAL_GetTick                            0x08002224   Section        0  stm32l4xx_hal.o(i.HAL_GetTick)
    i.HAL_IncTick                            0x08002230   Section        0  stm32l4xx_hal.o(i.HAL_IncTick)
    i.HAL_Init                               0x08002240   Section        0  stm32l4xx_hal.o(i.HAL_Init)
    i.HAL_InitTick                           0x08002258   Section        0  stm32l4xx_hal.o(i.HAL_InitTick)
    i.HAL_LCD_Clear                          0x08002280   Section        0  stm32l4xx_hal_lcd.o(i.HAL_LCD_Clear)
    i.HAL_LCD_Init                           0x08002300   Section        0  stm32l4xx_hal_lcd.o(i.HAL_LCD_Init)
    i.HAL_LCD_MspInit                        0x080023fc   Section        0  stm32l4xx_hal_lcd.o(i.HAL_LCD_MspInit)
    i.HAL_LCD_UpdateDisplayRequest           0x080023fe   Section        0  stm32l4xx_hal_lcd.o(i.HAL_LCD_UpdateDisplayRequest)
    i.HAL_LCD_Write                          0x08002454   Section        0  stm32l4xx_hal_lcd.o(i.HAL_LCD_Write)
    i.HAL_MspInit                            0x080024dc   Section        0  stm32l4xx_hal_msp.o(i.HAL_MspInit)
    i.HAL_NVIC_EnableIRQ                     0x080024de   Section        0  stm32l4xx_hal_cortex.o(i.HAL_NVIC_EnableIRQ)
    i.HAL_NVIC_SetPriority                   0x080024f4   Section        0  stm32l4xx_hal_cortex.o(i.HAL_NVIC_SetPriority)
    i.HAL_NVIC_SetPriorityGrouping           0x08002534   Section        0  stm32l4xx_hal_cortex.o(i.HAL_NVIC_SetPriorityGrouping)
    i.HAL_PWREx_ControlVoltageScaling        0x08002558   Section        0  stm32l4xx_hal_pwr_ex.o(i.HAL_PWREx_ControlVoltageScaling)
    i.HAL_PWREx_GetVoltageRange              0x080025bc   Section        0  stm32l4xx_hal_pwr_ex.o(i.HAL_PWREx_GetVoltageRange)
    i.HAL_RCCEx_PeriphCLKConfig              0x080025cc   Section        0  stm32l4xx_hal_rcc_ex.o(i.HAL_RCCEx_PeriphCLKConfig)
    i.HAL_RCC_ClockConfig                    0x0800297c   Section        0  stm32l4xx_hal_rcc.o(i.HAL_RCC_ClockConfig)
    i.HAL_RCC_GetSysClockFreq                0x08002afc   Section        0  stm32l4xx_hal_rcc.o(i.HAL_RCC_GetSysClockFreq)
    i.HAL_RCC_OscConfig                      0x08002bf8   Section        0  stm32l4xx_hal_rcc.o(i.HAL_RCC_OscConfig)
    i.HAL_SYSTICK_Config                     0x08003078   Section        0  stm32l4xx_hal_cortex.o(i.HAL_SYSTICK_Config)
    i.HAL_TIMEx_BreakCallback                0x080030a0   Section        0  stm32l4xx_hal_tim_ex.o(i.HAL_TIMEx_BreakCallback)
    i.HAL_TIMEx_CommutationCallback          0x080030a2   Section        0  stm32l4xx_hal_tim_ex.o(i.HAL_TIMEx_CommutationCallback)
    i.HAL_TIM_IC_CaptureCallback             0x080030a4   Section        0  stm32l4xx_hal_tim.o(i.HAL_TIM_IC_CaptureCallback)
    i.HAL_TIM_IRQHandler                     0x080030a6   Section        0  stm32l4xx_hal_tim.o(i.HAL_TIM_IRQHandler)
    i.HAL_TIM_OC_ConfigChannel               0x0800320c   Section        0  stm32l4xx_hal_tim.o(i.HAL_TIM_OC_ConfigChannel)
    i.HAL_TIM_OC_DelayElapsedCallback        0x08003280   Section        0  main.o(i.HAL_TIM_OC_DelayElapsedCallback)
    i.HAL_TIM_OC_Init                        0x080032a0   Section        0  stm32l4xx_hal_tim.o(i.HAL_TIM_OC_Init)
    i.HAL_TIM_OC_MspInit                     0x080032d8   Section        0  stm32l4xx_hal_msp.o(i.HAL_TIM_OC_MspInit)
    i.HAL_TIM_OC_Start_IT                    0x08003304   Section        0  stm32l4xx_hal_tim.o(i.HAL_TIM_OC_Start_IT)
    i.HAL_TIM_PWM_ConfigChannel              0x0800338c   Section        0  stm32l4xx_hal_tim.o(i.HAL_TIM_PWM_ConfigChannel)
    i.HAL_TIM_PWM_Init                       0x080034b4   Section        0  stm32l4xx_hal_tim.o(i.HAL_TIM_PWM_Init)
    i.HAL_TIM_PWM_MspInit                    0x080034ec   Section        0  stm32l4xx_hal_msp.o(i.HAL_TIM_PWM_MspInit)
    i.HAL_TIM_PWM_PulseFinishedCallback      0x08003538   Section        0  main.o(i.HAL_TIM_PWM_PulseFinishedCallback)
    i.HAL_TIM_PWM_Start                      0x08003540   Section        0  stm32l4xx_hal_tim.o(i.HAL_TIM_PWM_Start)
    i.HAL_TIM_PeriodElapsedCallback          0x08003598   Section        0  stm32l4xx_hal_tim.o(i.HAL_TIM_PeriodElapsedCallback)
    i.HAL_TIM_TriggerCallback                0x0800359a   Section        0  stm32l4xx_hal_tim.o(i.HAL_TIM_TriggerCallback)
    i.HardFault_Handler                      0x0800359c   Section        0  stm32l4xx_it.o(i.HardFault_Handler)
    i.LCD_MspInit                            0x080035a0   Section        0  stm32l476g_discovery_glass_lcd.o(i.LCD_MspInit)
    LCD_MspInit                              0x080035a1   Thumb Code   246  stm32l476g_discovery_glass_lcd.o(i.LCD_MspInit)
    i.LCD_WaitForSynchro                     0x080036a8   Section        0  stm32l4xx_hal_lcd.o(i.LCD_WaitForSynchro)
    i.MemManage_Handler                      0x080036d8   Section        0  stm32l4xx_it.o(i.MemManage_Handler)
    i.NMI_Handler                            0x080036da   Section        0  stm32l4xx_it.o(i.NMI_Handler)
    i.NVIC_SetPriority                       0x080036dc   Section        0  stm32l4xx_hal_cortex.o(i.NVIC_SetPriority)
    NVIC_SetPriority                         0x080036dd   Thumb Code    32  stm32l4xx_hal_cortex.o(i.NVIC_SetPriority)
    i.PendSV_Handler                         0x080036fc   Section        0  stm32l4xx_it.o(i.PendSV_Handler)
    i.RCCEx_PLLSAI1_Config                   0x08003700   Section        0  stm32l4xx_hal_rcc_ex.o(i.RCCEx_PLLSAI1_Config)
    RCCEx_PLLSAI1_Config                     0x08003701   Thumb Code   342  stm32l4xx_hal_rcc_ex.o(i.RCCEx_PLLSAI1_Config)
    i.RCCEx_PLLSAI2_Config                   0x08003868   Section        0  stm32l4xx_hal_rcc_ex.o(i.RCCEx_PLLSAI2_Config)
    RCCEx_PLLSAI2_Config                     0x08003869   Thumb Code   302  stm32l4xx_hal_rcc_ex.o(i.RCCEx_PLLSAI2_Config)
    i.RCC_SetFlashLatencyFromMSIRange        0x080039a4   Section        0  stm32l4xx_hal_rcc.o(i.RCC_SetFlashLatencyFromMSIRange)
    RCC_SetFlashLatencyFromMSIRange          0x080039a5   Thumb Code   116  stm32l4xx_hal_rcc.o(i.RCC_SetFlashLatencyFromMSIRange)
    i.SVC_Handler                            0x08003a20   Section        0  stm32l4xx_it.o(i.SVC_Handler)
    i.Set_Duty                               0x08003a24   Section        0  main.o(i.Set_Duty)
    i.SysTick_Handler                        0x08003a78   Section        0  stm32l4xx_it.o(i.SysTick_Handler)
    i.SystemClock_Config                     0x08003a7c   Section        0  main.o(i.SystemClock_Config)
    SystemClock_Config                       0x08003a7d   Thumb Code   134  main.o(i.SystemClock_Config)
    i.SystemInit                             0x08003b08   Section        0  system_stm32l4xx.o(i.SystemInit)
    i.TIM3_Config                            0x08003b4c   Section        0  main.o(i.TIM3_Config)
    i.TIM3_IRQHandler                        0x08003b88   Section        0  stm32l4xx_it.o(i.TIM3_IRQHandler)
    i.TIM3_OC_Config                         0x08003b94   Section        0  main.o(i.TIM3_OC_Config)
    i.TIM4_IRQHandler                        0x08003bcc   Section        0  stm32l4xx_it.o(i.TIM4_IRQHandler)
    i.TIM4_PWM_Config                        0x08003bd8   Section        0  main.o(i.TIM4_PWM_Config)
    i.TIM_Base_SetConfig                     0x08003c50   Section        0  stm32l4xx_hal_tim.o(i.TIM_Base_SetConfig)
    i.TIM_CCxChannelCmd                      0x08003d08   Section        0  stm32l4xx_hal_tim.o(i.TIM_CCxChannelCmd)
    i.TIM_OC1_SetConfig                      0x08003d20   Section        0  stm32l4xx_hal_tim.o(i.TIM_OC1_SetConfig)
    TIM_OC1_SetConfig                        0x08003d21   Thumb Code   132  stm32l4xx_hal_tim.o(i.TIM_OC1_SetConfig)
    i.TIM_OC2_SetConfig                      0x08003dbc   Section        0  stm32l4xx_hal_tim.o(i.TIM_OC2_SetConfig)
    i.TIM_OC3_SetConfig                      0x08003e4c   Section        0  stm32l4xx_hal_tim.o(i.TIM_OC3_SetConfig)
    TIM_OC3_SetConfig                        0x08003e4d   Thumb Code   118  stm32l4xx_hal_tim.o(i.TIM_OC3_SetConfig)
    i.TIM_OC4_SetConfig                      0x08003edc   Section        0  stm32l4xx_hal_tim.o(i.TIM_OC4_SetConfig)
    TIM_OC4_SetConfig                        0x08003edd   Thumb Code    92  stm32l4xx_hal_tim.o(i.TIM_OC4_SetConfig)
    i.TIM_OC5_SetConfig                      0x08003f50   Section        0  stm32l4xx_hal_tim.o(i.TIM_OC5_SetConfig)
    TIM_OC5_SetConfig                        0x08003f51   Thumb Code    86  stm32l4xx_hal_tim.o(i.TIM_OC5_SetConfig)
    i.TIM_OC6_SetConfig                      0x08003fc0   Section        0  stm32l4xx_hal_tim.o(i.TIM_OC6_SetConfig)
    TIM_OC6_SetConfig                        0x08003fc1   Thumb Code    88  stm32l4xx_hal_tim.o(i.TIM_OC6_SetConfig)
    i.UsageFault_Handler                     0x08004030   Section        0  stm32l4xx_it.o(i.UsageFault_Handler)
    i.WriteChar                              0x08004034   Section        0  stm32l476g_discovery_glass_lcd.o(i.WriteChar)
    WriteChar                                0x08004035   Thumb Code  1114  stm32l476g_discovery_glass_lcd.o(i.WriteChar)
    i.__0sprintf                             0x08004494   Section        0  printfa.o(i.__0sprintf)
    i.__scatterload_copy                     0x080044bc   Section       14  handlers.o(i.__scatterload_copy)
    i.__scatterload_null                     0x080044ca   Section        2  handlers.o(i.__scatterload_null)
    i.__scatterload_zeroinit                 0x080044cc   Section       14  handlers.o(i.__scatterload_zeroinit)
    i._fp_digits                             0x080044dc   Section        0  printfa.o(i._fp_digits)
    _fp_digits                               0x080044dd   Thumb Code   366  printfa.o(i._fp_digits)
    i._printf_core                           0x08004668   Section        0  printfa.o(i._printf_core)
    _printf_core                             0x08004669   Thumb Code  1744  printfa.o(i._printf_core)
    i._printf_post_padding                   0x08004d4a   Section        0  printfa.o(i._printf_post_padding)
    _printf_post_padding                     0x08004d4b   Thumb Code    36  printfa.o(i._printf_post_padding)
    i._printf_pre_padding                    0x08004d6e   Section        0  printfa.o(i._printf_pre_padding)
    _printf_pre_padding                      0x08004d6f   Thumb Code    46  printfa.o(i._printf_pre_padding)
    i._sputc                                 0x08004d9c   Section        0  printfa.o(i._sputc)
    _sputc                                   0x08004d9d   Thumb Code    10  printfa.o(i._sputc)
    i.displaySetPoint                        0x08004da8   Section        0  main.o(i.displaySetPoint)
    i.displayTempString                      0x08004dd8   Section        0  main.o(i.displayTempString)
    i.main                                   0x08004e0c   Section        0  main.o(i.main)
    .constdata                               0x08004fdc   Section       72  stm32l476g_discovery_glass_lcd.o(.constdata)
    .constdata                               0x08005024   Section       20  stm32l476g_discovery.o(.constdata)
    .constdata                               0x08005038   Section       64  system_stm32l4xx.o(.constdata)
    .data                                    0x20000000   Section       64  main.o(.data)
    .data                                    0x20000040   Section       28  stm32l476g_discovery.o(.data)
    .data                                    0x2000005c   Section        4  stm32l4xx_hal.o(.data)
    .data                                    0x20000060   Section        4  system_stm32l4xx.o(.data)
    .bss                                     0x20000064   Section      328  main.o(.bss)
    .bss                                     0x200001ac   Section       72  stm32l4xx_hal_msp.o(.bss)
    hdma_adc                                 0x200001ac   Data          72  stm32l4xx_hal_msp.o(.bss)
    .bss                                     0x200001f4   Section       76  stm32l476g_discovery_glass_lcd.o(.bss)
    STACK                                    0x20000240   Section     1024  startup_stm32l476xx.o(STACK)

    Global Symbols

    Symbol Name                              Value     Ov Type        Size  Object(Section)

    BuildAttributes$$THM_ISAv4$E$P$D$K$B$S$7EM$VFPi3$EXTD16$VFPS$VFMA$PE$A:L22UL41UL21$X:L11$S22US41US21$IEEE1$IW$USESV6$~STKCKD$USESV7$~SHL$OSPACE$ROPI$EBA8$MICROLIB$REQ8$PRES8$EABIv2 0x00000000   Number         0  anon$$obj.o ABSOLUTE
    __ARM_use_no_argv                        0x00000000   Number         0  main.o ABSOLUTE
    _printf_a                                0x00000000   Number         0  stubs.o ABSOLUTE
    _printf_c                                0x00000000   Number         0  stubs.o ABSOLUTE
    _printf_charcount                        0x00000000   Number         0  stubs.o ABSOLUTE
    _printf_d                                0x00000000   Number         0  stubs.o ABSOLUTE
    _printf_e                                0x00000000   Number         0  stubs.o ABSOLUTE
    _printf_f                                0x00000000   Number         0  stubs.o ABSOLUTE
    _printf_flags                            0x00000000   Number         0  stubs.o ABSOLUTE
    _printf_fp_dec                           0x00000000   Number         0  stubs.o ABSOLUTE
    _printf_fp_hex                           0x00000000   Number         0  stubs.o ABSOLUTE
    _printf_g                                0x00000000   Number         0  stubs.o ABSOLUTE
    _printf_i                                0x00000000   Number         0  stubs.o ABSOLUTE
    _printf_int_dec                          0x00000000   Number         0  stubs.o ABSOLUTE
    _printf_l                                0x00000000   Number         0  stubs.o ABSOLUTE
    _printf_lc                               0x00000000   Number         0  stubs.o ABSOLUTE
    _printf_ll                               0x00000000   Number         0  stubs.o ABSOLUTE
    _printf_lld                              0x00000000   Number         0  stubs.o ABSOLUTE
    _printf_lli                              0x00000000   Number         0  stubs.o ABSOLUTE
    _printf_llo                              0x00000000   Number         0  stubs.o ABSOLUTE
    _printf_llu                              0x00000000   Number         0  stubs.o ABSOLUTE
    _printf_llx                              0x00000000   Number         0  stubs.o ABSOLUTE
    _printf_longlong_dec                     0x00000000   Number         0  stubs.o ABSOLUTE
    _printf_longlong_hex                     0x00000000   Number         0  stubs.o ABSOLUTE
    _printf_longlong_oct                     0x00000000   Number         0  stubs.o ABSOLUTE
    _printf_ls                               0x00000000   Number         0  stubs.o ABSOLUTE
    _printf_mbtowc                           0x00000000   Number         0  stubs.o ABSOLUTE
    _printf_n                                0x00000000   Number         0  stubs.o ABSOLUTE
    _printf_o                                0x00000000   Number         0  stubs.o ABSOLUTE
    _printf_p                                0x00000000   Number         0  stubs.o ABSOLUTE
    _printf_percent                          0x00000000   Number         0  stubs.o ABSOLUTE
    _printf_pre_padding                      0x00000000   Number         0  stubs.o ABSOLUTE
    _printf_return_value                     0x00000000   Number         0  stubs.o ABSOLUTE
    _printf_s                                0x00000000   Number         0  stubs.o ABSOLUTE
    _printf_sizespec                         0x00000000   Number         0  stubs.o ABSOLUTE
    _printf_str                              0x00000000   Number         0  stubs.o ABSOLUTE
    _printf_truncate_signed                  0x00000000   Number         0  stubs.o ABSOLUTE
    _printf_truncate_unsigned                0x00000000   Number         0  stubs.o ABSOLUTE
    _printf_u                                0x00000000   Number         0  stubs.o ABSOLUTE
    _printf_wc                               0x00000000   Number         0  stubs.o ABSOLUTE
    _printf_wctomb                           0x00000000   Number         0  stubs.o ABSOLUTE
    _printf_widthprec                        0x00000000   Number         0  stubs.o ABSOLUTE
    _printf_x                                0x00000000   Number         0  stubs.o ABSOLUTE
    __cpp_initialize__aeabi_                  - Undefined Weak Reference
    __cxa_finalize                            - Undefined Weak Reference
    __decompress                              - Undefined Weak Reference
    _clock_init                               - Undefined Weak Reference
    _microlib_exit                            - Undefined Weak Reference
    __Vectors_Size                           0x00000188   Number         0  startup_stm32l476xx.o ABSOLUTE
    __Vectors                                0x08000000   Data           4  startup_stm32l476xx.o(RESET)
    __Vectors_End                            0x08000188   Data           0  startup_stm32l476xx.o(RESET)
    __main                                   0x08000189   Thumb Code     0  entry.o(.ARM.Collect$$$$00000000)
    _main_stk                                0x08000189   Thumb Code     0  entry2.o(.ARM.Collect$$$$00000001)
    _main_scatterload                        0x0800018d   Thumb Code     0  entry5.o(.ARM.Collect$$$$00000004)
    __main_after_scatterload                 0x08000191   Thumb Code     0  entry5.o(.ARM.Collect$$$$00000004)
    _main_clock                              0x08000191   Thumb Code     0  entry7b.o(.ARM.Collect$$$$00000008)
    _main_cpp_init                           0x08000191   Thumb Code     0  entry8b.o(.ARM.Collect$$$$0000000A)
    _main_init                               0x08000191   Thumb Code     0  entry9a.o(.ARM.Collect$$$$0000000B)
    __rt_final_cpp                           0x08000199   Thumb Code     0  entry10a.o(.ARM.Collect$$$$0000000D)
    __rt_final_exit                          0x08000199   Thumb Code     0  entry11a.o(.ARM.Collect$$$$0000000F)
    Reset_Handler                            0x0800019d   Thumb Code     8  startup_stm32l476xx.o(.text)
    ADC3_IRQHandler                          0x080001b7   Thumb Code     0  startup_stm32l476xx.o(.text)
    CAN1_RX0_IRQHandler                      0x080001b7   Thumb Code     0  startup_stm32l476xx.o(.text)
    CAN1_RX1_IRQHandler                      0x080001b7   Thumb Code     0  startup_stm32l476xx.o(.text)
    CAN1_SCE_IRQHandler                      0x080001b7   Thumb Code     0  startup_stm32l476xx.o(.text)
    CAN1_TX_IRQHandler                       0x080001b7   Thumb Code     0  startup_stm32l476xx.o(.text)
    COMP_IRQHandler                          0x080001b7   Thumb Code     0  startup_stm32l476xx.o(.text)
    DFSDM1_FLT0_IRQHandler                   0x080001b7   Thumb Code     0  startup_stm32l476xx.o(.text)
    DFSDM1_FLT1_IRQHandler                   0x080001b7   Thumb Code     0  startup_stm32l476xx.o(.text)
    DFSDM1_FLT2_IRQHandler                   0x080001b7   Thumb Code     0  startup_stm32l476xx.o(.text)
    DFSDM1_FLT3_IRQHandler                   0x080001b7   Thumb Code     0  startup_stm32l476xx.o(.text)
    DMA1_Channel2_IRQHandler                 0x080001b7   Thumb Code     0  startup_stm32l476xx.o(.text)
    DMA1_Channel3_IRQHandler                 0x080001b7   Thumb Code     0  startup_stm32l476xx.o(.text)
    DMA1_Channel4_IRQHandler                 0x080001b7   Thumb Code     0  startup_stm32l476xx.o(.text)
    DMA1_Channel5_IRQHandler                 0x080001b7   Thumb Code     0  startup_stm32l476xx.o(.text)
    DMA1_Channel6_IRQHandler                 0x080001b7   Thumb Code     0  startup_stm32l476xx.o(.text)
    DMA1_Channel7_IRQHandler                 0x080001b7   Thumb Code     0  startup_stm32l476xx.o(.text)
    DMA2_Channel1_IRQHandler                 0x080001b7   Thumb Code     0  startup_stm32l476xx.o(.text)
    DMA2_Channel2_IRQHandler                 0x080001b7   Thumb Code     0  startup_stm32l476xx.o(.text)
    DMA2_Channel3_IRQHandler                 0x080001b7   Thumb Code     0  startup_stm32l476xx.o(.text)
    DMA2_Channel4_IRQHandler                 0x080001b7   Thumb Code     0  startup_stm32l476xx.o(.text)
    DMA2_Channel5_IRQHandler                 0x080001b7   Thumb Code     0  startup_stm32l476xx.o(.text)
    DMA2_Channel6_IRQHandler                 0x080001b7   Thumb Code     0  startup_stm32l476xx.o(.text)
    DMA2_Channel7_IRQHandler                 0x080001b7   Thumb Code     0  startup_stm32l476xx.o(.text)
    EXTI15_10_IRQHandler                     0x080001b7   Thumb Code     0  startup_stm32l476xx.o(.text)
    EXTI4_IRQHandler                         0x080001b7   Thumb Code     0  startup_stm32l476xx.o(.text)
    FLASH_IRQHandler                         0x080001b7   Thumb Code     0  startup_stm32l476xx.o(.text)
    FMC_IRQHandler                           0x080001b7   Thumb Code     0  startup_stm32l476xx.o(.text)
    FPU_IRQHandler                           0x080001b7   Thumb Code     0  startup_stm32l476xx.o(.text)
    I2C1_ER_IRQHandler                       0x080001b7   Thumb Code     0  startup_stm32l476xx.o(.text)
    I2C1_EV_IRQHandler                       0x080001b7   Thumb Code     0  startup_stm32l476xx.o(.text)
    I2C2_ER_IRQHandler                       0x080001b7   Thumb Code     0  startup_stm32l476xx.o(.text)
    I2C2_EV_IRQHandler                       0x080001b7   Thumb Code     0  startup_stm32l476xx.o(.text)
    I2C3_ER_IRQHandler                       0x080001b7   Thumb Code     0  startup_stm32l476xx.o(.text)
    I2C3_EV_IRQHandler                       0x080001b7   Thumb Code     0  startup_stm32l476xx.o(.text)
    LCD_IRQHandler                           0x080001b7   Thumb Code     0  startup_stm32l476xx.o(.text)
    LPTIM1_IRQHandler                        0x080001b7   Thumb Code     0  startup_stm32l476xx.o(.text)
    LPTIM2_IRQHandler                        0x080001b7   Thumb Code     0  startup_stm32l476xx.o(.text)
    LPUART1_IRQHandler                       0x080001b7   Thumb Code     0  startup_stm32l476xx.o(.text)
    OTG_FS_IRQHandler                        0x080001b7   Thumb Code     0  startup_stm32l476xx.o(.text)
    PVD_PVM_IRQHandler                       0x080001b7   Thumb Code     0  startup_stm32l476xx.o(.text)
    QUADSPI_IRQHandler                       0x080001b7   Thumb Code     0  startup_stm32l476xx.o(.text)
    RCC_IRQHandler                           0x080001b7   Thumb Code     0  startup_stm32l476xx.o(.text)
    RNG_IRQHandler                           0x080001b7   Thumb Code     0  startup_stm32l476xx.o(.text)
    RTC_Alarm_IRQHandler                     0x080001b7   Thumb Code     0  startup_stm32l476xx.o(.text)
    RTC_WKUP_IRQHandler                      0x080001b7   Thumb Code     0  startup_stm32l476xx.o(.text)
    SAI1_IRQHandler                          0x080001b7   Thumb Code     0  startup_stm32l476xx.o(.text)
    SAI2_IRQHandler                          0x080001b7   Thumb Code     0  startup_stm32l476xx.o(.text)
    SDMMC1_IRQHandler                        0x080001b7   Thumb Code     0  startup_stm32l476xx.o(.text)
    SPI1_IRQHandler                          0x080001b7   Thumb Code     0  startup_stm32l476xx.o(.text)
    SPI2_IRQHandler                          0x080001b7   Thumb Code     0  startup_stm32l476xx.o(.text)
    SPI3_IRQHandler                          0x080001b7   Thumb Code     0  startup_stm32l476xx.o(.text)
    SWPMI1_IRQHandler                        0x080001b7   Thumb Code     0  startup_stm32l476xx.o(.text)
    TAMP_STAMP_IRQHandler                    0x080001b7   Thumb Code     0  startup_stm32l476xx.o(.text)
    TIM1_BRK_TIM15_IRQHandler                0x080001b7   Thumb Code     0  startup_stm32l476xx.o(.text)
    TIM1_CC_IRQHandler                       0x080001b7   Thumb Code     0  startup_stm32l476xx.o(.text)
    TIM1_TRG_COM_TIM17_IRQHandler            0x080001b7   Thumb Code     0  startup_stm32l476xx.o(.text)
    TIM1_UP_TIM16_IRQHandler                 0x080001b7   Thumb Code     0  startup_stm32l476xx.o(.text)
    TIM2_IRQHandler                          0x080001b7   Thumb Code     0  startup_stm32l476xx.o(.text)
    TIM5_IRQHandler                          0x080001b7   Thumb Code     0  startup_stm32l476xx.o(.text)
    TIM6_DAC_IRQHandler                      0x080001b7   Thumb Code     0  startup_stm32l476xx.o(.text)
    TIM7_IRQHandler                          0x080001b7   Thumb Code     0  startup_stm32l476xx.o(.text)
    TIM8_BRK_IRQHandler                      0x080001b7   Thumb Code     0  startup_stm32l476xx.o(.text)
    TIM8_CC_IRQHandler                       0x080001b7   Thumb Code     0  startup_stm32l476xx.o(.text)
    TIM8_TRG_COM_IRQHandler                  0x080001b7   Thumb Code     0  startup_stm32l476xx.o(.text)
    TIM8_UP_IRQHandler                       0x080001b7   Thumb Code     0  startup_stm32l476xx.o(.text)
    TSC_IRQHandler                           0x080001b7   Thumb Code     0  startup_stm32l476xx.o(.text)
    UART4_IRQHandler                         0x080001b7   Thumb Code     0  startup_stm32l476xx.o(.text)
    UART5_IRQHandler                         0x080001b7   Thumb Code     0  startup_stm32l476xx.o(.text)
    USART1_IRQHandler                        0x080001b7   Thumb Code     0  startup_stm32l476xx.o(.text)
    USART2_IRQHandler                        0x080001b7   Thumb Code     0  startup_stm32l476xx.o(.text)
    USART3_IRQHandler                        0x080001b7   Thumb Code     0  startup_stm32l476xx.o(.text)
    WWDG_IRQHandler                          0x080001b7   Thumb Code     0  startup_stm32l476xx.o(.text)
    __aeabi_memset                           0x080001c1   Thumb Code    14  memseta.o(.text)
    __aeabi_memset4                          0x080001c1   Thumb Code     0  memseta.o(.text)
    __aeabi_memset8                          0x080001c1   Thumb Code     0  memseta.o(.text)
    __aeabi_memclr                           0x080001cf   Thumb Code     4  memseta.o(.text)
    __aeabi_memclr4                          0x080001cf   Thumb Code     0  memseta.o(.text)
    __aeabi_memclr8                          0x080001cf   Thumb Code     0  memseta.o(.text)
    _memset$wrapper                          0x080001d3   Thumb Code    18  memseta.o(.text)
    __aeabi_dadd                             0x080001e5   Thumb Code   322  dadd.o(.text)
    __aeabi_dsub                             0x08000327   Thumb Code     6  dadd.o(.text)
    __aeabi_drsub                            0x0800032d   Thumb Code     6  dadd.o(.text)
    __aeabi_dmul                             0x08000343   Thumb Code   228  dmul.o(.text)
    __aeabi_ddiv                             0x0800042d   Thumb Code   222  ddiv.o(.text)
    __aeabi_ui2d                             0x0800050b   Thumb Code    26  dfltui.o(.text)
    __aeabi_d2uiz                            0x08000525   Thumb Code    50  dfixui.o(.text)
    __aeabi_cdcmpeq                          0x08000559   Thumb Code     0  cdcmple.o(.text)
    __aeabi_cdcmple                          0x08000559   Thumb Code    48  cdcmple.o(.text)
    __aeabi_cdrcmple                         0x08000589   Thumb Code    48  cdrcmple.o(.text)
    __aeabi_uidiv                            0x080005b9   Thumb Code     0  uidiv.o(.text)
    __aeabi_uidivmod                         0x080005b9   Thumb Code    44  uidiv.o(.text)
    __aeabi_uldivmod                         0x080005e5   Thumb Code    98  uldiv.o(.text)
    __aeabi_llsl                             0x0800064d   Thumb Code    30  llshl.o(.text)
    _ll_shift_l                              0x0800064d   Thumb Code     0  llshl.o(.text)
    __aeabi_llsr                             0x0800066b   Thumb Code    32  llushr.o(.text)
    _ll_ushift_r                             0x0800066b   Thumb Code     0  llushr.o(.text)
    __aeabi_lasr                             0x0800068b   Thumb Code    36  llsshr.o(.text)
    _ll_sshift_r                             0x0800068b   Thumb Code     0  llsshr.o(.text)
    __I$use$fp                               0x080006af   Thumb Code     0  iusefp.o(.text)
    _double_round                            0x080006af   Thumb Code    30  depilogue.o(.text)
    _double_epilogue                         0x080006cd   Thumb Code   156  depilogue.o(.text)
    __aeabi_d2ulz                            0x08000769   Thumb Code    48  dfixul.o(.text)
    __scatterload                            0x08000799   Thumb Code    28  init.o(.text)
    __scatterload_rt2                        0x08000799   Thumb Code     0  init.o(.text)
    ADC1_2_IRQHandler                        0x080007bd   Thumb Code     6  stm32l4xx_it.o(i.ADC1_2_IRQHandler)
    ADC_Config                               0x080007c9   Thumb Code   198  main.o(i.ADC_Config)
    ADC_ConversionStop                       0x080008c5   Thumb Code   182  stm32l4xx_hal_adc.o(i.ADC_ConversionStop)
    ADC_DMAConvCplt                          0x08000981   Thumb Code    88  stm32l4xx_hal_adc.o(i.ADC_DMAConvCplt)
    ADC_DMAError                             0x080009d9   Thumb Code    26  stm32l4xx_hal_adc.o(i.ADC_DMAError)
    ADC_DMAHalfConvCplt                      0x080009f3   Thumb Code    10  stm32l4xx_hal_adc.o(i.ADC_DMAHalfConvCplt)
    ADC_Disable                              0x080009fd   Thumb Code    98  stm32l4xx_hal_adc.o(i.ADC_Disable)
    ADC_Enable                               0x08000a61   Thumb Code    98  stm32l4xx_hal_adc.o(i.ADC_Enable)
    ADCtoDegC                                0x08000ac9   Thumb Code    24  main.o(i.ADCtoDegC)
    BSP_JOY_Init                             0x08000ae9   Thumb Code   158  stm32l476g_discovery.o(i.BSP_JOY_Init)
    BSP_LCD_GLASS_Clear                      0x08000ba1   Thumb Code     6  stm32l476g_discovery_glass_lcd.o(i.BSP_LCD_GLASS_Clear)
    BSP_LCD_GLASS_DisplayString              0x08000bad   Thumb Code    44  stm32l476g_discovery_glass_lcd.o(i.BSP_LCD_GLASS_DisplayString)
    BSP_LCD_GLASS_Init                       0x08000bdd   Thumb Code    68  stm32l476g_discovery_glass_lcd.o(i.BSP_LCD_GLASS_Init)
    BSP_LED_Init                             0x08000c29   Thumb Code    98  stm32l476g_discovery.o(i.BSP_LED_Init)
    BSP_LED_On                               0x08000c99   Thumb Code    18  stm32l476g_discovery.o(i.BSP_LED_On)
    BSP_LED_Toggle                           0x08000cb5   Thumb Code    16  stm32l476g_discovery.o(i.BSP_LED_Toggle)
    BusFault_Handler                         0x08000ccd   Thumb Code     2  stm32l4xx_it.o(i.BusFault_Handler)
    DMA1_Channel1_IRQHandler                 0x08000dd9   Thumb Code     8  stm32l4xx_it.o(i.DMA1_Channel1_IRQHandler)
    DebugMon_Handler                         0x08000e0f   Thumb Code     2  stm32l4xx_it.o(i.DebugMon_Handler)
    EXTI0_IRQHandler                         0x08000e11   Thumb Code     6  stm32l4xx_it.o(i.EXTI0_IRQHandler)
    EXTI1_IRQHandler                         0x08000e17   Thumb Code     6  stm32l4xx_it.o(i.EXTI1_IRQHandler)
    EXTI2_IRQHandler                         0x08000e1d   Thumb Code     6  stm32l4xx_it.o(i.EXTI2_IRQHandler)
    EXTI3_IRQHandler                         0x08000e23   Thumb Code     6  stm32l4xx_it.o(i.EXTI3_IRQHandler)
    EXTI9_5_IRQHandler                       0x08000e29   Thumb Code     6  stm32l4xx_it.o(i.EXTI9_5_IRQHandler)
    HAL_ADCEx_Calibration_Start              0x08000e37   Thumb Code   134  stm32l4xx_hal_adc_ex.o(i.HAL_ADCEx_Calibration_Start)
    HAL_ADCEx_EndOfSamplingCallback          0x08000ebd   Thumb Code     2  stm32l4xx_hal_adc_ex.o(i.HAL_ADCEx_EndOfSamplingCallback)
    HAL_ADCEx_InjectedConvCpltCallback       0x08000ebf   Thumb Code     2  stm32l4xx_hal_adc_ex.o(i.HAL_ADCEx_InjectedConvCpltCallback)
    HAL_ADCEx_InjectedQueueOverflowCallback  0x08000ec1   Thumb Code     2  stm32l4xx_hal_adc_ex.o(i.HAL_ADCEx_InjectedQueueOverflowCallback)
    HAL_ADCEx_LevelOutOfWindow2Callback      0x08000ec3   Thumb Code     2  stm32l4xx_hal_adc_ex.o(i.HAL_ADCEx_LevelOutOfWindow2Callback)
    HAL_ADCEx_LevelOutOfWindow3Callback      0x08000ec5   Thumb Code     2  stm32l4xx_hal_adc_ex.o(i.HAL_ADCEx_LevelOutOfWindow3Callback)
    HAL_ADC_AnalogWDGConfig                  0x08000ec9   Thumb Code   380  stm32l4xx_hal_adc.o(i.HAL_ADC_AnalogWDGConfig)
    HAL_ADC_ConfigChannel                    0x08001049   Thumb Code  1124  stm32l4xx_hal_adc.o(i.HAL_ADC_ConfigChannel)
    HAL_ADC_ConvCpltCallback                 0x080014cf   Thumb Code     2  main.o(i.HAL_ADC_ConvCpltCallback)
    HAL_ADC_ConvHalfCpltCallback             0x080014d1   Thumb Code     2  stm32l4xx_hal_adc.o(i.HAL_ADC_ConvHalfCpltCallback)
    HAL_ADC_DeInit                           0x080014d5   Thumb Code   456  stm32l4xx_hal_adc.o(i.HAL_ADC_DeInit)
    HAL_ADC_ErrorCallback                    0x080016b5   Thumb Code     2  stm32l4xx_hal_adc.o(i.HAL_ADC_ErrorCallback)
    HAL_ADC_IRQHandler                       0x080016b9   Thumb Code   672  stm32l4xx_hal_adc.o(i.HAL_ADC_IRQHandler)
    HAL_ADC_Init                             0x08001969   Thumb Code   540  stm32l4xx_hal_adc.o(i.HAL_ADC_Init)
    HAL_ADC_LevelOutOfWindowCallback         0x08001b9d   Thumb Code     8  main.o(i.HAL_ADC_LevelOutOfWindowCallback)
    HAL_ADC_MspDeInit                        0x08001ba9   Thumb Code    28  stm32l4xx_hal_msp.o(i.HAL_ADC_MspDeInit)
    HAL_ADC_MspInit                          0x08001bc9   Thumb Code   158  stm32l4xx_hal_msp.o(i.HAL_ADC_MspInit)
    HAL_ADC_Start_DMA                        0x08001c75   Thumb Code   244  stm32l4xx_hal_adc.o(i.HAL_ADC_Start_DMA)
    HAL_DMA_DeInit                           0x08001d81   Thumb Code   128  stm32l4xx_hal_dma.o(i.HAL_DMA_DeInit)
    HAL_DMA_IRQHandler                       0x08001e0d   Thumb Code   168  stm32l4xx_hal_dma.o(i.HAL_DMA_IRQHandler)
    HAL_DMA_Init                             0x08001eb5   Thumb Code   178  stm32l4xx_hal_dma.o(i.HAL_DMA_Init)
    HAL_DMA_Start_IT                         0x08001f75   Thumb Code   112  stm32l4xx_hal_dma.o(i.HAL_DMA_Start_IT)
    HAL_Delay                                0x08001fe5   Thumb Code    28  stm32l4xx_hal.o(i.HAL_Delay)
    HAL_GPIO_EXTI_Callback                   0x08002001   Thumb Code    38  main.o(i.HAL_GPIO_EXTI_Callback)
    HAL_GPIO_EXTI_IRQHandler                 0x08002031   Thumb Code    18  stm32l4xx_hal_gpio.o(i.HAL_GPIO_EXTI_IRQHandler)
    HAL_GPIO_Init                            0x08002049   Thumb Code   414  stm32l4xx_hal_gpio.o(i.HAL_GPIO_Init)
    HAL_GPIO_TogglePin                       0x08002213   Thumb Code     8  stm32l4xx_hal_gpio.o(i.HAL_GPIO_TogglePin)
    HAL_GPIO_WritePin                        0x0800221b   Thumb Code    10  stm32l4xx_hal_gpio.o(i.HAL_GPIO_WritePin)
    HAL_GetTick                              0x08002225   Thumb Code     6  stm32l4xx_hal.o(i.HAL_GetTick)
    HAL_IncTick                              0x08002231   Thumb Code    10  stm32l4xx_hal.o(i.HAL_IncTick)
    HAL_Init                                 0x08002241   Thumb Code    22  stm32l4xx_hal.o(i.HAL_Init)
    HAL_InitTick                             0x08002259   Thumb Code    34  stm32l4xx_hal.o(i.HAL_InitTick)
    HAL_LCD_Clear                            0x08002281   Thumb Code   128  stm32l4xx_hal_lcd.o(i.HAL_LCD_Clear)
    HAL_LCD_Init                             0x08002301   Thumb Code   248  stm32l4xx_hal_lcd.o(i.HAL_LCD_Init)
    HAL_LCD_MspInit                          0x080023fd   Thumb Code     2  stm32l4xx_hal_lcd.o(i.HAL_LCD_MspInit)
    HAL_LCD_UpdateDisplayRequest             0x080023ff   Thumb Code    84  stm32l4xx_hal_lcd.o(i.HAL_LCD_UpdateDisplayRequest)
    HAL_LCD_Write                            0x08002455   Thumb Code   136  stm32l4xx_hal_lcd.o(i.HAL_LCD_Write)
    HAL_MspInit                              0x080024dd   Thumb Code     2  stm32l4xx_hal_msp.o(i.HAL_MspInit)
    HAL_NVIC_EnableIRQ                       0x080024df   Thumb Code    22  stm32l4xx_hal_cortex.o(i.HAL_NVIC_EnableIRQ)
    HAL_NVIC_SetPriority                     0x080024f5   Thumb Code    60  stm32l4xx_hal_cortex.o(i.HAL_NVIC_SetPriority)
    HAL_NVIC_SetPriorityGrouping             0x08002535   Thumb Code    26  stm32l4xx_hal_cortex.o(i.HAL_NVIC_SetPriorityGrouping)
    HAL_PWREx_ControlVoltageScaling          0x08002559   Thumb Code    86  stm32l4xx_hal_pwr_ex.o(i.HAL_PWREx_ControlVoltageScaling)
    HAL_PWREx_GetVoltageRange                0x080025bd   Thumb Code    10  stm32l4xx_hal_pwr_ex.o(i.HAL_PWREx_GetVoltageRange)
    HAL_RCCEx_PeriphCLKConfig                0x080025cd   Thumb Code   928  stm32l4xx_hal_rcc_ex.o(i.HAL_RCCEx_PeriphCLKConfig)
    HAL_RCC_ClockConfig                      0x0800297d   Thumb Code   368  stm32l4xx_hal_rcc.o(i.HAL_RCC_ClockConfig)
    HAL_RCC_GetSysClockFreq                  0x08002afd   Thumb Code   238  stm32l4xx_hal_rcc.o(i.HAL_RCC_GetSysClockFreq)
    HAL_RCC_OscConfig                        0x08002bf9   Thumb Code  1152  stm32l4xx_hal_rcc.o(i.HAL_RCC_OscConfig)
    HAL_SYSTICK_Config                       0x08003079   Thumb Code    40  stm32l4xx_hal_cortex.o(i.HAL_SYSTICK_Config)
    HAL_TIMEx_BreakCallback                  0x080030a1   Thumb Code     2  stm32l4xx_hal_tim_ex.o(i.HAL_TIMEx_BreakCallback)
    HAL_TIMEx_CommutationCallback            0x080030a3   Thumb Code     2  stm32l4xx_hal_tim_ex.o(i.HAL_TIMEx_CommutationCallback)
    HAL_TIM_IC_CaptureCallback               0x080030a5   Thumb Code     2  stm32l4xx_hal_tim.o(i.HAL_TIM_IC_CaptureCallback)
    HAL_TIM_IRQHandler                       0x080030a7   Thumb Code   358  stm32l4xx_hal_tim.o(i.HAL_TIM_IRQHandler)
    HAL_TIM_OC_ConfigChannel                 0x0800320d   Thumb Code   114  stm32l4xx_hal_tim.o(i.HAL_TIM_OC_ConfigChannel)
    HAL_TIM_OC_DelayElapsedCallback          0x08003281   Thumb Code    22  main.o(i.HAL_TIM_OC_DelayElapsedCallback)
    HAL_TIM_OC_Init                          0x080032a1   Thumb Code    54  stm32l4xx_hal_tim.o(i.HAL_TIM_OC_Init)
    HAL_TIM_OC_MspInit                       0x080032d9   Thumb Code    40  stm32l4xx_hal_msp.o(i.HAL_TIM_OC_MspInit)
    HAL_TIM_OC_Start_IT                      0x08003305   Thumb Code   116  stm32l4xx_hal_tim.o(i.HAL_TIM_OC_Start_IT)
    HAL_TIM_PWM_ConfigChannel                0x0800338d   Thumb Code   296  stm32l4xx_hal_tim.o(i.HAL_TIM_PWM_ConfigChannel)
    HAL_TIM_PWM_Init                         0x080034b5   Thumb Code    54  stm32l4xx_hal_tim.o(i.HAL_TIM_PWM_Init)
    HAL_TIM_PWM_MspInit                      0x080034ed   Thumb Code    68  stm32l4xx_hal_msp.o(i.HAL_TIM_PWM_MspInit)
    HAL_TIM_PWM_PulseFinishedCallback        0x08003539   Thumb Code     8  main.o(i.HAL_TIM_PWM_PulseFinishedCallback)
    HAL_TIM_PWM_Start                        0x08003541   Thumb Code    66  stm32l4xx_hal_tim.o(i.HAL_TIM_PWM_Start)
    HAL_TIM_PeriodElapsedCallback            0x08003599   Thumb Code     2  stm32l4xx_hal_tim.o(i.HAL_TIM_PeriodElapsedCallback)
    HAL_TIM_TriggerCallback                  0x0800359b   Thumb Code     2  stm32l4xx_hal_tim.o(i.HAL_TIM_TriggerCallback)
    HardFault_Handler                        0x0800359d   Thumb Code     2  stm32l4xx_it.o(i.HardFault_Handler)
    LCD_WaitForSynchro                       0x080036a9   Thumb Code    48  stm32l4xx_hal_lcd.o(i.LCD_WaitForSynchro)
    MemManage_Handler                        0x080036d9   Thumb Code     2  stm32l4xx_it.o(i.MemManage_Handler)
    NMI_Handler                              0x080036db   Thumb Code     2  stm32l4xx_it.o(i.NMI_Handler)
    PendSV_Handler                           0x080036fd   Thumb Code     2  stm32l4xx_it.o(i.PendSV_Handler)
    SVC_Handler                              0x08003a21   Thumb Code     2  stm32l4xx_it.o(i.SVC_Handler)
    Set_Duty                                 0x08003a25   Thumb Code    62  main.o(i.Set_Duty)
    SysTick_Handler                          0x08003a79   Thumb Code     4  stm32l4xx_it.o(i.SysTick_Handler)
    SystemInit                               0x08003b09   Thumb Code    56  system_stm32l4xx.o(i.SystemInit)
    TIM3_Config                              0x08003b4d   Thumb Code    42  main.o(i.TIM3_Config)
    TIM3_IRQHandler                          0x08003b89   Thumb Code     6  stm32l4xx_it.o(i.TIM3_IRQHandler)
    TIM3_OC_Config                           0x08003b95   Thumb Code    48  main.o(i.TIM3_OC_Config)
    TIM4_IRQHandler                          0x08003bcd   Thumb Code     6  stm32l4xx_it.o(i.TIM4_IRQHandler)
    TIM4_PWM_Config                          0x08003bd9   Thumb Code   100  main.o(i.TIM4_PWM_Config)
    TIM_Base_SetConfig                       0x08003c51   Thumb Code   152  stm32l4xx_hal_tim.o(i.TIM_Base_SetConfig)
    TIM_CCxChannelCmd                        0x08003d09   Thumb Code    22  stm32l4xx_hal_tim.o(i.TIM_CCxChannelCmd)
    TIM_OC2_SetConfig                        0x08003dbd   Thumb Code   120  stm32l4xx_hal_tim.o(i.TIM_OC2_SetConfig)
    UsageFault_Handler                       0x08004031   Thumb Code     2  stm32l4xx_it.o(i.UsageFault_Handler)
    __0sprintf                               0x08004495   Thumb Code    34  printfa.o(i.__0sprintf)
    __1sprintf                               0x08004495   Thumb Code     0  printfa.o(i.__0sprintf)
    __2sprintf                               0x08004495   Thumb Code     0  printfa.o(i.__0sprintf)
    __c89sprintf                             0x08004495   Thumb Code     0  printfa.o(i.__0sprintf)
    sprintf                                  0x08004495   Thumb Code     0  printfa.o(i.__0sprintf)
    __scatterload_copy                       0x080044bd   Thumb Code    14  handlers.o(i.__scatterload_copy)
    __scatterload_null                       0x080044cb   Thumb Code     2  handlers.o(i.__scatterload_null)
    __scatterload_zeroinit                   0x080044cd   Thumb Code    14  handlers.o(i.__scatterload_zeroinit)
    displaySetPoint                          0x08004da9   Thumb Code    36  main.o(i.displaySetPoint)
    displayTempString                        0x08004dd9   Thumb Code    40  main.o(i.displayTempString)
    main                                     0x08004e0d   Thumb Code   422  main.o(i.main)
    CapLetterMap                             0x08004fdc   Data          52  stm32l476g_discovery_glass_lcd.o(.constdata)
    NumberMap                                0x08005010   Data          20  stm32l476g_discovery_glass_lcd.o(.constdata)
    LED_PIN                                  0x08005024   Data           4  stm32l476g_discovery.o(.constdata)
    JOY_IRQn                                 0x08005028   Data           5  stm32l476g_discovery.o(.constdata)
    JOY_PIN                                  0x0800502e   Data          10  stm32l476g_discovery.o(.constdata)
    AHBPrescTable                            0x08005038   Data          16  system_stm32l4xx.o(.constdata)
    MSIRangeTable                            0x08005048   Data          48  system_stm32l4xx.o(.constdata)
    Region$$Table$$Base                      0x08005078   Number         0  anon$$obj.o(Region$$Table)
    Region$$Table$$Limit                     0x08005098   Number         0  anon$$obj.o(Region$$Table)
    FanState                                 0x20000000   Data           1  main.o(.data)
    tempAboveSetPoint                        0x20000002   Data           2  main.o(.data)
    belowGood                                0x20000004   Data           2  main.o(.data)
    PULSE1_VALUE                             0x20000006   Data           2  main.o(.data)
    TIM3_Prescaler                           0x20000008   Data           2  main.o(.data)
    TIM3_CCR                                 0x2000000a   Data           2  main.o(.data)
    TIM4_Prescaler                           0x2000000c   Data           2  main.o(.data)
    sel_pressed                              0x2000000e   Data           2  main.o(.data)
    up_pressed                               0x20000010   Data           2  main.o(.data)
    down_pressed                             0x20000012   Data           2  main.o(.data)
    ADC1ConvertedValue                       0x20000014   Data           4  main.o(.data)
    temperatureString                        0x20000018   Data           6  main.o(.data)
    lcd_buffer                               0x2000001e   Data           6  main.o(.data)
    Diffrence                                0x20000028   Data           8  main.o(.data)
    setPoint                                 0x20000030   Data           8  main.o(.data)
    measuredTemp                             0x20000038   Data           8  main.o(.data)
    LED_PORT                                 0x20000040   Data           8  stm32l476g_discovery.o(.data)
    JOY_PORT                                 0x20000048   Data          20  stm32l476g_discovery.o(.data)
    uwTick                                   0x2000005c   Data           4  stm32l4xx_hal.o(.data)
    SystemCoreClock                          0x20000060   Data           4  system_stm32l4xx.o(.data)
    Adc_Handle                               0x20000064   Data         104  main.o(.bss)
    Adc_Channel                              0x200000cc   Data          24  main.o(.bss)
    Adc_Watchdog                             0x200000e4   Data          24  main.o(.bss)
    Tim3_Handle                              0x200000fc   Data          60  main.o(.bss)
    Tim4_Handle                              0x20000138   Data          60  main.o(.bss)
    Tim3_OCInitStructure                     0x20000174   Data          28  main.o(.bss)
    PWMConfig                                0x20000190   Data          28  main.o(.bss)
    LCDHandle                                0x200001f4   Data          60  stm32l476g_discovery_glass_lcd.o(.bss)
    Digit                                    0x20000230   Data          16  stm32l476g_discovery_glass_lcd.o(.bss)
    __initial_sp                             0x20000640   Data           0  startup_stm32l476xx.o(STACK)



==============================================================================

Memory Map of the image

  Image Entry point : 0x0800019d

  Load Region LR_1 (Base: 0x08000000, Size: 0x000050fc, Max: 0xffffffff, ABSOLUTE)

    Execution Region ER_RO (Base: 0x08000000, Size: 0x00005098, Max: 0xffffffff, ABSOLUTE)

    Base Addr    Size         Type   Attr      Idx    E Section Name        Object

    0x08000000   0x00000188   Data   RO         3194    RESET               startup_stm32l476xx.o
    0x08000188   0x00000000   Code   RO         3237  * .ARM.Collect$$$$00000000  mc_w.l(entry.o)
    0x08000188   0x00000004   Code   RO         3517    .ARM.Collect$$$$00000001  mc_w.l(entry2.o)
    0x0800018c   0x00000004   Code   RO         3520    .ARM.Collect$$$$00000004  mc_w.l(entry5.o)
    0x08000190   0x00000000   Code   RO         3522    .ARM.Collect$$$$00000008  mc_w.l(entry7b.o)
    0x08000190   0x00000000   Code   RO         3524    .ARM.Collect$$$$0000000A  mc_w.l(entry8b.o)
    0x08000190   0x00000008   Code   RO         3525    .ARM.Collect$$$$0000000B  mc_w.l(entry9a.o)
    0x08000198   0x00000000   Code   RO         3527    .ARM.Collect$$$$0000000D  mc_w.l(entry10a.o)
    0x08000198   0x00000000   Code   RO         3529    .ARM.Collect$$$$0000000F  mc_w.l(entry11a.o)
    0x08000198   0x00000004   Code   RO         3518    .ARM.Collect$$$$00002712  mc_w.l(entry2.o)
    0x0800019c   0x00000024   Code   RO         3195  * .text               startup_stm32l476xx.o
    0x080001c0   0x00000024   Code   RO         3240    .text               mc_w.l(memseta.o)
    0x080001e4   0x0000015e   Code   RO         3503    .text               mf_w.l(dadd.o)
    0x08000342   0x000000ea   Code   RO         3505    .text               mf_w.l(dmul.o)
    0x0800042c   0x000000de   Code   RO         3507    .text               mf_w.l(ddiv.o)
    0x0800050a   0x0000001a   Code   RO         3509    .text               mf_w.l(dfltui.o)
    0x08000524   0x00000032   Code   RO         3511    .text               mf_w.l(dfixui.o)
    0x08000556   0x00000002   PAD
    0x08000558   0x00000030   Code   RO         3513    .text               mf_w.l(cdcmple.o)
    0x08000588   0x00000030   Code   RO         3515    .text               mf_w.l(cdrcmple.o)
    0x080005b8   0x0000002c   Code   RO         3534    .text               mc_w.l(uidiv.o)
    0x080005e4   0x00000068   Code   RO         3536    .text               mc_w.l(uldiv.o)
    0x0800064c   0x0000001e   Code   RO         3538    .text               mc_w.l(llshl.o)
    0x0800066a   0x00000020   Code   RO         3540    .text               mc_w.l(llushr.o)
    0x0800068a   0x00000024   Code   RO         3542    .text               mc_w.l(llsshr.o)
    0x080006ae   0x00000000   Code   RO         3544    .text               mc_w.l(iusefp.o)
    0x080006ae   0x000000ba   Code   RO         3545    .text               mf_w.l(depilogue.o)
    0x08000768   0x00000030   Code   RO         3547    .text               mf_w.l(dfixul.o)
    0x08000798   0x00000024   Code   RO         3549    .text               mc_w.l(init.o)
    0x080007bc   0x0000000c   Code   RO          299    i.ADC1_2_IRQHandler  stm32l4xx_it.o
    0x080007c8   0x000000fc   Code   RO            4    i.ADC_Config        main.o
    0x080008c4   0x000000bc   Code   RO         2725    i.ADC_ConversionStop  stm32l4xx_hal_adc.o
    0x08000980   0x00000058   Code   RO         2726    i.ADC_DMAConvCplt   stm32l4xx_hal_adc.o
    0x080009d8   0x0000001a   Code   RO         2727    i.ADC_DMAError      stm32l4xx_hal_adc.o
    0x080009f2   0x0000000a   Code   RO         2728    i.ADC_DMAHalfConvCplt  stm32l4xx_hal_adc.o
    0x080009fc   0x00000062   Code   RO         2729    i.ADC_Disable       stm32l4xx_hal_adc.o
    0x08000a5e   0x00000002   PAD
    0x08000a60   0x00000068   Code   RO         2730    i.ADC_Enable        stm32l4xx_hal_adc.o
    0x08000ac8   0x00000020   Code   RO            5    i.ADCtoDegC         main.o
    0x08000ae8   0x000000b6   Code   RO          546    i.BSP_JOY_Init      stm32l476g_discovery.o
    0x08000b9e   0x00000002   PAD
    0x08000ba0   0x0000000c   Code   RO          431    i.BSP_LCD_GLASS_Clear  stm32l476g_discovery_glass_lcd.o
    0x08000bac   0x00000030   Code   RO          438    i.BSP_LCD_GLASS_DisplayString  stm32l476g_discovery_glass_lcd.o
    0x08000bdc   0x0000004c   Code   RO          439    i.BSP_LCD_GLASS_Init  stm32l476g_discovery_glass_lcd.o
    0x08000c28   0x00000070   Code   RO          548    i.BSP_LED_Init      stm32l476g_discovery.o
    0x08000c98   0x0000001c   Code   RO          550    i.BSP_LED_On        stm32l476g_discovery.o
    0x08000cb4   0x00000018   Code   RO          551    i.BSP_LED_Toggle    stm32l476g_discovery.o
    0x08000ccc   0x00000002   Code   RO          300    i.BusFault_Handler  stm32l4xx_it.o
    0x08000cce   0x00000002   PAD
    0x08000cd0   0x00000108   Code   RO          441    i.Convert           stm32l476g_discovery_glass_lcd.o
    0x08000dd8   0x0000000c   Code   RO          301    i.DMA1_Channel1_IRQHandler  stm32l4xx_it.o
    0x08000de4   0x0000002a   Code   RO         2594    i.DMA_SetConfig     stm32l4xx_hal_dma.o
    0x08000e0e   0x00000002   Code   RO          302    i.DebugMon_Handler  stm32l4xx_it.o
    0x08000e10   0x00000006   Code   RO          303    i.EXTI0_IRQHandler  stm32l4xx_it.o
    0x08000e16   0x00000006   Code   RO          304    i.EXTI1_IRQHandler  stm32l4xx_it.o
    0x08000e1c   0x00000006   Code   RO          305    i.EXTI2_IRQHandler  stm32l4xx_it.o
    0x08000e22   0x00000006   Code   RO          306    i.EXTI3_IRQHandler  stm32l4xx_it.o
    0x08000e28   0x00000006   Code   RO          307    i.EXTI9_5_IRQHandler  stm32l4xx_it.o
    0x08000e2e   0x00000008   Code   RO            6    i.Error_Handler     main.o
    0x08000e36   0x00000086   Code   RO         2913    i.HAL_ADCEx_Calibration_Start  stm32l4xx_hal_adc_ex.o
    0x08000ebc   0x00000002   Code   RO         2917    i.HAL_ADCEx_EndOfSamplingCallback  stm32l4xx_hal_adc_ex.o
    0x08000ebe   0x00000002   Code   RO         2920    i.HAL_ADCEx_InjectedConvCpltCallback  stm32l4xx_hal_adc_ex.o
    0x08000ec0   0x00000002   Code   RO         2923    i.HAL_ADCEx_InjectedQueueOverflowCallback  stm32l4xx_hal_adc_ex.o
    0x08000ec2   0x00000002   Code   RO         2928    i.HAL_ADCEx_LevelOutOfWindow2Callback  stm32l4xx_hal_adc_ex.o
    0x08000ec4   0x00000002   Code   RO         2929    i.HAL_ADCEx_LevelOutOfWindow3Callback  stm32l4xx_hal_adc_ex.o
    0x08000ec6   0x00000002   PAD
    0x08000ec8   0x00000180   Code   RO         2731    i.HAL_ADC_AnalogWDGConfig  stm32l4xx_hal_adc.o
    0x08001048   0x00000486   Code   RO         2732    i.HAL_ADC_ConfigChannel  stm32l4xx_hal_adc.o
    0x080014ce   0x00000002   Code   RO            7    i.HAL_ADC_ConvCpltCallback  main.o
    0x080014d0   0x00000002   Code   RO         2734    i.HAL_ADC_ConvHalfCpltCallback  stm32l4xx_hal_adc.o
    0x080014d2   0x00000002   PAD
    0x080014d4   0x000001e0   Code   RO         2735    i.HAL_ADC_DeInit    stm32l4xx_hal_adc.o
    0x080016b4   0x00000002   Code   RO         2736    i.HAL_ADC_ErrorCallback  stm32l4xx_hal_adc.o
    0x080016b6   0x00000002   PAD
    0x080016b8   0x000002b0   Code   RO         2740    i.HAL_ADC_IRQHandler  stm32l4xx_hal_adc.o
    0x08001968   0x00000234   Code   RO         2741    i.HAL_ADC_Init      stm32l4xx_hal_adc.o
    0x08001b9c   0x0000000c   Code   RO            8    i.HAL_ADC_LevelOutOfWindowCallback  main.o
    0x08001ba8   0x00000020   Code   RO          226    i.HAL_ADC_MspDeInit  stm32l4xx_hal_msp.o
    0x08001bc8   0x000000ac   Code   RO          227    i.HAL_ADC_MspInit   stm32l4xx_hal_msp.o
    0x08001c74   0x0000010c   Code   RO         2748    i.HAL_ADC_Start_DMA  stm32l4xx_hal_adc.o
    0x08001d80   0x0000008c   Code   RO         2597    i.HAL_DMA_DeInit    stm32l4xx_hal_dma.o
    0x08001e0c   0x000000a8   Code   RO         2600    i.HAL_DMA_IRQHandler  stm32l4xx_hal_dma.o
    0x08001eb4   0x000000c0   Code   RO         2601    i.HAL_DMA_Init      stm32l4xx_hal_dma.o
    0x08001f74   0x00000070   Code   RO         2605    i.HAL_DMA_Start_IT  stm32l4xx_hal_dma.o
    0x08001fe4   0x0000001c   Code   RO          632    i.HAL_Delay         stm32l4xx_hal.o
    0x08002000   0x00000030   Code   RO            9    i.HAL_GPIO_EXTI_Callback  main.o
    0x08002030   0x00000018   Code   RO          963    i.HAL_GPIO_EXTI_IRQHandler  stm32l4xx_hal_gpio.o
    0x08002048   0x000001ca   Code   RO          964    i.HAL_GPIO_Init     stm32l4xx_hal_gpio.o
    0x08002212   0x00000008   Code   RO          967    i.HAL_GPIO_TogglePin  stm32l4xx_hal_gpio.o
    0x0800221a   0x0000000a   Code   RO          968    i.HAL_GPIO_WritePin  stm32l4xx_hal_gpio.o
    0x08002224   0x0000000c   Code   RO          636    i.HAL_GetTick       stm32l4xx_hal.o
    0x08002230   0x00000010   Code   RO          640    i.HAL_IncTick       stm32l4xx_hal.o
    0x08002240   0x00000016   Code   RO          641    i.HAL_Init          stm32l4xx_hal.o
    0x08002256   0x00000002   PAD
    0x08002258   0x00000028   Code   RO          642    i.HAL_InitTick      stm32l4xx_hal.o
    0x08002280   0x00000080   Code   RO         1027    i.HAL_LCD_Clear     stm32l4xx_hal_lcd.o
    0x08002300   0x000000fc   Code   RO         1031    i.HAL_LCD_Init      stm32l4xx_hal_lcd.o
    0x080023fc   0x00000002   Code   RO         1033    i.HAL_LCD_MspInit   stm32l4xx_hal_lcd.o
    0x080023fe   0x00000054   Code   RO         1034    i.HAL_LCD_UpdateDisplayRequest  stm32l4xx_hal_lcd.o
    0x08002452   0x00000002   PAD
    0x08002454   0x00000088   Code   RO         1035    i.HAL_LCD_Write     stm32l4xx_hal_lcd.o
    0x080024dc   0x00000002   Code   RO          229    i.HAL_MspInit       stm32l4xx_hal_msp.o
    0x080024de   0x00000016   Code   RO          841    i.HAL_NVIC_EnableIRQ  stm32l4xx_hal_cortex.o
    0x080024f4   0x00000040   Code   RO          847    i.HAL_NVIC_SetPriority  stm32l4xx_hal_cortex.o
    0x08002534   0x00000024   Code   RO          848    i.HAL_NVIC_SetPriorityGrouping  stm32l4xx_hal_cortex.o
    0x08002558   0x00000064   Code   RO         1220    i.HAL_PWREx_ControlVoltageScaling  stm32l4xx_hal_pwr_ex.o
    0x080025bc   0x00000010   Code   RO         1251    i.HAL_PWREx_GetVoltageRange  stm32l4xx_hal_pwr_ex.o
    0x080025cc   0x000003ae   Code   RO         1581    i.HAL_RCCEx_PeriphCLKConfig  stm32l4xx_hal_rcc_ex.o
    0x0800297a   0x00000002   PAD
    0x0800297c   0x00000180   Code   RO         1466    i.HAL_RCC_ClockConfig  stm32l4xx_hal_rcc.o
    0x08002afc   0x000000fc   Code   RO         1474    i.HAL_RCC_GetSysClockFreq  stm32l4xx_hal_rcc.o
    0x08002bf8   0x00000480   Code   RO         1477    i.HAL_RCC_OscConfig  stm32l4xx_hal_rcc.o
    0x08003078   0x00000028   Code   RO          852    i.HAL_SYSTICK_Config  stm32l4xx_hal_cortex.o
    0x080030a0   0x00000002   Code   RO         2343    i.HAL_TIMEx_BreakCallback  stm32l4xx_hal_tim_ex.o
    0x080030a2   0x00000002   Code   RO         2344    i.HAL_TIMEx_CommutationCallback  stm32l4xx_hal_tim_ex.o
    0x080030a4   0x00000002   Code   RO         1733    i.HAL_TIM_IC_CaptureCallback  stm32l4xx_hal_tim.o
    0x080030a6   0x00000166   Code   RO         1746    i.HAL_TIM_IRQHandler  stm32l4xx_hal_tim.o
    0x0800320c   0x00000072   Code   RO         1747    i.HAL_TIM_OC_ConfigChannel  stm32l4xx_hal_tim.o
    0x0800327e   0x00000002   PAD
    0x08003280   0x00000020   Code   RO           10    i.HAL_TIM_OC_DelayElapsedCallback  main.o
    0x080032a0   0x00000036   Code   RO         1751    i.HAL_TIM_OC_Init   stm32l4xx_hal_tim.o
    0x080032d6   0x00000002   PAD
    0x080032d8   0x0000002c   Code   RO          233    i.HAL_TIM_OC_MspInit  stm32l4xx_hal_msp.o
    0x08003304   0x00000088   Code   RO         1756    i.HAL_TIM_OC_Start_IT  stm32l4xx_hal_tim.o
    0x0800338c   0x00000128   Code   RO         1770    i.HAL_TIM_PWM_ConfigChannel  stm32l4xx_hal_tim.o
    0x080034b4   0x00000036   Code   RO         1773    i.HAL_TIM_PWM_Init  stm32l4xx_hal_tim.o
    0x080034ea   0x00000002   PAD
    0x080034ec   0x0000004c   Code   RO          234    i.HAL_TIM_PWM_MspInit  stm32l4xx_hal_msp.o
    0x08003538   0x00000008   Code   RO           11    i.HAL_TIM_PWM_PulseFinishedCallback  main.o
    0x08003540   0x00000058   Code   RO         1777    i.HAL_TIM_PWM_Start  stm32l4xx_hal_tim.o
    0x08003598   0x00000002   Code   RO         1783    i.HAL_TIM_PeriodElapsedCallback  stm32l4xx_hal_tim.o
    0x0800359a   0x00000002   Code   RO         1787    i.HAL_TIM_TriggerCallback  stm32l4xx_hal_tim.o
    0x0800359c   0x00000002   Code   RO          308    i.HardFault_Handler  stm32l4xx_it.o
    0x0800359e   0x00000002   PAD
    0x080035a0   0x00000108   Code   RO          443    i.LCD_MspInit       stm32l476g_discovery_glass_lcd.o
    0x080036a8   0x00000030   Code   RO         1036    i.LCD_WaitForSynchro  stm32l4xx_hal_lcd.o
    0x080036d8   0x00000002   Code   RO          309    i.MemManage_Handler  stm32l4xx_it.o
    0x080036da   0x00000002   Code   RO          310    i.NMI_Handler       stm32l4xx_it.o
    0x080036dc   0x00000020   Code   RO          854    i.NVIC_SetPriority  stm32l4xx_hal_cortex.o
    0x080036fc   0x00000002   Code   RO          311    i.PendSV_Handler    stm32l4xx_it.o
    0x080036fe   0x00000002   PAD
    0x08003700   0x00000168   Code   RO         1584    i.RCCEx_PLLSAI1_Config  stm32l4xx_hal_rcc_ex.o
    0x08003868   0x0000013c   Code   RO         1585    i.RCCEx_PLLSAI2_Config  stm32l4xx_hal_rcc_ex.o
    0x080039a4   0x0000007c   Code   RO         1478    i.RCC_SetFlashLatencyFromMSIRange  stm32l4xx_hal_rcc.o
    0x08003a20   0x00000002   Code   RO          312    i.SVC_Handler       stm32l4xx_it.o
    0x08003a22   0x00000002   PAD
    0x08003a24   0x00000054   Code   RO           12    i.Set_Duty          main.o
    0x08003a78   0x00000004   Code   RO          313    i.SysTick_Handler   stm32l4xx_it.o
    0x08003a7c   0x0000008c   Code   RO           13    i.SystemClock_Config  main.o
    0x08003b08   0x00000044   Code   RO         3203    i.SystemInit        system_stm32l4xx.o
    0x08003b4c   0x0000003c   Code   RO           14    i.TIM3_Config       main.o
    0x08003b88   0x0000000c   Code   RO          314    i.TIM3_IRQHandler   stm32l4xx_it.o
    0x08003b94   0x00000038   Code   RO           15    i.TIM3_OC_Config    main.o
    0x08003bcc   0x0000000c   Code   RO          315    i.TIM4_IRQHandler   stm32l4xx_it.o
    0x08003bd8   0x00000078   Code   RO           16    i.TIM4_PWM_Config   main.o
    0x08003c50   0x000000b8   Code   RO         1788    i.TIM_Base_SetConfig  stm32l4xx_hal_tim.o
    0x08003d08   0x00000016   Code   RO         1789    i.TIM_CCxChannelCmd  stm32l4xx_hal_tim.o
    0x08003d1e   0x00000002   PAD
    0x08003d20   0x0000009c   Code   RO         1797    i.TIM_OC1_SetConfig  stm32l4xx_hal_tim.o
    0x08003dbc   0x00000090   Code   RO         1798    i.TIM_OC2_SetConfig  stm32l4xx_hal_tim.o
    0x08003e4c   0x00000090   Code   RO         1799    i.TIM_OC3_SetConfig  stm32l4xx_hal_tim.o
    0x08003edc   0x00000074   Code   RO         1800    i.TIM_OC4_SetConfig  stm32l4xx_hal_tim.o
    0x08003f50   0x00000070   Code   RO         1801    i.TIM_OC5_SetConfig  stm32l4xx_hal_tim.o
    0x08003fc0   0x00000070   Code   RO         1802    i.TIM_OC6_SetConfig  stm32l4xx_hal_tim.o
    0x08004030   0x00000002   Code   RO          316    i.UsageFault_Handler  stm32l4xx_it.o
    0x08004032   0x00000002   PAD
    0x08004034   0x00000460   Code   RO          444    i.WriteChar         stm32l476g_discovery_glass_lcd.o
    0x08004494   0x00000028   Code   RO         3477    i.__0sprintf        mc_w.l(printfa.o)
    0x080044bc   0x0000000e   Code   RO         3555    i.__scatterload_copy  mc_w.l(handlers.o)
    0x080044ca   0x00000002   Code   RO         3556    i.__scatterload_null  mc_w.l(handlers.o)
    0x080044cc   0x0000000e   Code   RO         3557    i.__scatterload_zeroinit  mc_w.l(handlers.o)
    0x080044da   0x00000002   PAD
    0x080044dc   0x0000018a   Code   RO         3482    i._fp_digits        mc_w.l(printfa.o)
    0x08004666   0x00000002   PAD
    0x08004668   0x000006e2   Code   RO         3483    i._printf_core      mc_w.l(printfa.o)
    0x08004d4a   0x00000024   Code   RO         3484    i._printf_post_padding  mc_w.l(printfa.o)
    0x08004d6e   0x0000002e   Code   RO         3485    i._printf_pre_padding  mc_w.l(printfa.o)
    0x08004d9c   0x0000000a   Code   RO         3487    i._sputc            mc_w.l(printfa.o)
    0x08004da6   0x00000002   PAD
    0x08004da8   0x00000030   Code   RO           17    i.displaySetPoint   main.o
    0x08004dd8   0x00000034   Code   RO           18    i.displayTempString  main.o
    0x08004e0c   0x000001d0   Code   RO           19    i.main              main.o
    0x08004fdc   0x00000048   Data   RO          446    .constdata          stm32l476g_discovery_glass_lcd.o
    0x08005024   0x00000014   Data   RO          553    .constdata          stm32l476g_discovery.o
    0x08005038   0x00000040   Data   RO         3204    .constdata          system_stm32l4xx.o
    0x08005078   0x00000020   Data   RO         3553    Region$$Table       anon$$obj.o


    Execution Region ER_RW (Base: 0x20000000, Size: 0x00000064, Max: 0xffffffff, ABSOLUTE)

    Base Addr    Size         Type   Attr      Idx    E Section Name        Object

    0x20000000   0x00000040   Data   RW           21    .data               main.o
    0x20000040   0x0000001c   Data   RW          554    .data               stm32l476g_discovery.o
    0x2000005c   0x00000004   Data   RW          657    .data               stm32l4xx_hal.o
    0x20000060   0x00000004   Data   RW         3206    .data               system_stm32l4xx.o


    Execution Region ER_ZI (Base: 0x20000064, Size: 0x000005dc, Max: 0xffffffff, ABSOLUTE)

    Base Addr    Size         Type   Attr      Idx    E Section Name        Object

    0x20000064   0x00000148   Zero   RW           20    .bss                main.o
    0x200001ac   0x00000048   Zero   RW          235    .bss                stm32l4xx_hal_msp.o
    0x200001f4   0x0000004c   Zero   RW          445    .bss                stm32l476g_discovery_glass_lcd.o
    0x20000240   0x00000400   Zero   RW         3192    STACK               startup_stm32l476xx.o


==============================================================================

Image component sizes


      Code (inc. data)   RO Data    RW Data    ZI Data      Debug   Object Name

      1418        226          0         64        328     888697   main.o
        36          8        392          0       1024        844   startup_stm32l476xx.o
       346         50         20         28          0       4301   stm32l476g_discovery.o
      1784         98         72          0         76       6464   stm32l476g_discovery_glass_lcd.o
       118         18          0          4          0       4391   stm32l4xx_hal.o
      4060        132          0          0          0      14633   stm32l4xx_hal_adc.o
       144          0          0          0          0       4847   stm32l4xx_hal_adc_ex.o
       194         14          0          0          0      30707   stm32l4xx_hal_cortex.o
       654         26          0          0          0       4732   stm32l4xx_hal_dma.o
       500         44          0          0          0       3964   stm32l4xx_hal_gpio.o
       650          4          0          0          0       5505   stm32l4xx_hal_lcd.o
       326         30          0          0         72       3207   stm32l4xx_hal_msp.o
       116         20          0          0          0       1430   stm32l4xx_hal_pwr_ex.o
      1912         62          0          0          0       5802   stm32l4xx_hal_rcc.o
      1618         40          0          0          0       4340   stm32l4xx_hal_rcc_ex.o
      2096        222          0          0          0      15209   stm32l4xx_hal_tim.o
         4          0          0          0          0       1830   stm32l4xx_hal_tim_ex.o
        98         22          0          0          0       7894   stm32l4xx_it.o
        68         12         64          4          0       1293   system_stm32l4xx.o

    ----------------------------------------------------------------------
     16176       1028        580        100       1500    1010090   Object Totals
         0          0         32          0          0          0   (incl. Generated)
        34          0          0          0          0          0   (incl. Padding)

    ----------------------------------------------------------------------

      Code (inc. data)   RO Data    RW Data    ZI Data      Debug   Library Member Name

         0          0          0          0          0          0   entry.o
         0          0          0          0          0          0   entry10a.o
         0          0          0          0          0          0   entry11a.o
         8          4          0          0          0          0   entry2.o
         4          0          0          0          0          0   entry5.o
         0          0          0          0          0          0   entry7b.o
         0          0          0          0          0          0   entry8b.o
         8          4          0          0          0          0   entry9a.o
        30          0          0          0          0          0   handlers.o
        36          8          0          0          0         68   init.o
         0          0          0          0          0          0   iusefp.o
        30          0          0          0          0         68   llshl.o
        36          0          0          0          0         68   llsshr.o
        32          0          0          0          0         68   llushr.o
        36          0          0          0          0        108   memseta.o
      2288         86          0          0          0        520   printfa.o
        44          0          0          0          0         80   uidiv.o
       104          0          0          0          0         92   uldiv.o
        48          0          0          0          0         68   cdcmple.o
        48          0          0          0          0         68   cdrcmple.o
       350          0          0          0          0        148   dadd.o
       222          0          0          0          0        100   ddiv.o
       186          0          0          0          0        176   depilogue.o
        50          0          0          0          0         76   dfixui.o
        48          0          0          0          0         68   dfixul.o
        26          0          0          0          0         76   dfltui.o
       234          0          0          0          0         96   dmul.o

    ----------------------------------------------------------------------
      3876        102          0          0          0       1948   Library Totals
         8          0          0          0          0          0   (incl. Padding)

    ----------------------------------------------------------------------

      Code (inc. data)   RO Data    RW Data    ZI Data      Debug   Library Name

      2656        102          0          0          0       1072   mc_w.l
      1212          0          0          0          0        876   mf_w.l

    ----------------------------------------------------------------------
      3876        102          0          0          0       1948   Library Totals

    ----------------------------------------------------------------------

==============================================================================


      Code (inc. data)   RO Data    RW Data    ZI Data      Debug   

     20052       1130        580        100       1500     999502   Grand Totals
     20052       1130        580        100       1500     999502   ELF Image Totals
     20052       1130        580        100          0          0   ROM Totals

==============================================================================

    Total RO  Size (Code + RO Data)                20632 (  20.15kB)
    Total RW  Size (RW Data + ZI Data)              1600 (   1.56kB)
    Total ROM Size (Code + RO Data + RW Data)      20732 (  20.25kB)

==============================================================================

